"This \"string\" has embedded \"quotation marks\"."
