["nested objects and arrays", {"array":[{"answer":42}, {"x":"y"}], "number":3.14159, "another array":[1, 3, 5, 7, 9]}, {"array":[{"answer":42}, {"x":"y"}], "number":3.14159, "another array":[0, 2, 4, 6, 8]}]
