unexpected input at line 1, column 14 (expected: comma right_curly) (got: string)
