unexpected input at line 4, column 1 (expected: colon) (got: right_curly)
