[true, {"yBIzUqM3E292TIwll5":false, "lKTWIhmZAGAJu":true, "bP4mmZt":6.97962e+07, "FXobVouxRgUk0":null}, true, "RAL5bdayE", {"xkoGjD"kbCWbz8C":"OcUEXHLMz\tOWaWPEgsM6", "RX1
6tA":["\n", [[["\r\t", {"r5kKBF384wccqc	bs":{"W5EtKpu"di":null, "as"VFnkG3yRvyRzHXn":[8.14823e+07, null, null, [true, false, 1.55746e+06, {}, []]], "RIdO2"CqfpG9":false, "gp":true, "Zpge":true, "19C":false, "PKPk	mLhO":{"NwDnxgwJ7vxGGUx":[], "2	NSDvmrEXK
WNQOAB":false, "CFQN":[], "bo0mF"BP":false, "T6iHTETYUWtLWOih":["C", null, {}, 1.01443e+07, [], "v", 4.09668e+07, []], "8KtxIie4XctNmSF":2.35434e+07, "

1c6uKlGh D":6.57713e+07, "hmTpvYoCrxP6uUTLXfDi":[5.88515e+07, null], "K3g5Fr1JMyyFN":null, "csTq0":[true, true, 5.92673e+07, [], 9.88505e+07, "fJ6 SrIjPcrRzpF95ZM"]}}}, [4.30741e+07, null, 4.27384e+07, 9.33967e+07, [null, [null, [{}, "1", false, [], [], "n\"A4iP9", true, {}, null, false], {"unyIDjOnwwRHAg":[], "tSe":true, "Yd":true, "L	kCZb69fm":false, "ORp7WBRWVPilpab":{}, "fpieCFzIUMMQyMWf9qdj":8.2591e+07, "9KJ2":null, "l	YpFB3m4yoCc G8":{}, "moU E	uYgacV":"E\bCq\by", "U8I1zXksN"	86o"f":9.61301e+07}, true, true], ["M1ZyMkqsb\nOB", [], [], "Q\rfL29RnZu\bl9k1", 7.75828e+07], {"5 ghq9SkcPP":null, "N2UhoaU"7v":1.09802e+07, "d8rk":false}], {}, false], "Tc9c\t\fN", true, null, {}], null, [3.42421e+07, 6.469e+07, 6.9379e+07, [6.49185e+07, 7.73981e+07, {}], [7.65832e+07], false, 5.07534e+06, null, ["oSe9fof\"ovQy", {"1ykSYEhxPl"h0Oqq":8.0431e+07, "wfz":false, "4q2Q w64Sj0lFoGg"R":null, "mGHzxUQ5uaYRt96"PjQ":[], " BHeq0XQ5bBZ3":{"MZW4el lv":{"dwliCBI":false, "SMP2QcfJM9rJ":false, "6JS":null}, "yEJQXfj7"FdHHb7xXT":false, "CWzTljKwPS00mx":5.68129e+07, "
N5mF5OLWc7uO":[false, null, {}, "pGccZQsQ\rS\"H", "I\tcnDTZk ", {}], "jGujxZS	j3L":{"K79IthOIV1qQVtA9Wrkv":true, "GxNbvuinsN":"AtJ\nHvvIb8qrum "}}, "h
p":{"jZ":9.13715e+07, "30Zhpn1u"cXTgp6Mqmz":true, "X":false, "E
jbpiy6N2fJtelp":7.79693e+07}}, 3.38564e+07, {"w52mruvYBIbPqKjr
D0":" xEg5H64yY\bmgZeTGh\bL", "Us	0tuE8pKcCp99":6.66514e+06, "VgDkVeDD2Y"vW0eaTIAN":[1.29864e+07, {"ypoUUB 
kXy":"BUHfqjrTgryd8w\"dgx", "VC":null, "DrsNw8Z":null}, true, 6.33707e+07, 1.85634e+07, null], "QgSY":{"6Zy":"Gx\b8as9tm\"bQE", "vRLDLhniMjmtyw276u"":{"M8A6GTNC8F":"JsN\nwQ\"XIG8eRdiTk", "IHOXHwPME":"Ml\"S0\r1 r"}}, "pWd":null, "j6UVyfDvHl":true}, false, {"4STbJJy1ifhfv":4.52293e+07, "EmfpXXW54v":[[false, "A3AxZ0A", [], {}, "hGwHEUMu5mlAt5Y9zIhB"], ["38hZQ6v5C ", 3.3387e+07, "la2gt6", [], {}, {}, [], 9.3835e+07, false, null], null, null, false, 1.40477e+07, "\r2cjS4U\nVR", null, null], "uuWybfOst":null, "KVgN":{"D9A":{"01oNe8eEC6LiT8fP":false, "":"pnPk2", "V1":"mvN8A2MtGQllQvDLxL", "8K5bEBiKN":"R9\"f2Qa\r PlD\ra782W"}, "XbJs gYU7Pabd0l	8N0":"\tI\tjF\t8L0ahQv", "

qb4LvOyOskasdUfRG":null, "1jUEKcxz ":null, "P dqaPYzBTOw":1.63205e+07}}, true, [], null, {"QzMwN8L0"hIHV":{"18 s":true, "SCwb
pFX8A":3.49878e+07, "hRKgl":["JjyfasWxuuDMh\rHyX1Y", {}, {}, "sslUWv", null, "28Vo F3dblTlwGc", 1.98913e+07, 1.01323e+07, [], "8mVZjVGs\bWH5M"]}}], 9.02562e+07], 5.90147e+07, false, ["Ig\fWyNpmc", true, 6.7162e+07], [{"OI":[["\tC7ipoV3\"K\tB\ri\nOdmGt", {"xUTCahGaJ":[], "MDehPHlxOezI":"y5vJK", "h fQQAeh4
a
":[], "T5sYLT7TWZ st QJF":[], "4Nk8":null, "r
yct6":"KP", "k":true}, {"TfPA58E45M":true, "arXvq8Lrk":"a", "TeL":{}, "sQLxYB271TzZ7O":{}, "JaffDOW":6.55128e+07}, false, [[], "MxvZbWqGwfGZ\"BXoS", true, null, [], 2.24968e+07, "sNRxst\n\t0", "Ho\n", {}, true], null], null, "60vNNi0\b", 9.46065e+07, true, 5.3772e+07, 5.45588e+06], "Ki":null, "Jq62	YR5TL8x4y":[], "X2eM3VaZb":null, "Z
	vwa
j9xNejNNSlZeu":1.93172e+07}, 9.55141e+07, true, {"7rh9cK5xrRq":null, "z1zcd1TXKFCKmc3":"iOzsY", "az":[4.17557e+07, [{"nYT1BfqCNM	h6":"yCT6qEavZrdu8aP", "rwNnjK	9UhNzuij47B":true, "tUCxm":"Sfu2Yh6", " knJUU"UeFgr08tO0":3.36516e+06, "6	xM":{}, "tkIP j7
5"V5GiHcc":1.71104e+07, "z1Mvc7fRO4o9XSvGti":true}, [{}, {}, [], [], false, {}, 7.97889e+07], [[], 3.9246e+07, {}]], null, null, false, 3.30188e+06, false, true, false], "M	9m385i0	":4.96598e+07, "Yn0hCYqcngmr1PoJ2h":true, "d9FlHxhFM"MG5":null}], false, true], 6.19951e+07, 1.47431e+07, 9.68221e+07, 1.22569e+06, null, null, false, "mJ ", "AHwKGGfh"], {"UlB5Fk4":null, "ERiL8Qlyi2 ":"\n5w", "MEsJ6eVLCmGT":"u\f\"E \tX9", "Xwa6Zg8"c0Mo9Q":{"v04Zoh "Gl":["80AalSmp", 1.13905e+07, 8.3716e+07, {"y4K":[], "
uR8gSI":{"61BhLWmVNYCTD":{"aYFz8anxZR":null, "	qR23MVvElg":{}, "n":true, "ss3Rv"gP 5fcrZp
7":false, "ZfbBR4OD8tUXOktyi":"VndUEYto0rq8kVzZ", "xDMNfxa":5.64276e+07}, "DViyyQ9sNQJICAPBbyG":2.60271e+07, "3BEu7C6UNk Xr":"IC6z\tTTsdtZubz2nu\b", "GpaWirSZ":[], "O1gzv	zz":2.54777e+06, "U2
uA
hmUVL 5BMXXq":7.56608e+07, "I":8.24374e+07, "I8YGOzaD
fXGp":[null, true], "NAprAuZ":null}, "luLqbhSU	qms":[[[null], null, 1.6155e+07, "\rnw6X9rLx4GNmH", 8.40669e+07, true, ["yq\rvO\bc5gouLFmz8Ld4"], [[], null, false, {}, true, [], "nPC\"ZRt1m", {}], {}, "99SCsBMz4rQTq"], null, false, {"h0PSiu":null, "Bio"iCwY1L":{"PqDsgugTxtd6KqEnn":true, "LWVCh6HMYWwk":[], "MYUarw6wwj":4.29218e+07, "ALPgaexGKkj	BPCe8":"n AtzBxQBW28Zeu", "4MLOllxrd	BzCs":" R\bM"}}, 2.84346e+07, "6YhyIDt", 5.08026e+07, null, ["\"z", {"e5AL9q5h2kL":{}, "	wL":[], "X":[], "	dEsPEitU47a1Kabh":"icRVzf8pig\tJoKg"}, "0gt43cU\bi9AzHfRcb1ZY", "J8\n\tnfFubVABV\nKC\r3e\t"], true], "hv":null, "HfPo4
34jg7iTi69":{" 4 RiteEIIbH0m":[{}, [null, [], 2.48585e+07], null, {"d":"\trp4 Xln\nxe\nvN fL\nPE", "P":null, "9bjCmIh lX7Yw":{}, "olJNN1X04SVyCU":null, "Y1yBxf	LVtq5tYl":1.80091e+07, "YsnEmayEzhL2PjaQ5":null}, true, 8.42035e+07, 3.63609e+07, null], "XMB":null, "T9":false, "Qf9M4Ovv9odHuotsd":3.66246e+07}, "vKyKrJA":{"wedpiQt	O2BOfJCa6":null, "hHsUJnzGxGjVTBK	utK":"1xY9E9qP2", "oCB	tWz83FSS":4.19166e+07}, "vUIPwFyyR3sYq":"\"Xsp\nr2DTB5my\b9l4", "rNypESJO43":[{}, "pSu7UHg", null, "mtW6TwUzLrRl0", false], "EXLo
 awGMY":"KLdI8GiKrhbzAyUR", "TAIbS"2rl":[null]}, 5.42182e+07, null, null, null, {"U4n9Xcu	Jkl4aNFPzbg":null, "6u5hH55ISK":false, "VTqqLe5YVkO5k FX":{"B7":[{""nKtcpD":null, "i":[], "g	w8g0zSFg6s7":[]}, "AfAnE\bG8nVz\tL", {"Pj
9zgjOZ8UPTbid8xu":6.4947e+07, "bAkG":[], "T3OSWCNhFMfa":7.59003e+07, "	5	q":{}}, {"3jHv":6.31269e+07, "CSIBYp91LhGUweK":"BPWPUD4j0h8k", "yWpMcNbEPrXtfkY":null, "x	uFoP D":[], "JXiUw
yjXpFu":"Qh6f3pz", "m6y":{}, ""rkvMlJ
J2dO":null}, 6.61671e+07, 6.26633e+07, null], "TZ":null, "pdjEc":null, "ay":true, "pfoq4tIVmN8z4V":null}}, {"CUI":"MMr7pGGrPr", "ewaxETyT":"\f\" \fvRJLx\f\bt\twAFnir", "buPUrdhb9NeNy":"VTw\nw"}], "532	"VRdPiiivjPr4":4.7816e+07, "d6pAdlNMThOY":null, "poVaO4CLL8q":[[null, null, false, {"9bB20eY":true, "xxfNBuh4":false, ""RtIauu36
KG":{"ZlAZyr":"\rBMg\"iuC\t2n", ""g59HK":null, "gX3cPaCW6l3":"jE2BQAxekBB"}, "2JUBE":1.9837e+07, "7KgnVDfL1 nol":3.79264e+07, "85":false, "
r
SXyfj2Sawh":[], "
Vxu6avz"WVVT8":null, "oDONyZ":[null, null, null, "wH3tW5Q", "vSsiV\tbe6tdK", 5.33617e+07, {"Jlo9g
z":null, ""6Pj"sUkqXM6mIjwze":null, "":[], "rBfDl":[], "DvjTm9Og"WqWh6J2FS":{}, "J":"BRwPZULm", ""OxBAVK740t	M 8cC":null, "b8jun	bppvFoCdAdCxIh":false, "L":{}, "	8H":[]}], "0keNS4DGbnXtOj2c":{"9VCUR2CnxnST":{"	itgP8njj3ancbPy":[], "IOrRwBV":null, "LpB6O":null, "aR"c8s6dIYC
iTwMGN5L":{}, "b4":true, "HWtnwXcLZRQb":5.79835e+07}, "N	GKLiq5qLlbVtVoBg":6.22749e+07, "wFIht":null}}, 5.42183e+07], 6.34931e+07, 1.67991e+07, "X\rBOccX", false], "gOWzfniYX":null, "d0k3dlK5DaYg7O1slw3":[[null, false, 9.03069e+07, null], 4.76155e+07, {"fJD6zOl1pc4E8R"we2U":null, "mTOf7MbFWXYktFIFr7gQ":false, "WSkLRHqOXqk3hPw":true, "JXckX	DX":{"HXSg"gM4Bo W":7.67776e+07, "4s":9.70816e+07, "2PY6VSIt2":true, "1t":6.002e+07, "3CO9":6.91898e+06}}, "\rPLN", "4\nkMf2gTmdIQ", "fE\tT\nU0TB\bR \bN6e3N", "4wX\tK\td "], "2H":[9.23683e+07, ["htt\rJhUI3jBk3BK2", [null, [], 6.34283e+07, [null, {"l1N2UO":[], "7WcpXC":5.41319e+07, "k"Kcdznr9"xMySBnBU":8.88366e+07, "NMiYGXkFjJ":[], "UAyOp9":"xVgL5z 2x\tpZ\f"}], false, "gqj2GuVe B7lh "], {"Ng"xDI	rK83":null, "Q6wCxssG0OF06LPHMM":{}, "2Kqk	":[true, {"exvCDGKNHR
wnd":null}, {}, "pUNMGqCTk", null, "2Dgq\bX4MtJkZwEQV\tQr", {"YECsSAa 6Um":8.77096e+07, "1yOwDca"6":"eHqxL38EeP5\f", "D5bmY":{}, "YHKjZLfLJ
cXdS	U
x":{}, "051":false, "A5dsIPSi0r3Bpop4":[], "OyIXYL
"QNbnTYpr":true, "rmlOqW":true, "bRFEs3K":null, "aSk0EL":"BxnQHR7FRwajs"}, true, 8.07486e+06], "kx1MHN8AG yUXHN":null, "dLd2":null, "d	Rar":false, "FnLl":{"qyoaQdl":{"Lmsf6quUAqCe02cjhA":"6Wy9lb8IS\nwNSCvZJt W"}}, "Di9N":"gH0\bFOp1guO\"Gp1Hk", "2R	":3.16349e+07, "Ly1A3K":["VwMO\fXA\t\bcC\t\rY ", "p", false, true, true, true, false, true, null]}, false, null, 4.60391e+07, 5.00062e+07, true], "4eqIfq3nsy6"], "TJ":"ppXA\t", "Mxn5E5wU":null}, "
yRr":"AV5ymT4V09\fUJ8", "BK8St7V0mS
"QusQ":[7.84104e+07, 5.59985e+07, null, "a"], "Y":"ivkbKeD"}, null, 1.17323e+07, "abV6DWNiw\f\rv8\bzi", "PEHkg2JFW3Yc\tIgI", "lQ\"M\tqpp\r7lE65xTn4", {"6D":[{"kYg2QfdxxeMhU":true, "1r6FeIQhy5B":false, "g":9.0249e+07, "6pQR5qCO	shAC":{"Q PTiVzHXVVmt":false, "kNak":[[{"q5kY4BpxN5":{}, "P	7qxY":"\tovi442 a SYiOOj", "92W EFLMQhgf08":null, "sc7tEuX5P7 cDlKf ":"D", ""9e2Pc":false}, {"zsSzx"L":5.92233e+07, "Nf1M":null, "QoVr O":"pCaC4X5Q\tB XTd", "KK	E":"xenHR x89p", "zLIlFD1nOsClhYb":[], "tivaShX4NNsK":{}}, null], true, null], "
ZoLh	uBS94rGT8C":9.54952e+07, "bbohbycqFT":[false, "MVwql0EzhPYdE", "DUvIF", "ljb4xO\tHd1T09\b9N9E", [[1.86908e+07, [], 5.7695e+07, {}, 6.76505e+07, 2.27287e+07], "2GcTO"], [{}, true, 8.68634e+07, 2.72445e+07, "rd", {"KFu":5.13627e+07, "1plqidJNhldUyS":null, "is06YHGN09":{}, "8SwD":null, "1WD3pv
YMYXO":3.44497e+07}], "kW6M omMd", "QY\"rez", 7.40521e+07], "8k0Rg4iDb DjI":2.39709e+07, "pS3DAYY29lcLSNdL":"QTu5ESp23", "WLZT0mnAQ0rGOKmy":{"OMeIrq":{"4 inMhFHB":{"PR4aVp IE9FC":"3Kg\nsJzsNgYSL4V", "XD rd8ahIA	
Uurx8":null, "LKk Wm84GbJSTx3":9.67769e+07}, "aDvyALa":"TVuS2u\"\tViMsPk", "nux4WOn2guu3tfQnI":2.64938e+07, "w34CTuw":4.76418e+07, "s77xgAD":"kfE\b0cQQM00VGOz3kr", "BuU8F":null, "WRhA9
":["SWl\nQgC1K4tlM\r", "3S66Bz", true, true]}, "gVvMqoXCGSnAxyiXPt":"kayU"}, "	VacULLizQ"kEQ9TFR":"58OYHxw4SY", "1whWrb":"KJG3h5eg2y"}}, 7.21507e+07, null, {"trw zcAKh	fX9uX"p"":null, "A98xS3r
PRT":7.05399e+07, "
Q McyoDjrn2mR40Q":true, "	fW":"J\rZmBJi2e5kYn", "Yc5xr6or"k":true, "Enie pqOsm2YpcZ
wP
I":[null, [[[true, true, {}, null, {}, "yAzeBm10b", 360495, 5.13657e+07], 4.26595e+07, false], false, 5.65011e+07, null, "xp9AlK", "x", 3.75293e+07, "fJvIgXJR4nE\"3", 2.86147e+07], null, [], null, true, null, 5.88339e+07, [2.91607e+07, ["SH\f", true, "fZ9rsfyMv\bll\"LHpHO ", [{}, "\"r03LHB3dQpQ5vN1ru", 6.51807e+07], "yA0NHQeRv", null, null, ["PzblApOV8wnw", null, true, "atE9V\"DXU\beRvyixAOMf"]], false, null, ["RHWu", {}], "OwKO0uImbEBoeT", "0trxbDbEKEgLdTxYD", null, {"vomxwnXnAuo"Sr":6.47002e+07, "Fg
OugmaG1jR":"6xk\biB5OpEFLrvf", "fRxecnIXGq3":[false, {}, 2.00174e+07, [], false, null, "V1g3hd1Yo\bk\"1bDsW", "FF2Vb1JbGXNn1p2"]}], false], "VPe"M":"Ac\n", "7uHxgR
W"xWwCHvzS":null, "AJYEVBvbYVVEMmHp":7.22034e+07}, 3.29335e+07, null], "gaf	JDkt":false, "v15CER":false, "dckz	06rh":"GW3Y7DdqEue\bU", "X8OlL6eW":"Nm\nnhBjecwBqyO63q4", "VCR0 
1":[{}, "u99\bDwGOV"], "NHCOz":1.08903e+07, "MT	K":null}], "gCwK3Vod81":null, "Y75yBLkeQ0ZWr3e":{"6Jocr3h0NrlbiwjfhT99":true, "	
qD7J
":[{}, "cSWw\fQ\bgexo\tlVgWT", 2.59621e+07, "3KvaCh3Zil\rRawQK5D", true, "FWmVLY2", [1.94128e+07, 3.14262e+07], false, [{"3f":"p1", "gwIq2lA7nB"
zo25":{}, "KdTahv":2.76322e+07, "yTlPGbn0VaxKoHdUKf":"liWAMT\faa", "wOh34dv":[], "TQfq07SlvRFs":"\f\tT", "sXfu7"C8n":[null, {"YditWj":false, "ObvUFxbMiZ"1U8cEM":null, "mjPHku7RI"FU":{" HGwYe":null, "Tg5Sq20Fs":"e 3\f\fKpyjg8zyEx", "z0":null}, "3gZn6OFw3awRx1Vfq":{"0alqXC6PT UbriZ	ro"":5.00984e+07, "i
mnDB":{"HlE7Bi	iOWtWiD
h5
M1":true, "N":null, "s fSlzxU3oe":null, "
aoo"":"eyLFHHZM69", "mU8YX  eF7Ti"U2E":{}, "WW3QbSWaKivOcZW":{}}, "dFBB8LN":5.3733e+07, "MJeACjfU		fsnkYK":"zs", "v"	gLflq2gGV5hM":{}, "38":null, "nxlLfEG":true, "y7JKhx7q7MB":["\nV\tP8", null, "m8sao\bYch1qRu", null, 3.37617e+07, "lF \b ", true, 7.93791e+07, "fa4\nbgbBMM\n\r", null], "4cmyV3	V4":[true, "x1Spa03", true, 7.87762e+07, [], null, 6.59417e+07, {}]}, "UX3vrRFZyr
":[]}, "sygYK\rr\r9zTJ\"O", " ue40bjaA\fo9PxMeH0cZ", "r", "M kNznOijWz8A", null, null], "Mg":null, "5x
XgM0NG":{"XIJO2x7QjRmrStN7":[[null]], "P	":true, "Tmm2xNBlC":null, "Cy"J":null, "yDfTQm":6.3386e+07}, "lkK0lJ1lLZYxeL":7.88332e+07}, true, true, [[{"8jrAMWI":[], "ogadk3x1fSfgAbd":null}], 5.64613e+07, false, 4.97245e+07], {"eF":null, "jnz":null}, true], [null, false, null]], "5Ug5FIAWxqCR	an":{"p7QX5YBtquT0z4nk":{"q3lYkP"5q
uu	jXuPK":{"m7m
":true, "X":false, "pSgJC
QfVwLQeIdZ8w	y":{"IP"EV
aojVtvV":"gUqkSghhDwIMSQj3SN", "iwmb0aI52
IjBt24Ay":4.32195e+07, "W"45JB vBGdXJ":{"X41AhbXUqREQUV0e8r":null, "UVuTo":"X\fX9tsMU", "GQnCaIUatG1E"LzO"":null, "nZ2jF2xoSlZuQzgPPN":6.06573e+07, "rsbE":{"P":null, "KWFs4E6D9B":1.55502e+07}, "zaB58EeZjS":true, "vQxjNeSvEfae2tZ1xN":[], "Bxhm":[true, true, " igw0JWQurKqT4yKin", null, 8.90188e+07, false, "Ugp\tP\"W2t6\fV6K9OO\rs", "3wEgl"], "VsDlLo97mWR3p":"aIWZgn\neQ seNDfos", "gXMrK":1.58682e+06}, "l6q UYPmtd9":false, "43w"SioTVy60c":6.20197e+07, "2wkuBjq0YP9Q":["ybnp4", null, [{"FXGQKBFLwQ":8.33741e+07, "GqQe4tkhiV0gLk0":2.06014e+07, "lu3":9.82943e+06, "CkwPsOWGs" G5hgJ":{}, "Zj6tmP0irB4v3
aNvP":{}, "jaRReR7"KmXdbaUfo":3.21705e+07, "a":{}, ""HBd8M":4.07195e+06, "gnv6Oup7j7XWrWp":"Z\f7HNO\n9Jxq"}, {"GzUQEaL3":[], "eI6ihvQKAwV":{}, "CWhQkHGYsjzi":{}, "kusUuZxz852JKD":null, "v8w4lwKk2yY7kuMLt	X":null}, [1.37925e+06, 6.79836e+07, [], [], 8.67356e+07, [], [], {}, "qx1", {}], ["uLT7NB9 \r2c1Hvy2i\t", [], {}, {}], null], true], "rPL"jF9KXXC5AJbpScgN":"KbdR", "x zH":"gR\byv\f", "UbkqY":4.59763e+07, "3Erl YtGoe1wA6DkTC":null}}, "EQnWHz	x5Nky5":[[{"rcM6970jxzhSGI":false, "qXJ	8":"WoLU77cQfj9"}, {"Jv	Z8":"Q", "8rI1tf":"SGQFyHea49r JCy", "g7GgB
AJhn4qVg":null}, null, [false, 2.47046e+07, false, {"Oj qpAOEIvA9DLh":false, "RmC5":null, "m
z37z":["N\"Eq\"B\tlUgrZ2aPEMPS\b", "Qq1h4", {}, null, null, 3.81463e+07, 6.56652e+07, {}], "FoATi3gWjPq1Ql8
W70":[null, null, 9.88141e+07, {}, null, {}, {}], "7hMaOJYxgcMC":8.22776e+07, "l78QY":{"HIKTCxf15":{}, "H5Pb9Yo1Rv7zb1":null, "Pa8	J":"t\rqKBZIhqOrFn", "paKyIAeNLhE9BZap	ZG":"\t\fMw3Bmpr7GNU", "Ao":2.31147e+07, "CSl00TY"P":{}}, "xk6AL64OO4"ldJ8AK":[false, "1C ", {}, 4.7826e+07, null], "1lt":null, "wP6mRWztH":4.28638e+07}, null, [null, {"IEA0b	wywrzh":true, "TO4dgAP":5.92098e+07, "yNHSx9XSk":null, "y	"tdmk5JaMUGqfw55Wp":[], "0UANSxrHqRDfhte"":3.22413e+07, "rhQX9":2.20653e+06, "kSLB4":"bYY2BoOVN", "n0":null}, "\bcX0mKzWeH6\nz3", null, {"twQHS Fqn4":5.45254e+07, "Qdvj7x"f":false, "2c"9VVvOvy7":5.67432e+07, "Y6k96GfKNZ RF4":[]}, null, 5.98816e+07, 7.0946e+07, null, "\tuKrcTz"], true, true, [[[], {}, {}, true, null, null, true, true], {"DD3W	ps89s":{}, "1gbBc":"O8\f zMQgJFl l"}]], {"zkZ22qGL2iMOiV9p3Kp":null, "	IT6v":true, "mompNjY":"5e38Yzux\"SSBez3cle", "ZN":false, "271qNq":"FAyJAKijh\f\bNE94HBLAa", "Ie"We
m":null, "BM0QL7n9OtOPcc":true, "bFep14DJOeODxu81HvP":"5C4"}, "0fRPXkzX08czYhw", "\rcL89", [[5.312e+07, "SKBHn\f\b", 2.72825e+07, {"S05AlH
Gv"NPrUIM"Pe":"\rx1gt\b\t\"ZI06", "4R":true, "KY6":false}, "kC\"XdjEyU98sSdb4Ao", false], null, false, false, {"oUYdVS":null, "pn":7.9676e+07, "U9HY8nrVAy":"Ed", "35VM2CN0aT":[true, null, true, [], {}, null, 1.14251e+07], "0kvt81MDu9BYW":[{}, {}, false, [], 3.19001e+07, []]}, false, {"HPz HMgEhh6bzF":[null, "\rDE3", null, null], "nGb"7aKupo3VYi"":false, "AgHBZc
I3p02No":8.82905e+07, "Kx8oDTwGx":9.71142e+07, "SVj3J3Kt":[{}, [], null, 5.23002e+07, {}, 3.63141e+07, 7.85709e+07, []], "DkX":[null, 4.71564e+07], "1XvkK8uieIUX":{"nPy"Voy
JMX660A18":"EfsKJ tmAdtzGq", "Rde"tnv":[], "nHXeV
VdDCaFl":true, "tm	X4e":5.48665e+07, "V8HdkxksYB66vmmZ":[]}, "I5kzCiuLA	E
K0"J3":[7.85975e+07], "WGM":null, "H0cj7ij5":{"MHH":false, "WNBkzY DP 929SOu":null, "ZDdPyV	wvs":{}, "JcFwfUqFw1RIfXby":"938k1c \b", "ChgeNOCKiCd2xH":"1ya\tHFd2\rT", "WeDpV"F51aD":"zU", "":true, "TCza3f9AJQe7":[]}}, null, [[7.87654e+07, {}, true], null, "\bnZ\f86Z", 5.74713e+07, 8.27572e+07, [false, "ULn4oz5yCBV", false, "mS2dt2R"], null, [null, [], {}, null, null, null, null, []], [8.29105e+07, [], {}, 7.56335e+06, 2.45611e+07], "ORA\bbvkfU\"GbJ4aD"], true], true, {"2":{"J6V34":6.62205e+07}, "h  b9oShZOJt3Icez":{"lyNEkSqgQ7Eb1zPTjV":true, "zPrWKVJX":3.05685e+07, "hx jk6KDo":"6\tBj4C19oZAr4LTtzVk ", "CGoW9QRjplwIo6qy":[[], {}, 2.74731e+07, {}, null, {}, [], 4.8986e+07, []], "r5mT":null, "MMw2bfh y	DW0MGflBJ":false}, "H5k":[[1.90577e+07], "Tbf", "\"vq2an84SAMpi\fB0", 5.82853e+07, "y\"T", true, null, null, {"Z4cfAB	G7"IE":3.14871e+07, "K"	BIEs6u":null, "pAGWl
hnfy5mNKJjL":null, "YmlCSnZrJH":false, "ZMKoSyY0C	3HwYLg":null}]}], false, 8.73931e+07, "NOe7\fgWWioBDWcKy"], "XZd 4GOD2qelqmivwd":false, "Hbrkf":true}}, "shVe6w"219oh5Ijo":null, "C	aQz5kuFpDMN":"7Dhpg\fujOzM3TaCNk20", "4d2fD4tO	CfPRP":true, "D07TkhDA
qYezLtL8Qb":[null, true, "glHKH0\bd\"UB", 7.32258e+07, "vPmbLM", null, null, 8.42992e+07, [], "Yz2rOcD8wN\rak"], "ECD9	ffeKO1v9qvo":null}, "1aJSxLxT	8Shog4VSkLk":"pKv1phWIGGcdR"}, "RJ", "v5i\f\fm\rrF0"]
