["SQkUH\ftX0fVD\"PWBA", null, {"r1PLyiMc8B"w8rbi":true}, {"v":{"i"mEJ8q	f":["K", [[false, [null, null, [{"Ag1N8aEdXOed":false, "ylSeQ"yicSMk7m0tzi":4.56093e+07}, [9.57853e+07, true, true, null, 1.97993e+07, {}], true, {"J":{"Sa":9.81634e+07, "xG":"sOu", "g":3.94275e+07, "pXanpOO4zMIt
":[], "x":{}, "oSaANACMfQ":6.65334e+07, "n9Y6KS9QHm0zLTUjEl":[], "w":"jG3YE80\r7\bLMNkY"}, "DD MS	r	K8dH7ulA":{"Ybg52":{}, "X3z":"h \tVIln\bgoO", "BIcF"Ur5Bat":{}, "GWVM"z kb":true, "lezh1Klt	Q":[], "71OzZYuve6dTB6":3.57341e+07, "GuiOiAULFliamxT":true, "mKMOPf":[]}}, null, "K6kPNNJL8gzY", 6.08094e+07], null], [2.04318e+07, false, ["DIxx\tGKH\t5\n1GF", {"5yBI":true, "t7eb7z":[[], [], {}, false, 2.88724e+07], "szEsQUU":null, "Yb9je2ml3
jlLe":false, "r":false, "wJIYmaWcwx":[[], "kmjtVS7IkCpEFCJQ rv\n", {}, [], {}, "0gdQ", false], "qz8oVscNu uekO	Pz":4.23706e+07, "SBtgON
IWiAZm5wsA":{"
lA2S		PA
ZQ":true, "7A4ZoBt3kz23w8":2.9966e+07, "Iu	7QffCuRN2rJcB":true, "ZfKUAkIGvOQ9OIalIz":9.61471e+07, "znBU7Ig5seNfR
0SJ5":null, "0WjRF	U":4.46391e+07, "8GQOiiK528fD":false, "EGFLI4":null, "YB atU5itd5
fcr":true, "9J":"\bv 8IXQzWvA"}, "7VpvNO":null, "wa8sg6F31l"f4J9V":[" 8Rq", "yLW Pry0GxrzS\b\bV", true, 4.12639e+07, 1.53596e+06, true, "uwx2cvp", "JTEElC9shIJp7\bde\tWKz", []]}, "C0jJgHvY", {"pzfpQd5CcTiDRdO":6.11587e+07, "Kat95OXZgRO":7.63338e+07, "JPdJ94uL5cG GgQ4":null, "YRQle4":{"mB9yCv":null, "aDWS2ZyBx6AY"i1AZ":{}, "S56H76eY09":null, "QVig5uRpDeP":"NSZfzmyltUWOxQ4VwYB5", "IJU":[], "Ic8IHG8h":[], "zjqpvsi3  jM	ec2":[], "Gvu5sBBKv2DW":6.41261e+07, "H
v P":false, "PZ2w3dU":null}, " P w6Yy9sED":5.52176e+07, "9U":null, "vtmKvv":false, "skiAQ3dnTIyAfRypNL":"XZ XD4dmOl\b\rAL5gBVVt", "gXBwZ"UZQFQKZqI":{"S89kWTu":"bmJEB\fJ", "H33n8Q49U":false, "qwg":[], "yANRJpenqn52CS"TjY":[], " QjM":null, "D WP
hT5CvGdA7hmz2":null}, "L":true}, {"20rr ":null}, 7.4681e+06], {"VrAmlr
T":[[], "Y a9UP4\bbHYw", [null], null, null, 1.48487e+07, {"dr5oIJE7D2sAJRaT4ey":"Y\bw4n7EXmJRYwZ\tcBA", "p6omhttUhbsd"":null, "4grl93p8qeQKwGrrK":false, "bX":null, "UXd"cnX	8AsMG3P":[], "hP7Rfe	MzDO6mmP":false}, "\t", "z8", {}], "ut8":[]}, false, [{"M":{}, "CI	5	4L":"5Jt\r\neUX"}, null, false, false, false, {"2kN8xGu8jVTtbP4lB5":9.43519e+07, "3":"7IzyXJ\t5WdYVelh\rqv", "RC":4.97405e+07, ""NY6bnBh":{"X"UYAF3kj":true, "vGIx7ts":[], "quzqNlD0lX1gtrVv":"Jd0y\nM\n", "MZNOL7":1.08276e+07, "b0Q":[], "iFU7zOs9lzJYG":null}, "aVHFEIfUzHvpH":"W\nnus\rV\n"}]], {"qM5dLRx5eo0BY":false, "9iWyaEupJLKmU":false, "2 XF0Y":"lf\"KFCa3Cga6MNz5V96", "epOhSn2undkwH":null, "Rnbw4B":false}, "TRjew38kFxrS05HJgz", "Dm6\fL0TKBF \n", "z\r1Rx\fWJ9TVvFBsjz"], "itBp pmmjWuipMhP8"], 5.63293e+07, 4.60674e+06, true, {"az9277":null, "lC":"O3Vc\t27zQkBpAZ042R", "jg	":9.85251e+07, "70Ylfb7QE4Daj72atDym":false, "Jz3KVIFt":null, "VjgQu":"8Mg35It02ys0ot", "qpS"AQw9N"rT3THa":null}, "v1\btyd", "D\b2D\"G3lMg\tbsgg", null, true], "p3b9V vii7baObrMT":"A\nBx0LAESa7huKEne\tH", "y3xa x":{"lhrGnAr5eUbtWVH":6.50201e+06, "uOpB9":["q498Kw53qEe", ["\t\r9OHl", [[true, null, [{"C1qI7PBIVKAS0M4HQ":[]}, {"VIY2KdNhN"KMfE":"DvLp9\"gcXQA", "o":true}, false, ["Q", [], false, 1.70205e+07, null, []]], "SWl0RQsHzn\tOff MR\f\t"], {"YI":{"p0PkKz":false, "RT":"1\bJJ\f\n5sSDed3GcEgi\fE", "5MlRnY9 GQ"4Ho":4.24549e+07, "JH2cvkIY":7.50447e+07, "u":{"ND9Se9uJ7X"C"DAWOoV":"TUgOb\n\"cNpNI\"3ZmL\no", "":null, "xTtd2zwyjUh4KHE":false, "QZgG3XlXT
wEIf	bO":null, "QhPLUs2oPVvR5e	oQy":4.9377e+06}, "4Z03i4wCad5PT":true}, "xD":null, "5yVO
KieHtm6N":null}, 4.13245e+07], false, 2.02799e+07, ["\r", {"mk908m1e1Y6":null, "Lr1VVp5ISC":"QKSzAMMNKT", "C7xDv0YYKu"CqC":9.35304e+07, "I74MR	2HW":{"I1RRVglZl1KzvTh5b":7.91731e+07, "	Tca5zLiFak3f	vUZK3":{"H":null, "VhahmWgrjkCJ":{}, "TRfAIziQO0":null, "0l
aWW1PA1bXgvaAB":true, "6Oum12c":"sBQ", "aup2IWuo":{}, "RgXjRqcwhJ":"dy", "r0BYR":false}, "nJ7Sf1hgwW":[8.91984e+07, [], 7.30698e+06], " SW"9lH	BVXgq":4.34538e+07}, "XJvHE8za6NJ":true, "cMYngM":{"cFT8Qtoszq2":[], "eY":true, "b":[[], true, [], [], {}, null, 7.01542e+07, {}, "k\"9U32YsOtm", {}], "lWSO7y11J7Ztd3srLt":[[], 938995, null, false, {}, [], 7.68518e+07, false, 9.43049e+07], "JMf":null, "Et":[[], null, "kRvVLoe", "gAyP8qj5QorUO6hNN9"], "yFOgw2VgcMx56z":5.13705e+07, "QbiGOqVz":"rnk1lsB8MYhoU"}, "v1zjxQaJWvXCDfq":null, "RrPL":"qGuK", "Aq8L72ccC7"S"0v":"7lAFMexX"}, "CkCZ3NmC\bWIkC", 6.82665e+06, "F\r\f6jkv9J3vPJqZr"]]], "3Ls2IoZs":"ytn\rGqUyv"}, "u
YyG":{"ZFlyK":true, "	1Ypf2FOplEdJ":null, "rb":"DYZGH2KL8Q6\nULTv\"", "P8NisvuRPBLeRWYsU77C":null, "i1HaDG":null, "gVKNK0":2.80542e+06, "eB2FqZs5hJ	Bd9z ":false, "5bB":[1.52602e+07, 9.75028e+07, false, {"1bLfZdF 1ZzVmZQ":true, "3jfsIM":null, "QU26oz"wcPG	":null, "8HEE3tNErkBNwMQJLhxc":null, "SKu":"5e\tSqs6O8oA5MLPT5", "IfbDPn
NH"	b":"YCqB\roTB", "y	Jy":"Azz\r\r5\bU"}, false, true, 9.46147e+07, 2.22024e+07], "Zhxb uyyCBP
98v":null, "91JUkaXwsM4D0p":true}, "CybIJQ5ZXORsgWWGf":{"DhQtuay f":"UUor2fs\b8V0w84p4xT", "MrPR57K7kq7ejNMeI4jp":"WO\njI PXj8G\bqtOuJ"}, "TEkJeDwp0GuNkE9axX":false, "XFTpDk":null, "vK7byehsG2p4XWZX":7.38075e+07}, "xg0mhrpn4IXqy
C9":"FsTXVw 8\tGChB\fbN\ft"}, [[8.23161e+07, null, null, "uE5d\nVyNdL"], 8.13126e+07, false, {}, 5.32145e+07, true, "\ts2S3BVYfX\n3\f2\"7OA", "aWP", {"	aH6y
PLRtnWUHKh":null, "Ibi2CboxTA":{"EZP292ebDmddVmfIk":null, "x
PZq7lG	N v":true, "
qH9x51Q1ieg mD":{"hJNE9eZlZY":{"AwmTG":6.79781e+06, "SK7p1kVPM3Ymey8e":4.77004e+07, "PnHmPP 7ziPXk":{}, "n
8GMtfTcE53	":[{"f77U":{"a1X1c"e7
uI35":4.91249e+07}, "W":true, "vew		f7ZYnz6heBVm":"dpVuoRuX6\r P1P3A2W", "eVeT":"qTR\nsC5", "CsC":true, "2
qta4K3rPFUXtM":"o0tTjnw\bLwgdUK\b\rS", "DavMOg7"Ta":[{" a3"f 2Eb59MJ"ofG":{}}, [[], false, null, true, [], null, true, false], null], "Axoq
pVkbaUWg44":null}, "lMXHpFXgOOXYu", "d5va\nr\b\tswyh0\ne", null, {}, {"6BJ4sFETU":false, "W1xoFr
t":[null, false, 1.17124e+07, true, {"6ESab0SFbGnTIet":{}, "ZxPy2js7ywE":[]}, null, {"4N45	WuBC1":false, "SmMXZPj2vorj":"z", "G	m mAxJs":{}, "
cBT9Tme":{}, "fxyPn3":null, "  REp0g":1.85475e+07, "iBZiEVw1uJ8xS":[], "9IMw8KJA06APnmqVcK":2.05491e+07, "E5Uu si1":"eKzhN6Rh\nr", "cgk0"cFHUFl2":null}], "P4OBZlyz":true, "RKbwxbD":[[{}, "uCY\fTeBHZT\r\tc 7W\tt", [], "oC\b", "2RAb ", {}, "lE\nTH0 U\"iJg44NMvs02", true, 4.58038e+07, null], 4.23062e+07, 8.20414e+07], "cRljZ0M":{"kldt4h"":null, "euDwFZskG1b":{"L":{}, "
wXHRLoJ":{}}, "Im8T6DO2iqb":"o6Z", "82xR3IGIX1Ps":[false, [], [], "zXfZ", {}, 8.85564e+07, 8.27133e+07, [], null], "TDMBJrec6A
7iZ":{"WCtMrg9j5uo"Ba":[], "AYNmupFUCf7I":false, "1bEBXmNOBry3wHfOQhn":"H3h\fCo1", "Gv9	CLevl":[], "0zi":{}}, "35IclPhDhqctR":true, "qlwEgV pPRH6K":{"r	iU8LqVcW":true, "r9R4q7zPmK2mig":null}, "Fhw8I
cg4v3x5":"2 cmBBRjIJBXSjFTjAq"}, "I":{"zTRlDC7":null, "IWLnfYcL":{}, "XVlCD"cCUjl":9.47052e+07, "qL1Fs1KRcUe":true, " 2a":true}, "AZi25uw"p46T5":9.58159e+07}, 2.60978e+07, true], "pO":{}, "A":3.57137e+07, " 06KQQzJ7e0D"Wbrr7t":[4.94196e+07, [], {"pzx0X YRjKJauh4N":null, "EY":false}, [{"x":5.07702e+07, "VkIAIDo":"qR\rtWTfgc"}, 6.80851e+07, 9.417e+07], "W2", {"FFP	VLFJK jMMmXQ8":[[null, null, {}], "5OFO ", 6.6934e+07, null], "ARjT":{"dvmdDmwrS7pO9aNF":2.00797e+07, "e":false}, "7":true, "gFkVE4vyQl69pVYhM ":{"kH"Q2GIW O9":null, "bG
R1QtdD9

mDW":null}}, null, [false]], "sWUa8BIn4ol7PEQCWca":"aMeb", "C":"VFCU9TvhAMP00", "25e2TtiYMdiYYmpkp":"4TX74AiSvW70Ez "}, "fsakJ	
":2.32339e+07, "	J3ZlnAq5pWm8vjkhq":[{"HBkzP9R
w1JA4":{"QEoOd":8.9753e+07, "C
pJPJS"cLy80C6vT0":null, "QBVJwAzHgdWfpc QwV":9.37472e+07, "wVF41":5.05406e+07, " 4S0juYRXkAPX":{}, "M":"\"RfZrJwW\rFp", "dzFLFTsHPbb"Mc
":null, "x":null, "gaRenC":{"L	tV":null, "M1ECkhCj vEGoeh4":null, "jT86iX1t4T":null, "mhNw":["fxaqdJIMqN5Uyo", 7.89548e+07, null, 4.94896e+07, {}, {}, {}, null, false]}, "CKqj1":[]}, "5TaLxBvf
v8jJjK Gu":"K78\fo5sTH5SXvhO7UY", "mLLD qWlu6h9":null, "Tsr":null}, "s\nAaB"], "xmxUar39VT29IwK":false, "AaoA":false, "18jD":"1yCI\fAotE"}, "RXqdN"":["7ApVQe9\ttb0s", [{"DJ7Kv":false, "DE58h6NkYp":false, "VPGn	":["2gvE\b4Kr8zQho\rM", "k", false, {"iytjzLxti":"zS5\r\"my44KI", "WP8tEgtN7x1duj":"\r9F\rl\"4 \nXXwGL", "lu	Mx
IK0Hjl":6.15113e+07, "j":false, "TP8BYuv":"AzjtSC\tSCkU\"qO"}, "5OfD", ["4", {"UFkUwVH2h2U1vXepo"":{}, "NueYeLq2IdcTX"8S":true, "7t1dmh6J3dOdO":null, "39K":null, "	ZPp 7XNZo":9.61412e+07, "f01O rAK"Zy3":null, "8C9rzcbkDE":"l5vnftz\frm8", "G2BvQKszzhVm	5cUrG":{}, "7TEt9":{}}, {"rI3":true, "SW9VgL93UvH":false, "l8iV fpQSN":3.22647e+07, "DsvvG":[], "fwO72NgKBLZ18":false, "PFrAiIMVsN":"b", "T5AhU2m9T	zBkpsS5K":[], "nxFQpCo":"P"}, false], {"l":null, "rUFf	Hh308W47PqJ":["b", "7xwDH\r0V", 5.51556e+07, 3.56302e+07, true, {}]}]}, "ntdu7", [null, 8.17282e+07, 2.61885e+07, [{"b5jtH9CBQ6HUIXM":null, "PdICtPW":null, "RB4":6.24312e+07, "LJ":null, "g13WKd	Cb1U	7ZLV":[{}, 3.12726e+07, {}, 8.62474e+07, false, "qsU5\t", null, [], "C6\tn\ro C Wms"]}, null, {"DbBQz62kSnmCr":{"a":null}}], 2.02364e+07, 4.45706e+07, 6.27407e+07, false, {"EqjRtE":[null, "eYKiK\ti", {}], "EWTIhuMYExm":5.04871e+07, "V9Z8AM6":9.94666e+07, "4mh0aE6yVsXUe6cXfN":"p\nnjw\tT9UsPojsNB", "806":7.24838e+07, "BuhW80VCx3Q":{"m":null, "NBuHaK"m8NRC
WQ":"ZExsd8h3PbTdM\rEBlr", "nrZSyPeqQ":4.43611e+07}}], null, "wIL\"KA3PF1apbL", 4.16297e+07], true, null, {"R4kdB":6.11992e+07, "nDd":"0\tl\bz"}, null, {"I4GSx"x t1hWfgfZ":"MJAf\nbe\rJiA5", "VQlGJfX
05mrKIq4In":"1A9qROZVatnD1kVyjTrF", "qeU":"x32Dh5ED\rKjP", "Fpu50":null, "QX7O":4.79311e+07, "5hvMpjmcxpwbM2ryA":{"fVT44"rtr tT0lw1e":null, "VE333fSKF":{"siaF5UsSQw	":null, "O1ooY":[null], "gMNKRfOlI3CxKeviY":{"k":5.91492e+07, "iCWlq7bB1mF2"F":[[], {}, true, [], [], null, "PViCT0xtjeo5h", false], "yLkQdkQe
dn77H":["DkmTT O\fAlwqY\f"], "DfAnPPW":false, "b4de0WrEofZKa9BO":null, "yPsr	I	Ql4UApPpc":false}, "pVrN99 KpJu":"3DsAHyM01GvDRI2l", "8WQdWgpGLNeJ6sEV":{"n2XzbxVwD
bIELPdBtom":null, "6zIbBlGlxx4L":{"siUAd":"GZlOo6f2Pg", ""l":{}, "WQOq7Ye":[], "8	B":"3ARg5BRry\nEGX 1i", "ehyC	6RxEV9pfa":false, "ykbNajTXQG"":[], "	wqY0TRf	Lqk":null}, "mJ9JcaM3":[null], "Flf"0QIheM"r9	u2":null, "96r":{"gl6ndXEaWyrP6sH":1.63884e+07, "pCLHdBo5AqPykacxV":"ye"}, "gD1Mdq3rj9AKz":true, "hco":"79\b6zpgwQ1izsGuO3g", "4 a4"hUHz":"nC", "Loj1iU1a8nt":["kfS5D\fI", [], "w WAk\t\"TS8FH4uyYAQbA", true, true, null, {}]}, "FR8rtO":"Pxg RlDvl8pQ\n43s", "UeTpdRg":1.00837e+07, "gnJQ4PZIUDZSOkk2AV":[{"Z":{}, "1IV2w":[], "lRK9x6znT":[], "cajWYfTWRQuX":{}, "BUlnWV"S":"pdQ\bw1jvrFXSu7UQB", "gUhWmqX8E":true, "8GLD":6.4835e+07, "gGbI":4.1729e+07, "gmk9d2cgD4Ho682":"OxTulueg9emEyo"}], ""7eNOE	TxU95sCD":true, "zsBOoD5":"JL3XgpgDc6"}}, "DTRvsp1	P6m6uJwCai":null, "skR3BkkfMPOmHipxb":"QB\fRwWeMqn\"8w\t", "dfZ":2.78154e+07, "yxkTa37MbR1pLQ 0pD":["VI1W", "1P3LYs1a\rOiG9vx", {"PcK":[true]}, {"CdbTZQzVcH50j0Q	9":2.66825e+07, "dVK8qXlXr ":{"8Eml1sdDNX":[], "3Bg47YNJJxVMbQKru":"c\bZj23CX3MeaR4QK\fS", "5YUzCZ
I7
ga0NN9z":null, "MzyM
j3hy5x":null, "EywqT
fn7WOWBYvGg":{"88s E":{}, "gv	vVDZ0":null, "GpZAiY":{}, "t10
ECjyhvp6qMtQF0":"iJQY\b3qfqBkumlnljR", "s2h	Vt	":[], "5
x0w":9.31704e+07}, "m8fK4dvvpjtWrK":{"L3yvZI7g8hPU":null, "LAHTtjF3FB LdNi
0":null, "Apc00hN2xmqgnntV":{}, "qbzDDkI7loa":"\"H 4nRaGCuFMm", "R":true, "fkRapv69":true, "Ty kkNcBDkB":[], "3D5PSq2":{}}, "oaMWCmkY	
Dqs1":1.56375e+06}, "
Hf":false, "TQ":3.61917e+07, "QNQvMS5bFrC7iF"U":6.6362e+07}, ["JmZmxkPGYIQopXn3", [{"vkQX7V":null, "Y67fIwPo0v":false, "QmBmaSqoKvJAzHD":null, "81alqQKG iNVF":3.48212e+07, "Klj9G":"RMsCQXGiS6G\rKRBj\"AZt", "BZ95":null, "0JxI4J":{}}, "OW9VdBGaYm4FA9iS", false], null, {}, 4.16316e+06, false], null]}], "2GV1INqUolUCxd":"\fc6R", "WriJ7pIfUdqdjyzH":true, "GiKd":"H4Ydi7\"FW3KMCs5", "BBtrv2xnlCKWU":[{"hB0gaL
7H od":{"F5Oo	vgBIYzu	":5.04378e+07, "CZV
JVvQNJ	 LY":{"vZ8rJhvwRUSM":"K\ru\fFCCWNv1Y\n6hV\"XL", "WSu	GugjARXedjoPrM":{"I3F1H7 wIYxZ":9.4114e+06, "JZgArquuAHnH":"e9Rq962h\bf\r1R\nz", "	z oPoWaUzTLDHib":null, "K 5sEbs2
xPKu koF":[false, 4.85326e+07, {}, "5vM\fp1uL0\bjAMBtj6P\r\b", "ezVV1PaXYoy\fbi84V", 2.35355e+07, null, 4.66513e+07, false, {}], "gAn0f1FueyeL5fw":{"Td1tNRFo3ge"U":null, "GcsPyGmj":{}, "RnbfM":"fzlTbx739S", "MC":{}, "sdidtSjfkRw ":"PTi3B", "	tz":true, " AyfHeE95nfiJG1oh1l":true, "ZcjPKiuHK":5.23776e+07, "EhjGuB0T":"\f OoT"}, "ssmOKpGrlefVcDsmU":false, "D":["DJyAvi8\tOesiIXsCL9F", true, {}, [], {}, "\fJgAb80wVQL", 7.38262e+07, 5.96922e+07, null]}, "6vORbJkr2E8":"vs\rfZ0V SaZa\"X\n", "6HOMPCmpWl6HS0":"0vGhatns", "DZX9I J24":"tdE9", "Bo67KpP":true, "Kg0a0 zM5"UdB":null, "6Z2hMP5f6":false, "qdOfs":null, "Swz1FyN 77id3":2.97008e+07}, "Ni":{"h":[8.99183e+07], "n1"cn82PRH"
l":null, "YMNooelBnKG":"cgAUwUwJODt\bp", " IXIpmIXAl	53":7.21382e+07, "Be"TGAK"t	i3v4":"Mb1lcn5o U", "
 	pTSfyG":"Q\rHRDPw10 vOU\biFMib", "A5":{"2":false, " "v4c":[[], 6.84605e+07, "yAIF\"pZx9lGjn", {}, false, 6.80257e+07, {}, [], "FK", []]}, "CVoSD5fNc":[], "Z unj6F6o":{"c0cJmx7kD":true, "0rFZb	Olbpdu":null, "oyllOkK1fBo	Vk74L":null, "Wje	Kh7mYzlS0Gbfy0Q1":"HYEb5KIrJmCrA", ""fvR2qzU4pSte
aL
s9 ":false}, "
ouA1Zaz 63":"n"}, "kQeK1KtqVD7nF7IAqi":null, "BbBKxpW2w0		":null, "G  ":false, "qUZNdjij	B":[[true, "Kk0f", 3.11702e+07, 2.8514e+07, 1.97785e+07, [[], [], null, [], "DF5lnm8fHzU\ruNru1b ", 7.9183e+07, null], 6.99313e+06, null, "\b"], [null, null, false], null], "ujyLHW6Lp329wgHSg":{"1YPVQgqydmMlYfVwTS":null, "9E6mX":null}}, "Ovu	KfJhI2nOw":[4.68823e+07, false, "Yy b0KZQ3kpaL3j", {"2pyY 	b2iNjgtUeXd5l":"G2j5U5yI7 ", "4RU":null, "2yZe2Wg	hQDe9pm4dI":null}, [7.59885e+07], ["Dw1t\b"]], "U
TfQQy2":false}, {"BM9eZkZ2M l3ILAH
n":[{""ecMAB":null, "3AI0Rz0Lojx2L4Bmf":{"oVLG
":{"GRSOqBW9m
7w":[]}, "h0Qjhcvp	QSe"KQ2":["\tTwLjdqKV\t", {}, [], [], "sL\n\"Q8 MqfqhY4qpX2I", "yzntfvp2Y"], "LN":false, "2 yw2":{"AD79X7izWl":null, "qFeye33t":{}, "2R":false, "cgt5s1"pFrMUBuys":[]}, "iWLGY05t":"dSjie4xaij1DBSW", "KN5UrZ":"2bwkKyve ekmktBTR", "q0":[[], [], 9.26456e+07, 6.94128e+07, [], false, [], [], 4.19903e+07]}, "tobcT":["7q", "0ZR", {"V0KvlUBZJPG8":[]}, null, {"x9Ypp":false, "1UhD":false, "crla2"JlqB4JYHHftX":true, "t06L":"lRdzr4EALrVCPUUQ", ""se4QT0vuTD0"GZ1RB":{}, "YkcvGXdWqUukHSMBunt":null, "ECjPeeFYH
j	":[]}, {"wT":true, "9jiKyt"pV26kifs8":null, "A"fX P9CjH t":false, "qwj7LWY":{}}, null, {"6M":"y PgKVA", "v"sno IBZSqqX":[], "LFM9Vbj":{}, "spsZH3rGNM":"3WVo\tcf\r\bPN\r"}], "c":{}, "al6RAN":false, "t4FPegysnGj":5.33436e+07}, [[8.83349e+07, 9.47586e+06, ["w\fjaWchXXpywC7E0E3q", 8.14415e+06, 6.45453e+07, false, false, false, [], "R0isB\bc1ftlRJLe\ncIAk", {}, 8.73909e+07], null, ["2D\f78pSHKadvT7xT\"wU", null, {}, false]], "5cf qZk", ["pWcZ\b6ah\rSATN6\fmsg", 2.22657e+07, {"rx2k5":[], "yXG5d8IZ3ZHDVgZF0Pj":null, "uAEInG":true, "LHHq"Ungz2BRgA":[], "LREa8DkJtt5VuI4xnG":[]}, true, null, "I\fkGXknQ\f8kx5rVC"], null]], "Nx3HO":6.0745e+07, "	w6KtXkFTz":[2.89764e+07, 1.76168e+07, null, true, false, [{"CUUhK":"Sr", "KhH	hfTDIToMH":"0sBCFBB1EYGGsAAqn\b", "U":["N4T\bW\nZI\fH\t", true, true, {}, true, 1.41577e+07, "\fC9P7QL\b3Yr", 6.41319e+07], "jZ":{"mt58":4.7205e+07, "QXwij7jfgV	bSAtvqOx":true, "LTZ":true, "CW5OnNFhZHZ2LV":"IP\rNzEXqNz4xNDjGxWdv", "4KcbfUa"1RuYn":"b3zg"}, "JMezrEEHvAZ3Lx8E":[4.26832e+07, [], "qmcm\tVCkKKwPQGD", "7MN7kYUOSiDBowbhV\fCM", {}, [], {}, {}], "b9
Yj5iJ":2.50328e+07, "mna":{"iC	Ra42		tAL6gzld":{}, "J":5.25096e+07, "4
aZXEly":{}, "ACkO":4.5103e+07, "
ekFk3	x	GYej":"NdCuSO qZ4t84k\n3", "sy
nRbPZ1Xp	hYU	":7.7539e+07}, "nd6yn":8.87993e+07, "Wx2 2gQp6VXJ43Aronu":false}, 4.61643e+07, [], false, false], null, false]}, null]}, "TojNC9Lh":false, "vfPDfy"JDzN9PXVfTB ":"rSPo\"GErN4zN\bTWL4"}, 8.77195e+07], 6.77042e+07]
