[false, {"Zq4ErW6Mh3":null, "ujkf":true, "5Pqgm8mwgELzT5L"l":[{"hvoh6":null, "dnrBa7DSou97X	xMv
":true, "n":null, "XYA5pPeZ0KqAr":"h5fYZREl58P\bl9nNa", "OToakivYZ10":{"IpD
D1hhx5Squarw":"DvUI6E", "FU":null, "6":true, "9x
6XuQJiJw2rieCWAf0":3.29872e+07, "BMjyj5WQUum	dmcCS5o":false, "WYiBGo":null, "Lv6ZOFiMgY4ZROXh7O
":{"CDA
bmCx j
e88Npj":false, "uDB7":{"65S2K0RfcydN":"QGPi\"tOk"}, "BjX9caE
ZZs":true, "uoJsH36qaEyoLeW":[null, false, false], "WNIS
qz
dnFT387l":4.25432e+07, "z9	YMgNl5jy5":"j4xf\fz1FOqQ5\bBxla", "cA2RfVkR6"0gLcXSxIK":{}, "pDAlVo":{"n558pebr3":{"XKiWCdvv3J4":1.82033e+07, "868JoXW":1.92769e+07, "p	fRHYW8CXhQa ":9.11779e+07, "Xo2tXsAiM":null, "CIl75CQJr9Q1":"dqx"}, "qy":"iqcT", "Mo6RFHBl":{"E OVUYZKFIEJyC8R":"Uk7Z99ldAo"}, "MPZpq":"zx0\b", "OY7Sk":9.30168e+07, "C9tPwI	Y9mYFm":null}, "lVbZQQVIGXi":[false, ["x4DaeWoTYXAPP", [], null, [null], {"aih4e5W":[{}, {}, {}, false, null, null, {}], "cVwHe":["ZF5Nr3", false, {}, null, true], "xV"	KLBxSj":8.19075e+07, "tiym":{"j20o6MAiSk1A4ZY":[], "W dZJRrQtm
":{}, "1NFWJxrONRR1DQlPt":"TK\fVNSLJ\f\bUWL99yV5K", "Gt4y":[]}, "FwuwsZXH":"rZbdWm01\"\fWn\fYJa", "U4dF88 jGhZk":4.74099e+06, "	 1Xkk":false, "G":5.25137e+07, "h1XkFo1r9vzKJBlEbGV":[false, {}, "c504o\tU0GO 5foN4Nm", null, []]}, "iuwC8nx\b6H6fQ6jlb", false, "GsQ"], true, "WXtiLJqR", 8.64895e+07, 8.5071e+07, [2.29175e+07, [null, 1.08508e+07, 8.82386e+07, [null, [], null, {}], {"p63agv":null, "94Ph8ZgRwtGTJ
s":"gkJd ", "Hc1":2.33573e+07, "2UDFRdOLqxaUX8YIp9vH":5.71993e+07, "Z7SyuSXh3
":"IyRDzy\nfgUo\bKnj\b8F", "CrmbEUJfwnB2m":8.63082e+07, ""BcU":"46iNzm", "s8c8":[], "TW":"SN", "AG
":[]}, 8.89e+07, true, 8.16476e+07, null], true, 7.7677e+07, null, 2.88603e+07, 9.19467e+07, [[null, null], true, true, 8.69314e+07, false, {"p":null, " ExiF":false, "lFEfNpfCz7":null, "RlBQxgcxCIU2FOGy":false, "LsL9dxR7lt":{}, "gum
yV":"\bW\n1\b4AKB4Jyl", "Xtzu4yRVIXE":[]}, "kDfWT\t59M3AimeL", [[], null, {}, false, [], 5.01703e+07, 6.96091e+07], {"zM":true, ""k":1.88783e+07, "JyBVn
kevAUZ7NJAyx":null, "o4pkNuhBt5XL1":false, "3Ybpmmq6O":false, "LXK":null, "	l nUYUn":[], "
F VjU3fzB	qlds6N":[], "OUE":[]}], "SG\ts\bws\f2OVR\fseV\ngP5"], "V", "Dvbn"], "	wXBARL"RzVpaT":false}, ""nT":{"qRKHgfVS":{}, "wkVz
W":{"iL"penL6jhRDy4"ZQn	m":false, "ZxEp	 ":null, "rKb8900QZwP":null, "o6V
cQvYk":[8.40769e+07, {"01YMcN
	ApV7":null, "dng":"2h2yvh27p8"}, false, 7.82651e+07, "\tMHcaP20\n2QoHMd", 9.48712e+06, "aCgEcss", 6.48655e+07, 9.80471e+07], "O5VIuiygf8MMA":{"ACvovQn":["wDN", 5.098e+06, {"mx29YWZPeOoR
KONHC":[], "I72
ZDKes7n7cn2Wm":false, "T	9Q	":"MUJgXR\r", "JX9SkeX 0bG"T7PN":{}, "EQEDJja669zX2FnPjib":false, "MJoUXFQso9":1.00936e+07, "JY"jzIvl":null, "P88Hus9jghE58206zw8":"UA\rCir7d8QJ5\rM", "k50C2SIEw75u3":"5WjaIeAIQ\rVVK2mDILL"}], "":4.4343e+07, "u8huEEC1tsCNuYyzY FC":7.83278e+07, "
OGLWq":{"68yKDDN":"ramu\br\"v URJ", "VgWPLOd1":null, "j3":false, ""4":6.28244e+07, "L":[null, [], "hE8tO07GlMJ\bv4h", true, null, [], 4.35512e+07, true, null, 4.98847e+07], "rZLoYV":null, "m78D1sHivwOAGT0ZRR9r":null, "PPbxZ9vHdmB6XymW":false}, "44a":"bSCH3", "5"WUBD4DaE":[false, false]}}, "FmMI":null, "8":true, "h5neXy6"g":{"mCwQWwg"":["bPWrj\"oSeNwpH4ds", [7.00261e+07, true, null, 5.64457e+07, 9.02965e+07], {"5CYV6sD":[null, 5.61747e+07, "UJzFRVJZM", true, null, {}], "HeVZskF6QzC13HVn":[], "pudGgiPtKZAGQW":null, ""tXqBPK UFgUDiwr85":5.31549e+07, "S87BMOVsn8":5.80209e+07, "NSky7lbnA	":[1.52979e+07, true]}, [], {"mMwidd
k7":{"xAaBDeGkFQ6R":null, "qwP2v7EuB1J6ZWhungw":{}}, "axw	bSP9sC l
jTLn":"AWJFkmkUcE0vON\baFIx", "c
VeeQ5fcTnrnW":{"dZwRPXtx5x3irndPCuK":7.50354e+07, "kE Chcklx":[]}}, "n\n", true, {"s6k":"8iiKYz\rd6", "Hcbej4Mb9C3qE":"9e34vT\"Nb", "OZaOxK 6bXQEm":{}, "gHhtOeMG4lo":"\"HVu45M\rjzxAfv", "
C"Pb5mP XbXRJ":null, "rVhW":"\bFMFbl\nKY", "Us76qTh1ymiH3JJ3qe":[false], "SHU4PCSFqon3VU10Y":{"gdK73gs":[], "zmIdL16tm ":{}, "u7wlLePITjI":"MHMn\f9YhxBJX\"qc", "TyYyzg0V3":{}, "OWSRacWI5cKb gZ":"cK1w4EQep"}}, null, 5.49561e+07], "bNRHGR":false, "jcrn8D":{"a

jhx"8Tczfo15yayO":9.6805e+07, "aNEE":{"":{}, "
elzK":true, "gY3KWx7":false, "EKLtld9Xq":[7.4597e+07, "AX0K\f2dFCjSVhdCb\fPS5", [], "sRxEBD\f54WBHos", 5.49374e+07, 5.7005e+07], "rm1rH	H":7.38511e+07, "R L":5.92333e+07, "hpVATmxRMJs	UB":{}, "6U":9.90092e+07, "pQAusHYLc9a7CJ":7.2763e+07, "ABD0":["eh6RIAWWLj25PQyISj6", 3.55812e+07, {}, null, null, true, null, 8.55323e+06, {}, {}]}, "9wOqKmQ6HU4F":1.09106e+07}, "MWHhxLbnzUptJ8kk":1.33203e+07, "tyGa":true}, "sBjX0N":[null, 9.65863e+06, {"Rzkr40OpQ8yKXV	Q8N":"sEvmYmZAuZR6s4\tgPUP"}, 3.14687e+07, "j0va2\tqZSBx", [[{"GDfOdn":[], " Ovyr9iZvsW":null, "pEug0RfVB	7jVAO4N4A":null, "B2vLM7uSWv9Ma":"a"}, 9.37634e+07], true], true, null, 6.04753e+07]}, "EhZqN":null}, "Drq	s8Fp":true, " srmQDUOe6":"R\fFN\rcqlJyx9bmo3Dv6\b", "6lofmHsF9"yX":{"rxAKxapdOB se":5.17743e+07, "aCzyk	 thF2glwAFGv6":8.59604e+07, "k
i3HbE":"J4i\rqN\fJiy", "u":6.54589e+07, "qlIzOUYZ	fj	C"":true, "OUtRz	5ky	QWO":{"A75Qd9 vzdDD0":null, "gcOLxy":null, "e1WRHiL5a5bZt":{}, "FiL Y	":true, "f5abn8LMTONR4Sc":"dX\"lTb", "WvZvKD0y83WNo":true, "aDVEDE3oMvD"Cg":[1.28411e+07, 9.18777e+07], "US"pkKbtvdO":null, "U":"wIfg1vFwi4DSRHZWi"}, "ygg4x2h Lz2w	k1lRq":["5C"]}, "	vn0Sx1":6.65164e+07, "kzc 
mzft1vgyJ":"DxTSwQeCfL"}, false, 1.1424e+06, null, true, "gx9\ndGu9ep \rvG7", [false, false, "KmW\n\rz\bY0D\f7\fD", 2.58227e+07, null, {}], [false, []]], "zv9IGeVKFS":null, "HsdQ"":"LW6r\tWpuLa\f9L\t fjN\nT", "S7ck":false, "jR6cUKb":true, "zZ8lUtCzFEAfCFtnN":true, "S2Q5uf9LJi":{"dx ulG	tCVFknFF":null, "O1djtIWc3V":true, "ba91"H":[], "ukK
Y9x8JjwAW0b
a":"WxjvYfC", "GP46u":"YU", "tcAV70GsT":{"X3H7t6O":1.85685e+07, "SZG":false, "EuSr0J0KgZB":null, "vmjFBop":[[{"CLnXI2Bk95oN":null, "jxD"rES3MM":[], "fD":{"VGko1lH6m9GZ":false, "BFBl"nn":[5.40523e+07, "v3Ik", [false, 559072, [], true, null, "R\nbsLT2nQ\rRNCF", [], "FQW35\"l u"], 1.23363e+07, {"0JRq":"qo4D4U9hk4", "QX1bBwZaMei"Ozi7ED5":{}, "IigDxqnko":false, "LiAFxD7Qmo7ss"":null, "tDJ A6Mp26xqT6U":true, "8oS":4.26961e+07, "e":[]}, 9.18798e+07], "MSQjs6vPDhvSAK":9.89272e+07}, "RS	w5t":"YyWzM4FDAq"}, true, null]], "CIr2I2zlr3868s":"q", "wgR yqvz":"EGGS9o", "4Gw6v":["5b90T\nF 22Y\nzytND", "Ofu\rxW", "i43JYdP", [{"vmsynpnwFeYbbY":3.57965e+07, "9oeT2385E1XHIBv5":"6z\fn9bJI\fSVSJ7SLx", "8NmfcjfRZMn	nwlxYuUr":3.28936e+07, "9vGU9w":[{}, 8.8971e+07, [7.98648e+07, 3.31831e+07, false, true, "COp\trVE", 5.12689e+07, [8.39637e+07, null, {}, true, {}, [], null, {}, null], null], {"a akSoXQcrbf Af":{"l":4.31065e+07, "r
ronflvc1m634":[], "r":null, "P0T0OIAEjkgylxNy":{}}, "GVD22	7Kc3DRLOzh":null, "
T":{"yMai5Cku30dWx3BZQ":[]}, "EpbfM4iIqaNTb8awVm":true}, {"zOH":null, "lJAwa6h":[{}, {}, {}, {}, 7.17846e+07, false, false], ""8vnuU6MwjD
lsnc
Xtx":null, "wWcfb67y4":5.67389e+07, "TFxE":8.28354e+07, "cfE4I	ihaLkHCG":false}], "QwXBulLoQB":"qwhg\bkvuUp0ALZT\"Qg\tI", "WqiF9PQs"ThU	":null}, [{}, false], 4.02502e+07, "tBZkk", true, 2.77434e+07], null, "TKvuw3X", true, {"C Y9kM4h21gwRr":{"1FHQ""WeukSW"YHdE2h":{"4l0MkMJPsk0Pxn1Lzw":[null, [[], [], true, [], "4o\b1g\"4", "\nUGLO\tzK\tmIC\rH9fxK", null], false, {"eTmM":null, "NjYuTCEeGNWxI74OmSQ
":true, "AHmX4NX2mk1hj":8.64057e+07, "k Ufdg":null, "4GnNF":{}, "XnifAz6FKS":false}, {"OOh":1.72639e+07, "jqUD yc		C JJSR":null, "A":false}, false, 9.55863e+07, {"d8sSM":{}, "hnkaZMHLjk7
G":[], "CF084":null, "4QzdjM2UnqtsqqHXA7a":2.18181e+07, "R0t":{}, "I3tvoFyAAQPEgklt0":false}, 4.18704e+07, {"HiDga":null, "MltkhafZ23U
 nwmq":false, "Jr52":[], "zuhrBl5sDo0Yy":{}, "7TtsoEoc4CUVuuJR8r":null}], "I6rdVo5":"derg\fK7og6\bNqbUU\fg"}, "y8M":3.59219e+07, "A7UujpsZCupkVCvotMPw":"pmQXZF\rF6TGl04y"}, "bYQZ":["q6ClV", [], {"CJ3AEa Xnw9k":[true, {"ZlAIHYkA4":null, "ew2z3XZ"m7tEI":4.90136e+07, "4nq61BX":[], "":{}, "DT4aZXRA1jhO39PxB8":true, "L8CKFFHFB8eChj":false, "Xl":null, "XrUiBSggFWXUc":null}, "vSb\rJyFC9\tc", {"5NsW
cslW	5Rz5hp3N":"frK7IxE", "Ajzi":"hi4bupWP9"}], "E2lDjP7
RV 1UFU6J":null, "7Q3E5XIbqk":"6"}, {}, "MgwHz", {"iuoTF":{"JZmYosZ4T":[{}, [], {}, 5.8755e+06, 3.8748e+07, 7.04302e+06, "5KBBZ", null, false, "31Ax\rvYqrB3"], "HtPLpLHb9mLp":null}, "EzORIHx9tp
2D":{"nW3C	Ht
N"RXir7cKezp":["a", {}, {}, null, 6.44876e+07, [], null], "6LEhw 7"BLmoVcMMz5p":{"UnpD7pbAQ5Vc":"\fpMzUGGNdYzdRa", "mNGX8fa":false, "zFDSA1Sd":{}, "U":null, "YYaAO"Js67o9":false}, "d "8b 9rg6r3DB":false, "SGhxJf3p	BD41VF2tE":"PU0LnW\"gRMHX\"", "0QopLGYS HaTDitmI6":null}, "V079R
SXBhOcpWp31":true, "H1":7.25666e+07}, true], "DhxWIKGUbTWZ":[[{"dmPxf":4.79639e+07, "dSe7eq":[null, false, "PI9UrAdKSV o5yrwU1u", 1.66643e+07, true], "Eab29pzJbt4gn4E6m":"aCQWN3\t6C3\bx6J", "Zpvmcr2grQf":null}, {"Lr QthQG36skiNnFvz":[true, 9.12363e+07, [], null], "5GeFGTb":null, "c8rguPhUw24xQRJ8":null, "RzvVVO":3.04378e+07, "SMrsA":"z2tMSHVnyq9Gol32a"}, true, 3.40045e+07, "qjD\nzYsxJZ\"", 4.24057e+07, true, 7.53116e+07, {"BI"TeJc7Q6fdzb1D":false, "U1EIJURbaPPgHLyoZ":"sfYHvDjvju\tb", "gZ8Jj6nXDw":null, "wFleq4i	FP":[{}, [], [], [], true], "Ua5oNunC5CfpZ1JHQ":true, "8
OAyvz":[]}, {"J"pz
246":8.59078e+07, "ZtGp DhS iw
462":[[], {}, false, "V", "FSRRJVmviqGGDxCf7FXq", [], true, true, 8.81715e+06], "5fDjZk7mhUEA":{"ECy":1.24566e+07, "2":1.68823e+07, ""MLSvp
KE":"a"}, " W3jmL6oZFoq":4.00643e+06, "XVr":"tQc2QGpNej", "GkGoFLM":null, "kTkheh
vV7xdJ":[true, "Bob42oYk7wtHClGQp\r", "\rYvg\r3aOMgb", null], "15hVvQdU8aarcKCy":[], "Mo5ZfDks	Y	sy6ba":true}], ["gZhlEGup", {"9d8ylOQElilo":null, "mk
lahJn FD5vC":5.39721e+07, "soW6GD
WqWl":null, "UAohljdftLL 
":[2.13107e+07, {}, 4.98784e+07], "Ao9	pN2TTaJkz
6Z":[{}, "Mnh", [], true, "nSrb3aCwQlm\"kRO0DR"], "L":{"6dZYR"":{}, "H79LcqulgxcQ":[], "jt1":[], "h":null, "K":{}, "cA Q Dm0YLZpLNjxsDul":5.4181e+07, "sqxLVC mD":null}, "A":null, "B"hOfnlhr4ZCAWP"UA1L":[4.60719e+07], "S":"svaA", "s3R9Nf":"PbWYg"}, {"S86JipuDeO":"h3CMV\bo", "PH3xF7Z":[null, null], "E6ix ":null, "QdzPOc5IOz0exo":"WtFLwcum", "z":[6.65971e+07, true, [], null], "qfl5RM	9jW":"EbCZxG580BnpWcPuw"}, 5.41049e+07, {"7"T7ZF23":{"no":4.07023e+07, "kVWCsa":null, "Hu	kgw"QsaM"0iRU3":null, "FF7R0Eg0L"":[], "xD5ufHEk":[], "W":[], "Byu0":null, "7 vyLGwZn":null}, "5FCAt":[true, [], [], [], true, null, "6Am", "ZsKEBPu", 2.40727e+07], "cA	i4nHeJ5s":["7", {}, {}, "\ftXggxfRhwFfW"], "oOboFDxAPDOBWf":1.78099e+07, "dy40ghr":false, "1v4RAd6MpaaxZ":1.39052e+07, "rF6xkT":[{}, "5Um\n\nfCpz", 3.48353e+07, null, false, 7.72625e+07, "2tzLQqGAM", false], "NCtaFT7jfEQ"y":true, "NIbv8B8Z":[], "w":[[], {}, null, {}, [], 1.24944e+07, "oVd5"]}, ["sBT", 7.84231e+07, null, false, "\rNXab", {"PYlMAvD7vCvZ54zm":"L3g7p\rgOkL0S74JYN uW", "Ll1a41WC":null, "D7oh1sY0uy":null}, {"hM	C 86 C0CxorFvI":[], "
6 qrPF4QW7UYLULjAA":null, "Fcs
5zFKPr3E	v":{}, "fu":true, "7YMS2Ql":[], "7VV":{}, "fkkob8d6":null}, {"a":"Ym", "PKAUR	o":false, "B1sF"HBaefCrK5i":false, "DObq":{}, "sAK":null, "q6HC":null, "Qx4wBVPZtDikMGU"R12R":"\"\r", "m3oUFf":{}, "jjWY":"zDyk", "T":"A0\bzqLeLkt42C3"}, null], 7.49683e+07, ["CEgFj8\fq0n2T", 8.20605e+06, false, 8.89358e+07, true, [null, 6.379e+07], "PuliRueBihtRfa"]], "An3o\fg\rgo7VHnxmc\bE", true, 8.60318e+07], "U0i7LonQ6x5":null, "sowF
zGj3Z":"zhDe", "":[[7.87631e+07, {"
8 Wj":null, "nZ	s"4gpH":3.88785e+07, "lJBlNRGt":5.81324e+07, "O2OJNiv Kg9yDFqpH":8.91777e+07}, "Rg\rneaNVHX", {"u02lIL6i":4.85343e+07, "WY":"cWfHmcf", "x2z7RLQuh7f6Q":3.46189e+07}, null, null, {" 8YY	Q
	B1 ":3.21975e+07, "Hdqc":8.97733e+07, "bc1oe":true}, 6.89262e+07], null, true, "\bg6E\r\tGGJ", true], "eGr5dzTRk
9KAqmJZ":{"0i4vJCdQp":[9.91756e+06, true], "BVkos"MSFzHE":null, "q JIAV"h0yus":8.31591e+07, "I":false, "Ne57Fr	g":false, "6C
 63HCWIHt0hHfu9":3.30567e+07}}, {"FR
AFvSboM":null, ""RSvPavdPW GMiJY":{"MtjcwX":{"nmm"
BC":"BK4"}, "2yZq4bHOw8O4":null, "qxV":"xEg\fiiCw1LMK\n\n0lj", "ZWyw1kPN
Mi4p":"DftN2lGm", "eHFPAO":{"rellZBC
x6qoW":{"yzlwZizUxRQN6gG
":"\bpTSYV5UA\tNY\b\t", "N":null, "s8PxBLl":[{}, false, "4xm", {}, null, [], "\nZIHtbeaNMQ8K", {}], "KNs4ZC0":3.88109e+07, "bMH46P":1.90565e+07}, "BQ7":[null, "zatD5Fb\rRY7\tR", null, {"2Z2J
ntkFgdA":[], "wmCyBsda5":"Zo cBw\raFE6wQaWjDT", "ajb"6zhzfXOxw":[], "ajyY":null, "j8ZeZ1gBD"I3H":[], "Anz	Hlik":true, "0SodiNCueq1	lpjNO":[]}, ["aalDPHf ouS3b7Oih", "TldEtOLB\tA9hTZn", [], null], null], "Ktjsi08Ftd6u2":{"GC":null, "kDZYJXi50DANR3m":1.83941e+07, "qFSvI"":{"RK4xUNC3rDKRsYM":true, "iIOCxsiQsJDAip0":null, "CmK96Bp":"\feL8g8ngprKk2mj9T\"o5", "c64WYdfkHr":"bgRzU JEDNI", "xDryL":{}, "UB	FG9V IBz57xT8g
	":[], "9QfR6R17 6MW":null, "xmUB":false}, "SGt1aAwXYNsv0
":"\r\tqqFhU", "GeXUMY7noE e77aE":true, "xW
sirotOg":null, "fY583dNilmwRL":{"c7eJ01x80 q6ChQ":[], "5P4Jevs7EY7FKX62ET":null, "wh54fUYUy
e3"6":true, "oeuo6g39H7JBgK":2.47153e+07, "5Y UJgQonBIfsr
MO":[], "I":true}, "08DZo7OlVkF0":7.44087e+07}, "FZIe52":null, "QaPL3G2loCf":"9NkzyOsExw4krN", "yQj9bW9A78xQ2IldQG":7.25414e+07, "QK4 ":[{"8	usr"t":[], "WccXJt5	":true, "XrDNt kXZ"s":9.46331e+06}, [], 8.53783e+07, "\b", true, {"JI u8zJ2hvVv0JpD5rDn":[], "Ho3vawhL":null, "Ngy0d":false, "QhCD4KQrjUk1":null, "E5laoUbtPcp1T6gm":null, "G 7tntOMpDoe6OFH":true, "GZpAr9t5enKCFIPq61d":3.48925e+07, "lh8":null, " 	uWiCDsVV":null}, "\r21DVH", 4.32759e+07, "VBAhYag1BpsNbAp"], "CleTeXV7MPYZYzBG":"Aciu39e", "j":[{"j	ncxvrRn9rr47	xXg":true, "HaIsusFIOO3X":"57CWIWHC8FbwD\f", "TqbkfUAKk5Zftt":{}, "Nq8sAG0LcygJph7b2L":5.65723e+06}, 1.11931e+07, {"w":false}, "IJb\bWzmu7FmNBC\r6", [[], null, 4.8747e+07, {}, null, false, false, null, []]], "rUyANSm	gLjp":{"rOvL"jJS2k":1.64059e+07, "yhM
r9p":{"10PatwLHQmtDc":3.57084e+07, "96tcR5t":null, "n9S1MBufsfh VX"":[], "	3DD3Y7y"RpEa9sYb":[], "L6jaiG1KqYy8":{}, "gGn4hu7YB v6q7":"qTucY2UWq\n73St\fW", "LXGBsAjtlJas":{}}, "gr2HCD4tYJWDEKAFwTHL":{"65l":null, "M4sdO	":null, "sK0jccqAW xO"wByC":true, "m":{}, "31
":{}, "	HzaLKr8YlxGn":null, "FZk4mp2":true, "V7JFcCS7":null, "jlTgKYkVYdl":false}, "fHW1qTZ1wt4QCn9":[[], null, {}, null]}}, ""fr":false}, "T1gw7":" 2C\nHZ", "CImjBkVNwzNO":7.57271e+07, "Y":6.46172e+07, "cbU":"Tx2MxCV\nMY\rXtN3tBUN9", "7781WT":false, "dZCCE":{"yWSToEuLxdGiS74":null, "5":6.31688e+07}}, [1.8167e+06, {"ey9hPdVq8":7.03372e+07, "CNIH0Dy9	p
bsY":2.10015e+07, "WgC0v8Mk":true}, 4.73199e+07, null, false, [[], ["R3pY\ruk\tiW\nF\nCw9u", null, null, null, "7"]], 3.82748e+07, {"wJVZ32lSd93J":false, "sQc"4dfNZXPA":" "}, {"07Y9rEmjm8R3
tpow":null, "S
JalbcwLp"1FH7":3.53382e+07, "FMB":"w8u", "
oj4t8G5r"GfSmk":"Y", "In
":"Iz5\"", ""kKAg6AkhrwPHUTtqyq":true, "ZdUBG":{"DiXXqCQL":3.69151e+07, "Z uGr"u2":{" HzmZs	ywyzhU":1.89365e+07, "aX91CX":{"K5":[], "Drbgwn	":true, "HoyON":{}, " 6nZl":{}}, "ut4UUpXaL3NIq":[false, [], [], [], null, "\thOTTsmH7B\bPkKm"], "oaJXoowEUA8":{"1rqFivnJKqz":"zp14BhO5w9P1D2\r", "q	gk":"H7Ixbllisyii", "5K3ScN93d7TzYIRX":"3Ik", "vx73ygmrzHj6z9":{}, "ViKdHDGYED9":"JblUC4M", "BxHuxZlBT0I":"OD9Gryax3d\nwivB1", "Xi9nf7Zvu":{}, "X0NUKl 9B2s":"RxTon"}, "zFtyiPW":true, "of1SkCgGtlKk3Ftb":1.8968e+07}, "LV5JM"FpnfB":{"nrYmwLAoJq4dS6a9":null, "WwnDKVvVo	JAOf":true, "Pxsd"zCu	tHw
FTGEUb":true, "UByBBcKlDEH f61pt":7.52802e+07, "j":{"nFRA g":[], "fhwnBAPjTlbaa":1.2939e+06, "w3yXy4	rqapNq3F
":2.48742e+06, "AO8bP":[], "J	YhOpa"	cC"a8JZ9G":false, "zH":null, "Biy":[], "o8NNVRJiwj4U19IzeRm":false, "8 HsR":{}, "QvcL1Jcbhn2I R":9.60225e+07}, "j0ac":"qv vl5pZPc\nI5k2", "8l	Nx6CklQVwp3wmLJ":true, "	ScapGcd80elP":false, "Q2su":null}, "GbUna0xB
":[[null], ["D3IX"], false, true, {"PKfs4VXkH7aGV4j":9.04588e+07, "hOQOFp":2.33039e+06, "sbTqXP82l4S
":null, "T5pqNfFLu4Ice":2.84491e+06, "tNtNJ":2.50237e+07, "dY lD5OrKV2Vyo"d3uK":null, "QBtf6joFNPXf"TCx":"u3q9qn\rb8UfegED7\bFr", "ZBDLiXm6":{}}, [" Ifmccoq", false, "k4", null, 3.99099e+07, [], "5WUq", [], null, {}], "\naagfKDZ4rfi"]}, "DmxMexf7E8	TOwcou":6.01255e+07, "lPDNXuby1q":false, "u4gtEEdZ":5.66017e+06}, [true, null, 4.55552e+07, {"rXkgvH5noZH":"ZW\rlB\"", "53Wj4In":"b", "vMbRp":{"c50wrrg":1.66482e+07, "iPgtFndZChaWU":"o", "HEB":6.43514e+07, "4	O5xN9
ZH":true}, "XBnv":{"fQHPoKtAwnY":null, "bEi":null, ""Dt	S	":{"wAIRU":false, "Akl	ynoJ
CctR"0Y3Dz":{}, "gQkItZo086TjzXJF ":null, "pD8 PylOgKz2bkdgc":9.93054e+07, "NtLTnIK":"VJEwUb9", "q	o"":null, "PjDRmS8Db	JJc":null, "LqCrDYWYcKKooT1	h":{}, "2FzzCmhIl4I":{}, "OHeLhD
cqjwFMXcXQ7":4.63274e+07}, "LZ":null, "2P
9A7wTWAgdP":true, "	HW90OOK4YcNm5r	lGS":true, "oWI6fTx":[true, {}, "a6s2g3UAxKoOyB\r", 3.0856e+07, {}, [], true], "XKwsvtAk0NX	":null, "Qve	sqLggaLG":" s\t\r9FyKOLmVSU4"}, "jpl":"YLP5V7\fn1BOmsyQrGB"}, "lMsF", 6.49244e+07, "h0uXUTX6EwE3", null, [null], true]]], "l7a":true, "z":1.46039e+07, "0":5.70069e+07}, "Fmx8YSYtw04k2E":4.06704e+07, "prq1
0iZ":false, "AeWDrvMH
Q":null, "1sc":{"SrBQ8
dwOp685d	Bq":4.71133e+07, "P7gASMozqUhdxN9":["iEiCA", "VSVdz\"eJw\"hxGjkih1d", [null, {"1VHbW":null, "YkndBloVPBwCd":false, "DXjTNestO21jRSmE5ryz":{"1dvextjKPR 	oIDk":true}, "frW
4Yk6A6":[true], "E7pjeb":null, "GT0":[{"OG":"c8\nxGxVBsQd04TzDy", "Z
ATtjUHIEhoMQ":{"9Xp":{}, "QbOdSpsydw53":[], "xI":null, "WCFRAXDX8Ms"x
Nv0ZC5":[], "
yw":{}, "CeYhG1CnXDE":{}, "AUsi4NEucP10Dl":true, "C1PhYiva3Y8":false, "Bl  anAx9nTd0":3.42118e+07, "v9KVTprO":"LjUj3Ejr4NJXk"}, "9HhawQG2":[6.21679e+07, 5.34778e+07], "RgziMvUocQ0ToabbTZ":2.07414e+07, "2ppZ"":[[], [], [], "cbA", "Kxs", "44rI\bUmJ Z9K1mCsn3", "NcDariECE", null, []], "1tCkj65y2GD
2c8zo8":[null, null, {}, {}, [], null, "O", [], {}]}, {"xb8GQJI
SIO  KQL5":"8", "BzLs4gN	81EdChOJD1M":[null, 1.46459e+06, {}, 5.67102e+06, "bxVt7\tt1hV", "OBY\tVQkRi5G07y\n\"y", "LDkDo\nUi723\rjg"], "u4":[null, [], [], {}, false, 9.79572e+07], "JZAVAjPGXMUUcG5qnE":null, "Gb4tJX4iUXRYe":"GB", "9WdiGZKU":true, "fsl
":2.20627e+07, "ZtPLhDml ":true, "GGZDnf2d"FGxztZQHO":null, "APAcT":null}, 2.49333e+06, {}, 1.22584e+07]}, null, {"QPm":"vnRagRaBrJT\tiAhsB7", "6o"AsjvgPVBBLhp1Va":{"eFN96It1X5k4DeUEk":[null, ["HMutfUCsV", "g\ts\"", null, true, {}], 8.05629e+07, [], "h\n3E6Hi"], "S":9.28714e+07, "D1hWEk":null, "f":"Cr", "0cs3LB23dimWWTAU":8.35929e+07, "JgDYmPhMY2pwGsUa6N":"jb7nKH \bo2if", "grfP016eIV	oLgBWOK":["h5KO\f04930CNK\"fZ\f\"a", 5.59352e+07, null, "2", "aAd spimVecFn2UllRT", "1\"\tF\n\b8Q\n76\n"], "EhXi7BUpzbk":{"0DI	VKhtbYp4Vl	":[{}, true, [], "Axy1F\tfLpRC\"DLjN U", [], 1.09254e+07, 2.78358e+07, 8.75485e+07], "NDy4"jMKqcU	x":"2u1LAYvzDzE4vlcP", "vMJuS	S"N9":[[], {}, false, 5.56128e+06, null, [], {}, false], "k4tXkUvypgfH5T":false, "A":{"f8LX6M03Na":2.21168e+07, "1U0K24fnywE":{}, "G6QggNo7euNq2EJ":3.91051e+07, "iTn"W47O"aZzu":{}, "H1qd3EoUij4	sU9tZtSj":[], "2k nytDeuIceC"DD":{}}, "O"NW9QdLk01SKqOUyV":[null], "4
bF z7":[null, [], []], ""M tBX6U18wmnr":"Z", "PB":[8.49175e+07, "ACm\"NWx3iaMPt", {}, "p\bKPLcBgBo5ctvxD", 9.96248e+07, []], "9lI	yji
X5U	":[{}, "N\tK\bTjz7qL", "1aVBnycAZUXGF0\nM\b1C", {}, [], [], {}, 7.58543e+07, {}, null]}, "7gyWfC":[{"n":true, "Op
Y
":6.20788e+07, "q":5.76567e+06}, "GoTks", false, "36 Oey6b\tYBVLp5", {"skBgywXPQP	0":true, "hxBkotdsNq":true}, "X\nk8eHs0zgz"], "tPLlA":8.7902e+07}, "1":"ApNewK2X\fnere5", "ljICbT6OSt3EX":null, "wph"F6aJ":"C", "5l66jRH":null, "Yun9DMPkbgj":null, "QNZclUJi6rBqGh	sqw":true}, null, 3.347e+07, null, {"VY":true, "LLbYazcwrkXMH":[{"dgUzZBrDZ":[null, 4.86369e+06, 6.60322e+07, true, false], "JzyxxIlbL":{"OTCJXFPo7GP":true, "t4wAWHoVkr"PeM6vOG":4.65839e+07, "b9	FUiI3Vbn6vXy":false, "s53p3wifaP c R2iAbv":true, "OVaIQc":false, "HEI":"elsTGBiq0\tyGtw\f5l"}, "mfom76kK43I6":[{}, {}, null, false, 7.08726e+06, [], {}], "Q8yz a":8.81498e+06, "ml"5t5b3caOjo34	":[{}, [], [], {}, "a5\rOUrO4y1N9Re"], "8V LIQiN1ClyeGz5WDv":false}, [false, {"1OFujSp5":true}, [7.30248e+07], false], false, null, [], {"Tt1T":{"f17gjc0ZO5S z4i":false, "NPKzgPRfl ":[], "I8JiN	":null, "bUGNin w9dUqM	V":"WjUzZrUmqAL1ga8\bg2\f", "gs
PAqnNoZyt":"bGThq\rF\tXCe", "cLx":"G", "mxmUmRBwePJD7":9.56279e+07, "Rl5doR":3.2384e+07, "RVVuiPZ":[]}, "fOi5":false}, {"xjrofSHz":{}, "zY":{"fgNFKvaPRz":false, "N Qobon	N1":4.23894e+07, "	XiHZ5vBj9VSQh4t":true, "Ef0zslubJelLrWNEj":9.25183e+07, "07ykduVYIY	p4":{}, "TGaL0b5Sk4TGPxE"N":1.79324e+07}, "4":"9PaCPgDjOBUnMg\fvwHx4"}, null, "H6B"], "Kp":null, "A57nCcoGiCFGaIe":"\t\t5g\"wAMvSdM", "uK":false, "gR"s1pYtWBArdBD48rL":7.26742e+07, "AkBCNxqjQI"ps
h1":{"By9weeScl"r8ox4e":true}, "5fSHr UJsghswmoIQ":false, "ls681":3.70051e+07}, true, {"zBCKZfvXIvk44":"te6v", "mW0xgEN4w"RJwG3CFS	":{"3lZbrJcO"141QVG":6.68163e+07, "YQs xlTZR	45"kuIY":[4.26114e+07, {"Qjm "3Bf0u"zBL4Jf":4.33983e+07, ""0WB8dBHWSiE":{}, "5yW	"K15y9vafnO09":"O3wF\b1J3QMf", "	5vWE":{}, "qg2lx4Fm0"ykRuXgm":"\fc", "3STEzUiAIJ4ywrI":"\rhZCMEJ", "M5zXSKA":{}, "G":null, "OGedBT":{}, "HHi6yI NXI5292dj":{}}, null, true, {"wCLxWFgYSJeC3gZ5q":"Wm3\fmj", "0
BS5qHQhy":null, "CZc7yOp ABYzB0E":true, "Cr6RK7iu
7UGL80 ":"Is\f\nWm\tF \nBennmiF", "	8djoxHagr":false, "7uie	HNg3o	J":[], "SdavujrkZaCavRp9Rp":false, "3A":[]}], "1zjf	dCa7i2":"186M\"CLmggBh", "IuXaX	YRGRg7qF"YHX":6.04818e+07}, "8jV5f D"yNykrnBZ":[{"M":null, "DiV":{"bogte6Mc":"pFlE\nLN2fcxnVafaTaqV", "6I29
E":[], "eG	OIs7":null, "ZE79KkaXk
H"Vk ":null, "FE":{}, "	 gikvRyuf":{}, "cAmbIFl9Yq9FrzhR3Sf":{}, "B
0Hv02BpoEK"GF":"A83y42kfdhIBKqbh"}}, [[null, null, []]], null, "gfv8RRt1uOS125Zf", null, [[false, true, null, 6.08852e+07, 1.50702e+07, [], null, [], [], []], false, [9.89255e+07, 9.52278e+07, true, [], 3.77945e+07, null, 1.83631e+07], "Lu\ncN", "ZK13PDrA1l", "2\f3\bA5Co4ePL", {}, "9CxLviR\nkhkgcOdttS"], null, true, null], "R"iGB	TACb":{"j":"tZaH\n", "CShJ6BAZ6"":null, "nAzVQE"JocT7":{"YOeXCiKiPGG	2lm0L":true, "07":2.47611e+07, ""Sn"yfXOUIZg":null, "r":false, "lDMKZH":"cllvHRtR"}, "e6uZgOTuwK9ZDWdw":null, "pd1":"NfYJy\fYmqSqd", "q":null, "JL950N79a3":[null, 1.23322e+07, [{}, true, "SM\f8VFBG 58\nW", [], [], null, null], 3.68282e+07, [3.06852e+07, null, "P\"oq\"zFyiZiMlPJvYRk", false, null, 6.36479e+07, "DQHaJew\frl"]]}, "KlNCoDqQ
xYMIOnMHMyk":"mc\"\"", "n9Yvv4aRvISJvrpF":[{"oRSnj
xumixXC1M":"xPl85\fqVnF59 e", " rx":2.43739e+06, "7":"o\nQ", "LSo	q":true, "eZ7wH"Z
 1Rm":true, "4O2CKM":"LmxD\b\tTWOGozu", "CX8zB":"x", "uQlu9Ec2S":7.6643e+07}, [" 2syE", null, null, {"tpcHjt0t9SG":[], "OcVC7k6XHHOFN2N":true, "T4W7qzfuFc":5.90737e+07, "CjSciUlIR0wT9rJ":"s1GYcAvc", "0lS1nUfJ oOVCVmdqZj":null, "t6AIu1 
tbHzHRTK07Z":null, "W3mO6ghat8":[], "AbQtA":{}, " gQq":null, "9K08Y":null}, null, "o35sGk"], 5.12194e+07, null]}], false, true, null, true, "6LFU\"w\f"]}}}, 9.55479e+07, 5.74296e+07, null, false]
