[["pCklZFA", null, null, [], true], {"joaxwaSC0Y2N156b w":6.27082e+07, "DJ"IJHpLtxUES":null, "5RY75BLgELjRH":null, "mpw9X0AUMnlu":false, "pUs9O775AWV4U":"s1y2k6lsMSulo", "J00yshvE2vF":null, "
89flG9RQ90S24jrdb5":null, "f7PJZy56MUnC":5.91184e+07, "XWP7RfddRjI":null}, [8.56541e+07, false, [null, 4.67188e+07, null, true, {"TgxwYPIOzs0gHCIiC":{"4K	ru"uaIiKOTO":true, "5O":"UWq\nOTsxg", "il9hKU4zfk1":"QjlsvthpR\fr2", "UF7cLD6nQrFYaIwriP
":null, "NIgwXDevUPOirKtg":null, "SNZ6qkahebtUxSSyQ2kJ":"lebG\"TNQGj8p6GDQ\"Rn", "LdQYX5c"Q7Gk":null, "	ycCZ1LFKD1J5ER":["uNX", {"wPVZWND21PHYlQ":true, "DcOrddB"dIKWZs":false, "LIGA2":7.34135e+07, "tKtb":null}, ["DWyclAqaB3zi", [{"lK cZr0mZ7d0XF":null, "NDgKAtyn":{"a":9.75096e+07, "DvaqiM":true, "iciiSBo9svcJJ":"1\tCAuNu\t04v\r4G", "M1hDUk	OBgieOD":[], "lS1EnzNHeJmM":{}, "g5ro
Jdt5":"X 4tEC", "qzSisoS6vaKWgVUa	4":{}, "xt34SiQxCqYRwXIA1":[], "K6QLd":{}}, "DHICSu3PMbkBlL0o8XK":7.75097e+07, "HV1":[null, false]}, {"i7":{"b":"Kz9ZFq\n7qj3xAW97OVu", "UIC6lSIVB6YIxy4t":{}, "G
ok":null, "u	w"MfNhDU":{}, "6Ku4zXwkObqZ0SC":{}, "IXvwlccTq0Go3":4.31364e+07, "ew0itQIqi	HLt0nu1l9":false, "PsXM8j5Z8z":[]}, "XORmow5OYZm0WT"K":{"XsT4vhZK31G":false, "RXkCkIZO2DOP":null, "CaazRs7PHXlgOOfSme2":[], "R":[], "1gxdeLNzeH5zNOcWYOh":false, "FCWl8EYTygUPZtmIz":8.57919e+07, "JV1Uy5TM ":[], "R6fw"A9luI00n2dwZa":null, "fI0yEu94e8SlJ8DdC":9.33928e+07, "55xjeDw6lAJUJs6":false}, "Nxzjv8oC0WSH"5ZvrP":["zCSdOj", {}, [], 7.32454e+07, "MWMNNM\bz\"aN", "VSCx\"aHLu\bSGv a", "Ch\rXRm", {}, false, 8.96988e+07], "Q":false, "RFMr2jOQoribwV28f":null, "P1FZSULJ":5.33667e+07}, false, [null, "KlW", null, 1.96301e+07, 9.10117e+07]], "K\n\f3", "gLSWbOX\r1"], {}, [true, false, "5q", null, true, [true], false]], "n8whBxX	":"jHpX\fO\tyufjBj", " J74wS	cl"v":false}, "P"E Yiq	LJ9jFfM16":"K\"", "pHojc9QJYmrVt"":"8", "dggF7 t2NDGYc":4.97276e+07, "xXrLJYEYLZ5RcN":459550, "5":[[null, true, null, null, false], "UX1k\nmKei\fD", true, false, null, 8.30376e+07, [[[{"
x":3.31191e+07, "4ZN6KUU":null, "eGC4k":null}, 4.24652e+06, "nrRQuHsnv", "xijucilf8Gkn\t", {}, ["nulB\"E6u\f", "yY\rhW\b\nV3dwWS\fmRIxZ", 1.98974e+07, ["g1XYu6PS", "MEm9EM\tSCfOSqCb", 9.31466e+07]], null, [false, {"i":true, "MkuO
mByblXpo":null, "MSSfPPWA8EbA":null}, "nzt\npmJHstP\r\fP8HB \t", {"dfFo5Y":[], "7hdo1W":"01qS5d\nZO\nE2Og", "2CmT82d8B4v
KW":{}, "q5W7":{}, "L g6XrHP2h":null, "sv3YvDhN":[], "rbL":false, "y7E	F3Xf9DmK9XNq2L":{}, "Nv1oRv":null, "1o0q":{}}, false], "\"8SYZHzl", "E9"], ["\fj", null], [false, false, {"XcQtdiXZBRSxs":true}, {"BEHcaX":[[], true, null, {}], "gCV":true, "	l":"W9j297HHk", "rf"m1CtpB z0Cogn":[false, null, null, 5.9251e+07, 5.82969e+07, {}, "xU\r7rEzkR\th6", {}, true], "
P5":{"a":{}, "J":{}, "6KlT"ijclP	q2C7v":null, "s"JV16SnJVGikN
w":false, "VC":"\fqkaE\bCjc", "38K":[], "HanXzkXVatnoZ":[]}, "u oQ
IYP2y4G2bCQ7":3.27281e+07, "	th6k7rEodCC6fG":"X\"Cwwos9u2", "gWjPSJmnn":9.33619e+07, "pVTU5xKfGLZBM 4b":null}, 6.94693e+07, {" "":"W", "jYkkhrsPzb":[null, true, 7.81889e+07, 4.5673e+07, 9.6692e+07]}], null, null, 8.57368e+07], 6.84074e+07, "cciZnhWVO\tlX3x", "d3Ml"], "RCn\f", null], "	gUAl0EMzRazW58":"46r2jW\fSxyQy\fOqgk\ty", "lX1lgiEpj":null}, 2.84891e+07], true, false, null, true, null, null, "z4bFn\ffI CCJE8ah"], [1.42234e+07, "7I\nn\fTmM\"b\"\b0", [[[null, null, 3.02152e+07, [[8.71485e+07, "L \feB\f99yljDuunKv", {"qzOZ":{"l0zZ"uGvjqQ sOBT ":[false, null, "\" \rY\rQC", "h41", [], 3.12544e+07, "CNOAGdujaw\"9YAJx5xFA", "g\"\b3eQ2wF8j"], "q"4C74k3xF":[6.4552e+07, [], 8.93942e+07, false, 7.72938e+07, {}, "OPyqBTc\rl"], "XcL":true, "rm78cQQ4fApHDgIC":"\rukwj UPsvNGo8ZqVa", " nY
QagBJDFonzWYv":"MEqD2 y4z1KS", "	In":null, "VZzHalfNm	E9aKXF
8":{"C82":3.88742e+07, "D9ShKMK
QOsAY0":null, "Y4qqIEZ":{}, "x09eY2 
vQVe4q":3.68464e+06, "dgD0t5NK	3vGdFW":"RH3Co", "SC":{}}, "z1KT5
LU64ZnTzjpw":true, "2bbAum":false}, "SsTA nSP"":2.02736e+07, "d ":true, "ki"1q5sGUiQ3":{"z":null, "15zZdSlyySyqwGfuR3":[null, 1.90822e+07, {}, {}]}, "GPMXLapPkqls	nO":{"o2Tg":{"VYXsZH":true, "ha dAF5F0":"\t\fQ", "b":null, "2SMX"bvlcGQ3mCzYC2":[], "uFKR":"EbXC", """:{}, "mgqaY"	x":true}, "svw	3HrwO"qNML0 Vb":1.19319e+07, "MW4a":" 5", "7mwCPYm iB
E1xH":["GkIooG\nnD1\r", null, {}, true, [], [], []], "rdSuSlD":true, "DQkT3"D9XyYActSZ":"0\ra0RGEfapjLoAbYa", "Bpkj9e5oeP":["kKiY8a", null, true, 3.62327e+07, null], "X dNp":" sTh", "3nGVJ	uDRTIy":{"WMOgXrpS7Low":{}}, "	0omapg9n70	gw":[]}}, true, false, [], {}, "dgJ0UIZ", {"cC":null, "vh1"":null}, "naV\r6Fn\f8\rl\bfsyYiz"]]], null, "j", {"fQITSZgKjU":[6.09136e+07, 3.00395e+07, null, {"gEIdZQ
KbE6WXf":[{"rUSlLW2wvcB"F6":2.86198e+07}, {"4oIaw11CwPjN":null, "y
VpJ":{"fxv2cXk
fnDKX CF":[]}, "wi2oN":[7.84083e+06, "v3\riNnjd\bzjbzDi6g", 4.35319e+07], "p":[]}, 4.46118e+07, {"IhTqkySPLqAEm5Gfx":null, "p 5VxknD2vb	zWAnS	":"yD9\twUQZvVC35tQMWwnz", "WUoAdYFakhm":null, "y":null, "1qC0J6R72H":[], "k8b20XwSi3O hTGb	":{"eCUZbIFBWkGF":null, "4"2e":6.18955e+07, "X	OlTnjKjDiXwh2":null, "mc7mjp4if3bke":"ToSRo\nDC\r\f6kvj\nD"}, "P":true, "E2":null, ""JzL
yrk7WHcfXsvE":"\tb4bUgUf"}, "\bd\tt0bai1C", true, 3.19413e+07], "7ekb"c3Gx":"8", "0f	6h	cMH":true, "T6	nLo9J":4.54456e+07, "uxNF":null, "5"fJWtcVzZLPJY9":[{"MI udLqVIQa":3.11597e+07, "4oKv2U7zPl"RY":false, "uAl1NK":false, "KggMJhU":896707, "5zq8AAF30ADZ
kHnu8":[], "AOzYUPy":[{}, null, "qR\n53xB1vSbJlF38aR\b", "8vPh12qg\fxc xO", 9.16757e+07, null, {}, {}, "mc4aOM7"], "IHONwhBTZP7":[{}, null, {}, 6.17076e+07, {}, false, null], "XuHH0czMjonP5t":{"8U"xq2":{}, "M4":6.897e+07, "wuRDt0Fa bb":null}, "EH":null}, {"nn"z4u8kh"":"\ru3MQ022WiN2K\rF"}, false, {"x	YLH0lrg ":false, "xdUz":2.2879e+07, "WwpCX		U1z":null, "kL":[[], null, "z\bLixLrJ"], "qJL8VJ	7M
":"W9jmJd\"", "SWSqPpL6Cmvb5mzDULyF":false}, true, false], "WzDW1B	KGAmfq2hmNj":{"6ELMCJn":"HNpxuTS ZU\bvyPJN", "FPqYMHL1bXKkw2o5H":"XtgymbdN\f\"D3", "7
ziu":[[4.75403e+07, null, false, null, 3.9674e+07, [], null, "VMwwuU0CfjOXr"], [false]]}, "uJKwJx0r1R"Sd":null}], "Ye":[[{""V91czgRQKmX0G8":[null, null, 3.00476e+07, [], true, false, 8.79238e+07, 4.60686e+07, {""cfRArxmTsDZ9k1y":true, "S":{}, "u
Df5faA	dbSZr":null, "waLNL4":null, "44PlY1TocyTvvKj2C":[], "DCLS6":[], "EEHPhOSPff":"iRxel\nEYYCJJ\tWE", "Kv5iEc":7.52959e+07}], "	p904oY LK9hFZOJo":null, "3RjQN4PGwi0VMHgp6uG":"FFxnH\r MgOTlMEdkrOV", "TUIfc9saJdNm	":[null, "rVkha"], "LHQi
D
f68EWnpZg":true, "SWuh4oGOD80dF4H":"UG", "YH63l"iS9Yh":"e7\twAXz\"JE", "g
H0":[false, [false, false], {"21FCwUKDvak6":true, "L"":{}, "nv7t3i4XJqbBu":8.17866e+07}], "JZRyqPol9SQc5wLyCc":2.9147e+07, "nVYT7":"Myv\bCm"}, {"2wYV":true, "cuBuXLFzzdt	":true}, [7.5253e+07, 1.39869e+07, "EJ2d374C\r0J KKo", true, null, {"HzaFNyJY16HmDBqTwB":true, "uqcY 9ma":null, "nq":{"5":3.00265e+07, "mf":null, "uFu zjQV1jBpPVqSXL9":[], "v0XdCvOYNiu4E2sBx":6.56795e+07}, "Y7":["phT\t\nrcLaqqIaC199V", true, 5.20646e+06, [], "\"nZhb1vaBN", null, [], 9.70975e+07], "Nl":true, "Zte fpEFPOdEu328lc":"opQyy7NMP\"eMBUhX"}, false, null, "hxH4Ym0jOuZ", false], true], {"JI
v95r372MX3jV":null, "CmL4H0LDOF8		se5":"euPqXtB\"hzxK2", "T
AHB":3.14005e+07, "OfcKjoHLf4w5S5":"\ri", ""tV":"KJ7x1u8nYZ", "dQlh"GJp":null, "DUWqoxATo2Wbog4If":[], "j7X9":"UI g", "3JSVV":false, "r":false}, "dKycgIU26A", [], {"Fw2w5v":null, "zf0xi5N"ybcxjkUMzK":null, "QTC9":{"e5Kw36nuDQ":{"R":null, "VdTsPPMnSfFfhfsF5":null, "sKHqLI9":false, "Q":[null, "V\n2gJ", false, 3.38819e+07]}, "eTXqpp5Cu5YaLL":[[{}, 3.95918e+07, null, null], [], {"c5zG	of":2.95173e+07, ""rt1khNa":{}, "YWj4PC8j":null, "4VDe082zE3":false, "NylNS":9.45688e+06}, true], "aLzWqGPpD	xI":null, "poxnoI
kXid":true}, "OG0cL1glMfJ5tKsIN":[[], null, true, 5.97814e+07, true, "D"], "tFcxiRDxv CZ51OY9yi":true}, {"BPwYq":null, "C"OXillD":7.64304e+07, "72Po gc7JbhSopEAX":5.31211e+07, "e":{"p48yuADOdth":[[4.19287e+07, [], [], "o", null, "imE6EBtmUeL9E", [], "\tEFRVkmYKBfjfXlTFB", {}, null]], "T":{"7NCG44MyfI":["WJSpZhUO1cV\bst", {}, null, [], true, "qx8a5f", null], "	Bid4FGIOQfQzOXie":[{}, "1\nlHJLxEP1aOI\fy81LL", []], "xTK3rbf7I":9.4243e+07, "	6okOjxBE5mrhe5MTf":{"YQszSAg5eqJNa8Y8VD":null, "ISZa2xg	Rvk  IuZZ	o
":9.87508e+07, "oOo":[]}, "w
GA0eAUTze
Qla7":2.37519e+07, " 9y":[false, null, [], {}, null, null, null], "yx":3.7123e+07, "9nihQ
ZRy8TfttQ3 K1":true}, "INL7pjNU":"Ae\"j0s7aJyh6P7i6Pw", "mWlcewD	aafe58M2YPpZ":null, "oKDl	hUZ":[[false, []], null, null, {}], "Ka5Jpk36TFcW4ABrR":{"oPcg4q15GDAn":false, "svNjS":null, "6OqKsBmnkHLRCm
p
Q":2.12384e+07, "EPPIE"Uk9be
":"8v\ru", "zr":{"OXxWcmw6TlufEh ":false, "6apR 5ncRmZNK4LD":null, "9HciX":"EsUBgdq1Eg\ria\tWTQ0D", "Rgv
lhd":null, "KMW":false}, "mW3Mo5
VP
GtYT7aKn":"4k3ZgGg\fP8WZP", "SaOBFfuin":[1.30164e+07, null, null, null, null, false, [], {}, []], "sEsKGhqK31MIndCdDc":false, "8ArKFPP":true}}, "DqkcNUiktXZ":false}, "zgx\"t1dF", "Jb", [["\rx4oG2qR1sf2"], 5.26412e+07, null, "WT", "x nB4joT5"], [3.23381e+07, 1.82861e+07, false]], "Ghaw":{}, "EL3oC	fd1uqc":true, "r8pH IZV74nWSqCn5c":true, "Z":"iW9V1Y4M8XIZ0n9VoAO", "kVoDg9mx0cFapnT161":false, " iqhr3":"WpM\rZh", "6cqtkZj1jcqm1iZHt":{"	yxyy4j6	":true, "2F":"CQbYTnou\r7euVc\rj", "t4QBi6DJq	krP9":"\fwKPdPYEB\rn14mHut", "hhy6H
w":3.08174e+07, "gCouvsShiu3
pv7RkhC":{"WLLrbOr6U
o8":[8.1347e+07, 5.71026e+07, "3vxiPHMOsV7Th\n\t7NJ", {"bw1J0yRHLt8NhLS":[null, {}, null, [], 7.22523e+07]}, 9.28024e+07, 2.81154e+07], "n4HGHhW5":4.90149e+07, "nGNSM"aFGIuDI":2.41673e+07, "3oC8kj3":[true, true, "1F7LSUyHy6Jah", 5.88497e+07, "Yv", null, 8.79633e+07, [[{}, false, {}], false, true, 4.02556e+07, [true, true], {"XKC960LXXZ4s":[], "rTVxu5DOq3huEP3q":[], "c7milcInAtHW":[], "qJuut
tBAI":{}, "VRHM8IRqDZA":[], "joPyHPaS5iFqNCBAaR":7.13506e+07, "md4Hc3LAN38U":{}, "Ey7DoqFdy":[]}]], "kMT78Uy":"\n0Xqcy2AF89", "59WJGtDnbaok":{}}}, "LEcMnWI0h94YOhfc":{"3EV1XC1j2ilbtW":false, "
urFas	0":null, "wBPlOx3XiEMvSG"vnT8":8.18071e+07, "hH8P":"3wWkJ7my0 OuDD\fpj", "3lq0":null}}, "d9QQLj\ba"]], 8.91391e+07, "t\nXQ", 9.69114e+07, 4.20435e+07], [5.56495e+06, {"gkj":{"TSs	u6BIX":{"2grg
ab7":true, "p7DHbQRRSEJtHuGKp":["Xn0F5lYW", {"d3"PA"vTqa":false, "XyecVs4BXjx
U7iSCM":true}, false], "FyjZW":{"	Y5CAwGfIKzohD"UFUN":null, "d5fnBt0":6.54145e+07, "QRFQR	lLJPqj6":"bYmnuhFcfrF0s\tl2", "Q0"	Q5rsR CH":{"5AsGbbkNhKIfWrbMQ4":"7uPG", "MkZ":"Sg6uB", "UqrOnF1eAQ":"LuFpiw0", "xDN44Pqci58b4ozZq7":false, "ecbL7q
xLHq8Dcm4GI":7.49669e+07, "UOq	XAMjVvlr1":null, "KY":null}, "4YYCc1sYFobSUIsdSj":1.79676e+07, "FCMG":{"NKv9":null, "4PwQEenL":"MYsFEZo44TOFY9bN", "ZABGl":"gm120czh2MqB8igol", "dSo2G1B4":{"YvmTgg4GlsFW":true, "4ISIgB5sO0tBQ":"\"9KGkMbk0IHM"}, "p2rFbq":null, "0":"0Tlb8cLnr"}, "	qLcbiD4S9MCme4LO0z":null, "psayXND2f8osYC":"VDJ7\rpI\b\fU32T", "3QE0Z0":null}, "3BwuPz3D579I":"rIN 7QRee", "Hdg":null, "7AbkoNs8Htm1FUo7
 4b":true, "U	cxntvO2 jOY6Cr":"a", "oMJ99":[false, null, null, "EC4N965UQc 5rpTTH5", null, 7.59123e+07, "doXYfJ", "UZIO2rp7S3EANrHUuW2l", [3.94851e+07, null, [false, "Z4DPYHYy4IxrPiCHm1w", "PPx2Nn\numPJ MmpRzCoX", "d\bcJEb\rFCEy0", ["iNrg\boHAB", {"	":" pOB"}, [null], false, "j2\b\nL\"yV17js1R", [[], null, true, "3vNYH\nDo1YYU3", "\tg32zAHQd1", "1zc4Uwui2rmSPecm3", [], null], false, {"mSVelq5M":{}, "Roa7zOvyXK9iuggLOHV":{}, "jFj0kmmQALoZc55k9":4.18818e+07, "hcb"Yy4tQUm":"FEkoJ\nB6TXtcA", "4
dscz"r":false, "MsLyNQ2A3Y J8":"RbEDkvCM\t2\t", "Nj9ExN":null, "g9gMYVLKh":9.44706e+07}, "zC\rF\fSzW\"t\b", {"wOWQ2OIz
kWh PMH0":"6x", "5	0c81Q
gBbZbzw":{}}], [false, 6.7589e+07, {"ppBP6 rYddddf"vnQL":"j"}, "bZpY2\n\tO\ffxaSKmcH", [], "0\flG", "rSWLu2lO4OTG9B"], "v5", {"lMFazArap0Lg7KBZ	":null, "vJEGiMLCWI7jK6":null, "DBNncN":[null], "zHre":{"ZxG":8.50135e+07, "wSg5J QSF":"0FFWPh", "bdP15qJgvJTxB":null, "jt":false, "W":[], "C1wvXqmT	Ql":[], "1xaeI7D5B5Hk4DyrW":false, "vigZ
":null, "
2k":false, "15Pz1EsMEzAwu7zMQX":{}}, "DiA1aQ7":["ktBsKPWnW8dzs2", [], "pPivcf\"rh4", "G\n\rBfZHreGidYq2Dz5C", {}, [], true]}, true, true], "t mpAHsVm", null, true]]}, "TyIkURDt9d":{"OBBng9":null, "VFIV":1.15465e+07, "6HkpViluF4":[false, null, 7.57311e+07, {"":1.74503e+07, "GXknwPUiGUfIapE	G":3.89048e+07, "17HSWis8ktMp6":{"2b50EZWoA9A":{"pL0QCjOr"lAo J":"lfDeZp", "K"c":[null, "\n"]}, "v":null, "JkQZ9vGZhTF51Vyr":null, "MaF0QoDy0":null, "mmoo9JQlfq2Pa":[[null, false, "\f\fiC\rGhtzX\n9OqkRzW", "q", "6\"oJJe3\b2CGA3t", false, null, "QroZyGgY", 2.31131e+07, 8.62608e+07]], "roRuz6b	4p
xECoiUSVW":3.8457e+06, "jmch0QK":{"Q6JzL4DqixPk9UmZS"B":{"x2k7OeD":[], "SQa62q	"Eh":"MgCtwgO4r6J", "
4":null, "DgRsS":{}, "2"e7G6FKeHs7knXh":"Yqj7HgqSYvk1l1q5V", "PlfR0xQn7HoyY"Z":"zDGFkQqNehVSxG", "UneX2YI4":9.49105e+07, "o43nx":[]}, "U":{"O5ny1uR7KKt86G4PJt":8.32386e+07, "0Yb0USTOywBQALuY":5.43611e+07, "cpKBZafYyqf":6.76294e+07, "10rO SQ5J3VydJn jf":null, "PA2sYGojx	m":true}, "rXCQOedOhIEH5T":null, "c0C5Tt57xrIdkDPt":false, "
":[{}, [], {}, [], [], [], null, 2.27382e+07, "7eH\bVkWL", "IMckKO"], "ybf9p"LT":4.13822e+06, "G":[[], false, "rJ2uu", false], "t
0wskT13n	iT8":null}}}, "U3OuRighB fq", "j\n"], "q":"\nvc50lkdz\fX8", "LE1cJawUXwCWuFR":true}, "f3dyAhV1SwNf6D":false, "3J
uxnaMa":"Aglz L\nwpwBsC"}, "4I3hrxT"783"
LmpwZ7":null}, 4.70726e+07, [7.67826e+06, 7.25845e+07, {"sA65D5KET6Q1u":[false, {"3SIYW6CUg53o3furKE":{}, "SId":{"Ro":"5r\nqr3273z9YTK15GgC", "gxaf":"TER6fxXZrh", "OVvveI8oo0xRM7
W":["tC8Psk9UU4zv", true, 2.09075e+07, [9.88248e+07, null, null, 6.19624e+07, "Zr54qjwJbSi4L4", [3.88675e+07, {}, 8.62317e+07, 7.3873e+07]], {"lCdGbJx":{"SQQxnfRFuw":[], "hjhYs":false, "kGVUoZDvQjkB
ZcYS":{}, "eoCmgQb"U8kAn":false, "F3"xwQ6u":{}}}, false], "Y":{"YMX ":3.40399e+07, "MOr5IawTePQOMr ":"Ft", "N2trjm77qg
":{}}, "fA37QUBxxP2":null}, "bmb9k":2.46314e+07, "VaxzCJ":"pfe9GPAI\tvrCH", "Koakt1K7aE	Agx":{"BGEFcPh":{"GCbOe0F5aTkuRw5K
 ":null, "88"ALKuE4kLIG1":null, "PUvM1":false}, "	2r6IFkCsAlDG5CmO":"17\r9U", "V2
Zk0iUvb1w6N4":"\bNJwR8ycW L4sTocN", "v9eSL":{"ShNtrTjo	":"3y\"7LxXDz", "X2lMYmU":6.30972e+07, "3ZGYTt73":[{"7K8ONgkGe0i3":{}, "HCP":1.96764e+07, "k5Qa":true, "zukoW3784K":"azcRa67", "q":"XC2XiiIoR", "F	itlnGUUCsNVLJ":[]}, {"Z":"Y\"K9", "zq"DQ":"H5dd6lcN2KGJTBZJF3a6", "JhAHAh0u5OfQ"mkD":4.41673e+07}, "v\"ZlXKHXv\n0iA", {"W	Xvm4HQ14mdwDX":true, "xi":7.76712e+07, "e4tU"88OzgjrrRwO"SCV":4.43989e+07, "yvu7LBCdtdre1hw"":5.45529e+07, "klhoad8UNCz":null, "	XHcGwXHZWDXS74O4":"\ntwr\t1S0hKQ"}]}}, "dysdlhU5uMQb8Glrhqv":null, "krz	j":{"5xzURvj3R8jh95aah":["7sXFroJcNw68i9e\"\nJ", false, {"Wla":false, "a
":null, "FW5NkcgzBgzz	":true, "MXlg4v9IB9
PGK"50G":null, " 	ousbcRSQSD
":[5.13945e+07, null], "eaU3YuIZzTHVy
F":[6.73186e+07, 5.495e+07, {}], "v	dE1jDzFX"pyyyv":false}, null, "FrOBE\tqt\ttxo\"U7", 7.17084e+07, false], "0Gw3fq":6.35609e+07, "v495nE 1llPxdKf":{"hspGNXhMyJH":8.95821e+07, "fw
":[7.88965e+07, [true], false, null, "TV", null, "uYc\tRSJY\f\"AmySYW", 9.92491e+07], "cogBSpVAw4zeOCMCW4":[null, {"1RPkFCgoW6WZ":null, "eGL3s0vsuGX5E0e":false, "YFz4qMX2D5v":"45sW2x", "84j":{}, "sG7gjXHv	":{}}, true, false, [{}, [], false], "x8b dSrul", 1.10355e+07, [null, "OyylqUExwwd", "IYV\f\"\nEMOw9nX0u1\b", {}, null, 7.74091e+07, [], "CCaiq\r", "pvYfkF3ME\fK9", []]], "ub":[null, {"brJ8":[], "43McerC
0UFKbYShjjm":"D", "x":9.62629e+07}, "\bkVUwA", true, 4.60968e+07, "ogGJ5zZ", "D", "G\"7c8YIc4", true], "	8Zw":"0MKvfD4U6T\nyCn", "3Qh	Fw
":{}, "fMVfTK5DU1EG":[null, [{}, 3.34923e+07, {}], {"eECCigX74l8N
T	AD":"O\nNnbNqk"}, null, 1.04908e+07, "vCc\"RfO7LmshVo4\fT2JA", "q8jRenUtA\nV\fXD", null, 6.40496e+07, null], "ni":2.18504e+07, "LB9"EcQ4AGGTu09c":3.97238e+07}, "i2XW2g5":6.08341e+07, "U0XA	jUTCA7TUdd":true, "17k3T":"R1iKm", "dzxgfLzMj9uNcluMWX":{"BISFVwsl3 d4X":2.56651e+06}}, "	C8BSAMU
2zv":true, "ecn2LVBG":{"v5WGNVdIQqaT1f":false, "7

db4":null, "q4DX PSZ1":false, "6	eve":true, "pO":9.48719e+07, "QMVtJ":{"mI1	":true, "olY":2.51813e+06, "E3v"YpqZh87NFyyH
yLp":[8.19209e+07, [false, null, null, []], true, [], {"0uwO7GgoQS":[], " 7T3nM9":"8ot\nvwB4y", "bbD"5YewQCYv0ao":false, "7Pzq":null, "BJ
k6e":{}, "SLXx7INGawsfwr4":{}, "cw9Bk932EtS0R lFCc":"iy5e2 4kXj\tQq49", "r79mykatbGXt":false}, null, false, [true, null, {}, true, 5.34558e+06, [], {}, null, "yoVn d"], false, [true, {}]], "0stEq kiz"DUzu":{}, "tmJFxAxtcI
9XLR":{"izOCl2gNIdruKZbq":null, "YfJwL":null, " W"YhZFrKGIQnTOH":4.42768e+07, "	CXUuRoi5kzV"oHji":5.75402e+07, "9rl
ngJcafsQue":{"s4pHdy7pKq1dUw":{}, "Tm VEoMyNcnvRTM":null, "4Sj0Nkn39ktDt":false}, "Kr5KjHqHxxkMQh":[null], "NveCP":9.31444e+07, "qMIF":{"AM bijRdSsCVr4y":"ozc5fS\rCZWzad \b Lp", "GnWO0a2so1Bz":null, "VTRD":[], "bayPij5jZJkRpChiV":{}, "G"sLPLpPq3pXJ XP27":{}}}, "tajKoep80kY3EY"jT":[["ZIAV\fc4Le", 5.14962e+07, {}, true, 2.76314e+07, "2\"\rxdH0qBP", 3.12315e+07, {}, {}], {"btFAiZm0vgUMExVg 90":"fnYQ", "5q4SDdzL1	N 81":{}, "A7sYWoI2":false, "pUSrw":[], "lYdU1H9mn":false}, {"JOZiLe0VOchg7Z5KOgu":true, "DFUtBjAwrIL"":{}, "2JlrQ	H8lQbc":5.40986e+07, "p0fc":null, "v7AyFpzyAd0p":true, "uP0eV":5.91146e+07, "sea9UHRG9G"7":null, "h 8gPwi":[]}, null, true], "ZYlJKh fo8Y01N":"30UxxxtOA4PuFq", "prC6jNRVL1MoDJtK7":"Nsa4B\bbi", "akfwX1":null}, "VzrLJNM4ISFW":{"Ke8":"Zj\tM", "DY52E3":"Q\rAvIaBJHYVZ", "t8 SvIiciwJftGeqB4v":null, "ga07CTiPvo53":8.28545e+07, "C"U
HjKt24z2RICct":[null, [{}, [], {}, 3.49892e+07, [], []], false], "ZQwpEOLG8X":"cUU4Zc1\fsBwh1"}, "LsQQOJnd":"RDoD \rqqk9zh", "Qou":null, "6jvUxSqNLWlGRxSLA0":8.65823e+06}}, [false, "Ayg", null], false, null, {"zrlc1C UcN":8.84905e+07, "ROjdSJa L":{}, "73b"TAPemV":3.8844e+07, "n1":false, "cLF"f":false, "C
6iQmqifhb":"U3TZ", "	LlEQC"cf3l":true}, 1.82714e+07, {"Zp0RPY":"U IDMbGGfGe", "XGExpGNEkH"Jc
P6":"7\n2obbUt\"c\nCsUSaAZEi", "wwGdTf":null, "LDS5hUWag"PfsJCS":{"oWPwrTyxy6k1Xu0n":null, "7vGpyB"5PqVwLb03Ft":true, "SSUR":null, "Pge0AHK":null, "lMhwZ3kMD39":[], "0DdyOs
880WTH":[["msIj9zj\tjIKQKZO", false, {}, [], 4.97862e+07], {"ts6S8V6xC	tOSU":{}, "pW"GW2	eA":null, "gHW":["P60u", "0de", null], "DD9Igj6bsPTkzQujv":2.76813e+07, "VqrysyTJKQPJ9":{"X TlHTz"j2	QWuuDl	oF":null, "SjTgp":[], "":"5SrdY8Vg\tDUCC\t", "9":"yPAIj\rNQ5fqpYIR", "mdu6GnpQ5wziwt3E":"\rE\teSi\rw", "oU9":[], "vJ":[], "k":{}, "B1rsMtC":false}, "OU5jApP tklfJyg3E8T":{"uU"HFd	hK":{}, "zSMFLb4N8Scr":true, "g 
":true, "ayNxPExw":null, "fWCE0ks":"h\"Hr\"i9\"al5\r2fP0XUg", "jhQ"AAaZ8e":false, "QBCFq":2.32014e+07, "B":null, "noQUmx3TQO11Ar":"u36mEQNbFkP", "8Fe3uBIrMgqKid":null}, "wxneM MfkJH nW":"njc", "xwgcMogrzNw"nMG7CP":7.81501e+07, "":2.77733e+07}, true, null, "CdxRT0\rw", {"h8n	BhqAOlW1kNFw0K":[null, 7.38458e+07, [], []], "DVPA":true, "00gkI":false, "9WfA7JPbU":"Dmn41\r V", " Y	pSB4NTtykkUAbxP":8.7431e+07, "c":5.15167e+07, ""of3jTmA8
S9kKYp	":4.3867e+07}, {"09BFgJIYioq":null, "m5	S8BHOzsIOpkN7Bq U":false, " uzELZ ":null, "l":{"VidN6Cgmx"zfLlyf":{}, "j	qwv5IUhdsalrPmOW	J":false, "DEbPZu41":{}, "a6ED6	YIUDxThu53l":null, "oH9Bd
JHk3zAtJE":"3pWy0jaWjp", " HZ6VgeNNj":{}, "qWn
YD
BnCnwGIU":[], "I9O8k5adcJll":[], " hyp5CJ":[], "nPjGsgXGlMI6":false}}, {"lSH1O43wIbBkYd":null, "0cGMSFyak3W4 Q":null, "zGJKpStrNz19chS1":[null, true, {}, false, {}, 460598, "5d", []], "ThXOzuHN 
":"ZE1kU", "Lrf u0RO5PzmYDz":{"8qJn9":null, "NNpRRvTTdbY9j":true, "sIy2Qw1WqoNi":[], "W8PZBXriWwNMa7
":3.27143e+07}, "9aJvl4M7Z0F2JDEvq":7.36086e+07}, "L\"2\bMcG\"BTsO", "R\"4"]}, "OQKZmBCZ":null, "0GPAlTdU4f9Msch":[["FDCM7aAng\t\bg6", 7.79531e+07, 3.08208e+07]], "zt
edPWTNX":3.47639e+07, "uUF	f":null, "cFpGFhewZOLQG690":false, "N KkWb":false}, null, 6.64381e+07], "15T RKq":366573, "I6UOrogzreK5":"4bvi\r"}, "YwEv", ["oGuM\fR1f78C8gdu5iY", null, [[[[{"ojMo":"kdGLUZ\rc5GymSzMZg", "59Rs":[{}, {}, {}, [], [], [], [], 4.64785e+07, 5.42455e+07]}], 6.74898e+07, null, "9f", 9.09153e+07, {"qn6NbYSkNhglYy0R":"x\neo62t44vsq1z", "uPGwmDT":null, "UYB 3OB":null, "0s5E"i9EvG2gZp":4.06134e+07, "ooBMulV6 T"RW9rgln	":{}, "3EEVbqs739CclfB
oO":false, "pJPVn4n9g3T9":"Q2", "9E65ein3uILnYj1jQ":4.72618e+07, "wRCg3B5 SuPU9sb5XE":"Q"}, {"Fn9jGkA":null, " i0fAYNuO3QZ":7.32096e+07, "6":"0OtsB78", "w":null, "VM7
NiWC20xKcTf":[[false, 1.30857e+07, [], null, 7.27502e+07, [], null, null, [], {}], null, "Zmv\tJ", null, null], "qBYGUPrpxMvSIurr":"QPgkZhm\""}, 5.80061e+06], {"07":false, "BxAxDBMf2pphnJOXZ0":null, "bwgy":{"88OR":[{"vE0 6	":false, "mlJwER":[], "UGEp":3.17846e+07, "gX1X":null, "vY":[]}], "BAWvdSJW"1ciEhg1aS":{}, "a0C	cY121NBjFXt":null, "Ow4BLv8p62dN QaI":"nYm2DnBUc6xOd7T1\tBsY", "AdwIj M7Q8l
jCqk":null}, "BEQKrXsGqkb":{"wSN	GneoRIZUdQt":false, "TlAb":[false, 6.01556e+06], "higGCRw":"JcMlf8a\rJQbUX", "7Bf Xxz3v8FrsU6AA":true, " tM4qpjcpY":[true, "R\"ffOme Xw", {}, 7.27043e+06, 7.18175e+07, null, {"uRxT0qd5U176D
3l1n":null, "4R4GInhuJdLTRoW6I27":[], "Ky	4":"smfMaPyFT", "pt":[], "FnranIEkbpn":7.81071e+07, "mH5wIWANJ2":false, "Mqu7X65wXHqQk":false, "TMsj8MvK6zCt":"ZoQjhBqWsEoLd", "vyYu"G"a5gabhfKeZe":{}, "3E":9.01734e+07}, [false, {}], false, "6wyL5LhRcck0"], "
16F9nV1MmEJcPkzZh0":7.13122e+07, "qeO	3aR":"g", "MV9E9ray2DMg6Cj" OV":"\"\tvt4\tC8tcDE\fTWF", "LRX5dCB bBqjv2xE":null}, "gniNaDlOyC":"5U"}, [[[["66Qez5yyXKyU", {}, [], true, null, false, {}], false, "xJBZOSMNh4zpotFSwq", false, true, 7.12498e+07, {""niASXxBKdUQnH4la":{}, "IN2mQC2o6KhNBGMwYVu":"wyDdeyx3FiP5\bcXGpVEa", "fgL":{}, "enHY bEWPAXSL":true}, "Ai\tfnvL8R3In7"], [null, null], "fSIJ\"xSrt\bix8lLRjhNH", {"gp
vr1c	jDR	":["s97", true, "I 8\n\fhejOrn\"K", "apwUXun9lDn\reb3\t"], "Bco7UqUrw4RRit7":"8L2ip37b5OR7E\bFu"}], {"1":6.86494e+07, "VNX7Wd1 BU6rOY":null, "4HYUcYmvZU"K"N":{"ECi7e1E":false, "A8WKQftNC2IiTAqFHRlY":{"WIB59s1rsmYtneYx6P":null, "5":{}, "9Y":3.67317e+07}, "JmvVcGImmqdXuDnDff":false, "ZM	Ox1K
tSFf":"6ncaVDWs1vQonCu4Qsra", "fL4AF3zas":2.10763e+07}, "bLvmpNqrW":{}, "Bqlqh"":false, "a
oJeiW":{"CRFZywbNvZOriU"s":false, "hph5pjgjStr6nF9QNdH":{"kx6ZzE5"TvbDKGE Zw":[]}, "NmB2qp4JHKO":{"TnezNWW4l9ub6A":{}, "9sX0FsMc":7.41636e+06, "ZFeAhU aExDNg3Dk":{}, "MuBdVMxI 8eb":true, "i2y11tEI":"e\bp86BcO8GkFQemA", "pakd"IKgL":true}, "lNU":{"j1sCZJMx59Hhy":1.97672e+07, "UFzCmTXmfm":[], "DgN"7eBhb2LR4475o":[], "1TH":null, "rCy		0M":[], "X9W0ViwPHo":true, "ckvwWOJ7IvOKgnD4":"\rTM\"7\fl57z7\t3", "Y	tUwk":false, "vOyw6cazqUCKwydq70":7.68579e+06, "SWJ":false}, "	":null, "xQc":"oxwkdpm\"Z\r Nh", "1DB":"kX2", "o3Fbk6V7":{"NXsAElG0RUmO	9W7O1":{}, "po7vp":{}, "HqN	YLCtOpWXtE0SZN":{}, "
dG":false, "9K10L73dOP3":false}, "61NP1WN7WDK":3.53089e+07}}, "lph", null, 8.13666e+07, ["3ybnaRj", [{"mriF":null}], {"PS3v
"U9r7":{"5e":1.80758e+07, "i7Pz	CIU4pbApU":null}, "D8BbOQM4MWDMmK
wk":false, "U5hlu	KUw7k LL4c7r":false, "JyMD
9Li121Y34":{"gWX1a8F5"f	4smoa9U":[], "kEhZ8":false, "5I0dxeN2VP":null, "Pj9f BgRWT5Hnmetj7":"lnl6l", "2E"D":8.28522e+07, "HVmYH3KEXufqPuu":[], "Sr":"aHNCSWO1\fSq4\"5VI\nJI"}, " cB3"JLgvO98kQ2e	kC":null, "	fczp2KLe":9.44348e+07, "GnG1rqx8Wruf6A9	B":"JSxSam9r95xl", "R2ZiQv1"N":["8HQygb7N\tdz", "ihy90"]}, {"tn":7.24116e+07, "1yAnTJ":false, "lY":[[], null, 3.8637e+07, []]}, "qKvv812vGuK7L", false, true, true, true, [true, 2.4904e+07, false, 7.17968e+07]], {"xloEHZ""yzXybPYn":3.76496e+07, "w		O7plVViTGIOtyL":{"mtGjtYBDh":{"13QaExouCptn":"\bkNjwxu4xMZdATpax\b"}, "oByKKKH9jacrWVxh":null, "bz3GACuvxA9U":{"IhGkbBTQ	l":true, "UQhZ":1.55376e+07, "Sn":{}, "	tUaY":1.31841e+07, "cmUNAaqmE30Mm68bwV":{}, "SwD":null, "0sTMIqC9ftP	G":{}}}, "26jarbUw2Rs":false, "ceXXB6	RNt	4":null, "XS3EgYnCk9Igq32N2
S":true, "oEUN7Dgy":true, "eMn":{"qBjxcw vB"kQA9U":"G V", "VjcO7e	UviDre3j":"pe\r", "sRRt5
bRKwJNBVl":[{}, false, false, 1.45197e+07, null, true], "GDT
zcFtJqi":7.79107e+07, "MpRHS9XT":true, "Dkb4pbEs6"":{}, "LMj
LI6Oz":{}}, "r0Gc":7.21194e+06}, true], {"P":[{"Ff":4.19798e+07, "
QC7O9LtiYI"v":null, "K4G2eMi7n	LQkw":"\tlWeBHc huBtOwkBW", "NpUPIR2gzyETS":"IljcfR"}, null], "1 x":{"DEAI4TCav18TmjM	fR":"JhG6tJXMn", "BXKjmt":[null, {"":[], "5u":678680, "vMU":[], "Ig4VZGRgM3hw"d0G7V3":"o"}, true, "dsNi\"Qa\n6ODXoGFK PD\b", {"pXsYs89RaE":{}}], "v":["07LyePenX\rHy\"s"], "qYdXArH1tBvLyxd0k":"\fUF90\nztDhL", "oDU1YsxY":{"z9Ut":5.16346e+07}, "tVrT6gpFQ2c":null}, "9O"UfTVwqJxCaUfp6h"z":false, "xd3P":false, "5iqOQSvmdM9":null, "nIb1OsPB":true, "EMsYrsY7ne SZt":{"41":"9fL xLWpHjp", "gCq966xWixcPU":[7.53988e+07, {"2srMHXwu":{}, "9JZYdOrQ":[], "fp6opHve2bSBQcYT3Y":null, "fnN03qStUHeZ5y6vuSf":{}, "h fWWs":[], "viQOf":null, "WfccStt	8uo04p":{}, ""5ivO6i8NsAsb81l":null, "Vg1"kNBF":9.47395e+06}, null, "d I4J1C2S4w\fEm647h", "Dh775V"], " LutqBrQs":{"E":true, "saHWahjzeyExueNlB":[{}, 4.68697e+07, null, [], false, [], [], null, {}, null], "sGzd1mK9E
":null, "wA05RQMUk87jbzAtW":{"3PaqkpRifNHY":" xy\be", "xYtu0MSi 	wb3U":false, "9Bz9yu5IQHC6L"xsvJ":[], "Itq28MTIAks":9.1783e+07, "NNq1v39XoAojEHRiyk":2.30952e+07, ""Xqy	JVn2e":"YD N5ynE0Sa8g", "q7VOh4oBRgFjn0x":[], "DSDUehE7VSGf	o"U":{}}, "P6Ch6T0KzyuKI":4.41415e+07, "Jmn9":{"es7HQN":null, "1xZXxD3":null, "u5 5zI	8kr5MbnV":"bZS", "FqRCYSGiH3Qad":"WaP", "EAfjmvdJ3Lqi":2.00164e+07, "vdZ":true}, "kI4X1WdS	iB2 A":[null], "F2YtPD BQ":null, "6M7FJ Ulxfws	U":"4eleurK5hlbkn3jsc"}, "b"":true, "KErVS":[{"Qi":{}, "TbAbVXEvBWHZMQNq47h":3.52288e+07, "0ivr":"iUQNJ", "8"rECIAZHtC
M1LyO":null, "GeLIkwlCG":[], "Bl":[], "C3rnUKF6C":[]}, "o", true, {"WbEfY":"1iGlHp", "KBBcrN":1.94735e+07, "pdNXbRZR":8.26925e+07, "i":[], "sVwG210w3U":{}, "7IldpZXs1AQwW":false, "ZJyiSNlKt5NuDLu":[]}], "tHu0zdrMIVkzldo7":null, "v
OPqeR3UcyiSXn":{"xZ":["UkXB", false, [], 3.91796e+07, {}, 8.29543e+07, [], 6.55577e+07, false, []], "g0u2VdbcELGQOjx8tSX	":"X1ENoWEf14\"V\f\rG", "293":null, "TE2ip"BIdg3D":8.65885e+06}, "
1PnGifykFW":"c0NRdkp9AyQxw", "BAntXdrjILG":false}, "DgvjL":[null, 4.85061e+07]}, "\"tNulE9"]], {"fgvlSf
nfiDzRl":false, "S2k4FOgGrz6HfhY":null, "2	RCc1sTnPlM":false, "	U
"	LogZKuT":null, "GnUT9cDEU ":null}, [{"LwC0X1Dx
Nx":false, "5x":{"1":null, "boyCb FJThSXP9":{"FTl":[null], "yADMsl":"rieBrC\bHdRfPo4p", "4ZQlB1"i":["8gj"], "AJAQO0ZBuw3rSCYJnLz":[true, [" sUNm\rmBTgpI2g3MA", 3.35427e+07, "IWAJ", []], null, 9.09095e+07], "S2R":null, "ughBNffSu8fzig":"NPtuw3hp"}, "b3	mAu":{"2O	8
qG0TuQjSf":"R5\bm6hgkzj", "hukVvg5":null, "WTb0jZmjadZOMDopHc":3.93978e+07, "KACwA
UmRkG3r":[[{}, {}, {}, null, null, "LJ\"p1BHU9", true, true, "pJx1", true], "m6n", 1.84235e+07, "V", "m3sMf\bE3xkJz2", 4.01208e+07, "C"], "m":"FHTSlvYHqCCc248jx", "o8Lgie"Ff7dqxZJHK "":"RMVc7yiL8JjEi"}, "kqgQa":{"JzbrHMHrEA":null, "Z":2.36925e+07, "RqG9w r6cMpA":{""alkIEs7pHdO6F1fVY":"dRMhF\f\b25eO ", "YK
Pujs	LRw ":[[], true, false, null, null, null, false, true], "RgAYNlHQ":9.00963e+06}, "8e"PjYwQb4xA":{"1BNE8AHGX1ibf7pGrZqg":false, "X":null}, "y
yF	oS81lHqbvLu t":{"lKnq
K	7	qRBvfQ7NF":true, "nlxVC63	ZBLUKf2D":4.41654e+07}}}, "5d8oyju3m4L"3a":{"hcf	cdOn4M":[false, {"z7U9J qiMg":null, "G2c4NGm5zZmwO2kZK":null}, "cWQBp", "bxknDz\rL69v1hdfn", {}, true], "47L 0FnJPK8Dp88":false, "SCMcgsN5gV":{"3":[{"lI	9P x9VBpq8TP":8.76908e+07, "FGRe	arA
FF5":null, "Nx
":false, "O":null, "xGkyJDh":[], "lewZUyJR":[], "4CRyvTf6GHe":[], "WNfQZGDWLy":true}, 3.5228e+06, "Jc8VdF", 8.917e+06, null, "28eE\bHb\"4Iy", null, true, null], "9JS2Y0cgxHDI":549580, "hNc
":[{"IwnyVJi82s9H":[], "U	ssWb6f1J":null}, {"g4bVhs5DELmU	eTi":{}, "DymY446fBJYtTdjS":[], "k":"QZNdjQ", "NAG3UYVleABZc6J":[], "OjuRdWAz":{}, "Ul1v7"IN5hx":{}}, [null, "Q1HHtnDAa0OQjli\fF\nSo", true, [], null, null, {}, "wbG3Qm\nJ\fW", {}, 3.86972e+06], "zJV\fa"], "Dak":{"jbm0YG2GI":{}, "w":"ZMFYW\fd3n1ck2U3V"}, "Vx55
HT7":true, "4d":"xfVsf", "J"":"Smm\ryh", "	wAR":"PfLnAj WwztrENr4hnjT"}}, "m":3.48257e+07, "h3qfc":[true, [{"IKO 1aM":"fnA", "mwVV7":"DFGgM8e\bY\r2", "Xxqvqxz":{"LYIN":6.9865e+07, "Lrax7CFuAD":8.71442e+07, "blhJNYBBPtcD":null, "jtcUUWRjchuEjSa":{}, "ubPyQgi88N":3.23908e+07, "aD8ShTp":null, "hEBLybaexjMO0C z":"2\tK", "BRmc9HgoiVF	
b":"mEb9 byYlPan0\fQ8", "4Pg1rYI6uEcGZrrl":null}, "yN4JhM9vCZfs	Mj":8.4376e+06, "4Fo":null, "tt":null}, "rwPZ\tI\bnCHTFLPeu", [[[], [], {}, "H5Hk2X", null, false, "r59jvOctUmOooBi0", "SY7\n9frD", null], "rGXMJ\fRjRMj\"px1e", true, "WF498", false], null, [8.50239e+06, {"0R":"JE\bpV\tj", "q	aESpWSBcBfM9h6":true, "ROdQxMi8 9FoZ7r ":[], "1HuR55aDeWtjNJr8WD":{}, "Ca81t3mcN":3.93232e+07, "zmBHY4abNgnQLa":null, "RVRQuQvN0e9":{}, "8ACY8c4fWXW":6.29274e+07, "9"tJtOs":{}, "9qqr7Cj":false}, false, {"jt":9.42251e+07, "RIb":null, "8qss6ubcanSF61aSoR":[], """:[], "Vb7LuIYAfUk6uAwbPB":[], "2k
":null, "RTkY8NLNx7yK
4h R":[], "VuoLp0xoh":"uphz\f4Vs\f\bkAG", "gta8drI3O7uz":9.81087e+07}, null, {"mTOI	YukcUvZ":[], "CFj	9 H7	SvY":[], "ksPxxDb2YapR3s
"6n":[], "dtgA5t":5.79084e+07, "5EM":[], "cd7 k	lLxXnn":false, "f":[]}, {"JDyTnseisQJ7 G":1.28923e+07, "lBiWqdZ":[], "750XxYgIt1G7qmxcG":{}, "0LqewAUcDkV0i":null, "vW8 byxdeCb":5.45755e+07, "
445kp4
a"D6mVf"1F9":{}, "1KP9UqKBobC":3.18408e+07}, "dQ\b20M"], null, false]], "pfj6VdRj":null, "tRb6euYO5bJ":null, " 08Xj	
TBcne":{"5vfD5I7GL":["K", false], "Kn8FuWC":null, "rNGQPb	MZ"Yw8B":"hQokXwqqWu89VX6", "FA9i":{"q E7	69K1AU5U0q2qnR4":"TRWm\"4cEyGASIHS", "	9kjPoZd3b6pdRf":null, "jZ3":9.50244e+07, "f F9n9jvpJsq9LrOjy":null, "V":{"j	
Ux3":null, "v7DpS8VEqJyvjB8lC":true, "7UGpMR7AZ":"rpZ\nN5Gz9Ar7ILFr9np", "j":{"
5":null, "wDJPO1v x":8.16961e+07, "Kt
YgH3MqkldxWR":null, "I":false, "clHmpPl6GSTS":6.90579e+07}, "Y 1	11k":{"p2DsdkDvAlB":null, "8sHc92x G8eW
V9s":"hAKU0\"TlwEt9\b2ca3Yx", "ocAM9":[], "	Ea51vls0BGe":[], "u01q8uYcst6aUp":null, "":[], "31f5W	":true, "iPUodqFIUbojh":"F E", "7":null}}, "0
VSIMYiaqP	t":true, "bcBscOWx0In":false, "wsHf1fHx":{"0UGryE
xCyP	v	"":[true, "Gq6qj", 2.8291e+07, [], "JXKjt p5UruFTByHZSg8"], "MVSedBhe6GjmT1lauj":true, "YCE1f":true, " bVYuldJS":null, "0YjTeNnWW0BGXiNlR4":{"w"0oI"9F8q":{}, "MY":[], "EAft tnW7WCbbO
":5.60446e+07, "
"sL":null, "reS	ihk"":[], "
":8.75904e+07, "SXv79VRgxNuPFlVZE":"iMpaY Uj3vppzGJ", "a":"S\tq TC\rKy", "uMK4k":[]}, "9Zs3h":{"2r":9.2967e+07, "WNvFlIFxa1kTo":"OL3AS\"AxlF5J4", "f	nQhfqT3gcR":{}, "i	t":null, "iJSOTVCYg":[], "UPBqmn6xj":1.98596e+07, ""Wt3":6.12156e+07}}, "rX":7.94829e+07, ""q":null}, "sL7PXsp1F1Jttox"":["\t50", true, "\nBT"], "crJ5swQ":4.10817e+06}, "E4Afq1 YPXeF	UI":{"ptbU3MpPdfbbeBM3":true, "bbtMrTM7xsADcc35
a":8.01902e+07, "Ik0LD":true, "E 7P90":true, "iek
Jw4w61Hc":3.15685e+07, "ZcMgWqKi":1.33349e+07}, "	W3dX3RsAvdKkwDF":{"e1HqIcRDyFrK	":"mIQLJ55k7R2 Q\rKWOOA", "Ay":3.59817e+07, "S2WDpQRy":true, "pYEBVnr6mIv	F0":2.50435e+07, "lyFbUAk":"UZDyehE5UO8n", "QeGiqKV"tcC":null, "DCpG jPoeipQV0VxL":1.06669e+07}}, null, false], 2.19885e+07, 2.37937e+07, "\r224Ebg"], [{"SYv1htmKCVv"M8DWP":{}, "3ulPF":"\nB\"rjf0XE"}, 8.5108e+07, null, true, 9.42237e+06, " 9CueQepuq\"20PLtbOZ", {}]], true, 4.42342e+07, 9.90407e+07, [false, [null, 8.12976e+07, "OV", null], false, null, true, false, "YS7\f\rL9PtEwwwTeYsXh", null, null], true]]
