[[false, true, true, "SxGRSXi3no\t", [{"j2ercQvZ 	JQm":1.98074e+07, "SJ01gBBINN":true, "rzx1qU	yvDEt57a"":3.10165e+07, "zYb":{"R ke5A
CEAs":[], "pqwdGAVGCdRSPf":[null, [null, 4.42049e+07, null, ["P 8U\fW"], "T2", "8Ia", "x5JRRyTIjDUk", "\r\bz", [true]], [null, {"i 2FApRxceT"	7RFQPDo":[], "lArFr0by etuV":"q", "pIb":5.42794e+07, "GNz eZpStK4sjG":false, "wPsG3900":false, "g  Gv":true, "CzzS	X"Slx1JSDMFp":[2.26065e+06, ["2AE", [], true], {"H6eewytUgpvi8":{}, "3jPAm
09bKXATX":null, "a	i":5.63836e+07, "Bk2yLCHHw7qL52Hbot7":7.76154e+07}, null], "WK":true}, true, [["zoDPDNnfFga\"goX", false, []], [null, null, true, "4X1", [{}], {"aKxClqZfh3A5J8Ty"r":null, "T":{}, "MvZSHDsu74norlcpO":[], "QFbP"2"":[]}, false], ["ZQCi0SUlPBdc9l2zdkII", 4.80913e+07, {}, null, "\fwxsIW2ZgjKYic\n\b2", 2.85488e+07, "VLgH3\njrv\ns"], true, null, [[], true], null, true]]], "Z95tMlZbhewhy":[null, {"zOm58a"xo68Rmk":3.53673e+07, "fCWlgA":null, "TtfqN":"\b2uZyGOt", "6dQI"B7VfY
":"3FVIfWouO41oub5e", "HEddBgZL2":"Wu1\tHh0", "Jj
XYnm8Q4GR86m	":[true, true], "YdHf8V4IkSXnrW4VM":null}, [3.88619e+07, true, [true, [[[], 8.98341e+06, "vJmDeMkcUPavr\b1DuzJ"]], false, {"mzt8T0Zmx0g":6.05948e+07, "dBT uNS"5yh ":{"hGW5x":[], ""DUGREAGWx4K":null, "2VzuG
JMd5FxkwVylv":{}, "NF1cMWAg":null, "TB":3.35492e+07}, "Wejoll3JC7fCWLqoe":{"54l	zd6":null, "dVdP6fa5A xwjs":[], "lF7":[], "8GooBbf
":null, "1Q7l4 AN":null, "W6Wk4T0Abnr":[], "HuivS":{}, "AU
w5n7VMb9":null, "ITCwD9b6":"vLb9g"}, "ag4":[null, 1.5195e+07, 7.80832e+07], "AsV1LFEb9jGfe1I":7.54367e+07, "1Bi7NHKS5JQOzQMoZTA":"QcR5wlr5KnZ", "0LmgOe":["Ve0F\rmhdVj\n", []], "Q"":4.40301e+07, "0WrlxcR":false, " ypHa":{" TW9ypdCnR1":null, "dGjsNUdQT0PV":null, "F
":[], "mkm	":null, "neN":null, "aWY4JmRg":5.12749e+06, "7S":[], "xpKLs8qo2Lzyc":7.21264e+07, "q1":null, "pCTu9r8
0lCkjjwY":null}}, null]], {"nDPfK20":false, "ZEycT2XrUnbv26"g":null, "fWaEG
u7SFtU ":null, "YkyAuYCV8l":"xEz\f28b\npoG7\tRl", "ij2"zdmbrap6Sx8":false, "N1":[{}], "wYk":false, "NDbvl0d":[], "EgfnO""vvYfFvI5ys":{"uk9ZqRWq9s6LkOFv5X":[["g", []], {"Z9aGy":4.18607e+07, "tGxlB
RDMZNPAKVlF":[], "xQCpXHWS"up2F0t7w":true, "XAeG6TnecHr4":null, "HzpFoa5hUOaT":"N9z5UdewYaBkpe", "Ch0":7.76842e+07, "Ss0Vv":"1ubAbztz", "voSB":true}, {}, false, [null, "SEfrPu5jWt2YB\fW1", 3.67673e+07, {}, []], [{}, {}, {}, [], "q", [], true], [true, 1.03975e+07, null, [], null, " g1Jh\b9 X", null, [], "\r", "1YkP"]], "3l":null, "U":null, "eLtoI6dDanU2E":{"2":4.48375e+07}, "v0sK FN	iCD":true}, "1KVM":1.36586e+07}], "KWt8UOkSsj
J5c2gj":4.51816e+07, "UNbqstuWhqs3s6p8R":[6.31602e+06, {"
8HB23"Cmkdfs":"ktyJDSmK", "bSI7zuERsG1GnP7v7":null, "KckC"r"XG1M D5x":9.52253e+07, "3XD5Tqu6NS":[6.02032e+07, ["DafBIvinZU", [[], true, {}, [], null, null, {}, "jnC1Gu9\t\"\bVbidznO", [], {}], 3.63237e+07, {}, ["yAQX5R\bdcg\t", [], {}, "9\t6ed6Pi4C R\r", {}, []], "vTB\f8JXNC\b1cnwB\ty", 7.57907e+07, [4.47776e+07, [], {}, [], false, {}]]], "mVVobNm":{}}, [null], "D5P\fX2OP\n", "xfXZBW\fs0q27xnk", [false, "hbnCdcoEk", false, 7.48278e+07, {"qc30M3yrl":null, "J86x7y8l HekB0Tx2":{"KhnQaWDfkcqn":["tRF9\t4vj", [], []], "2sx7Q57b82":null, "0Ugbe 39ibEa":"Xrr"}}, 5.7996e+06]], "MBWBjblI ":2.73097e+07, "O9F":{"T1LEltw8hng"BMzkuBV":null, " J0xe":{"WlZ tOP93":null, "7FMP":"BqXffAMQ\fy", "IpO"1US5ZmlL4XNPN":8.35499e+07}, "wCCp0rKdBz":{"t"kC8iszwxLocZA":null, "u mbiMmh7TL8aiik":null, "P2HwmApLltB yRMK6":["BEXyPPSDL\n", true, null, {"1k2 O":6.73523e+07}, null, [[], 9.86766e+07, null, false, false, false, "O5L2XGM"]], "S4knjKwHUH":false, "anHI
8	Lypu":"ztkHtVbEWjk\t\fpf", "SZHM5":false, "5DFRh1u6u54hb":5.93884e+07}, "jYPvkouoMkdmWypye":[[]], "KVqx":false, "TJ4srMs	eH":"qf6f"}, "rVKxn"":7.44052e+07, "M5":["c3", "vkM", 1.18509e+07, null, null, null, null, false, {"
cKSa7o0ab"F":false}, [null, {"	4sWdyKVpe75cfG":null, "tnTdYdEZvNm":null, "gGXH6OmM9":"4Qwc\nW8z3"}, false]]}, "l":[null, 3.51515e+07, false, [[null, "klXV", null, false, {"1ivKJw":{"wXxRwV":null, "dVZ	jlcWTm0":"Yq4lSI2h VE", "5	Mv61Ha23Xr2w":null}, "A6LAN5PTxWe":{"BTfcaV3pCGS	62":[[], true, null], "YJmVYJZmWG":"mBnT1a6eCR4n6", "h81":["gejqSCS", null, 6.45999e+07, true, true, 9.23639e+07, true, "7PiPPnP\fXf\n"]}}], true, " VD bV5DfqEClQNOXF", {"7kZ9OJha Vy":7.23152e+07, "ijXc
":4.29895e+07, "zCVY2On":null, "Lhv":{"s1":null, "aK0e":null, "e7v6PX R8a1nQ":null, "V4zC kOHi73lNPxV":{"KkGr":8.05026e+07}, "l0PL3 ":"mbp1QD9gclojeoJjpS\n", "HFIjO"Y":{}, "ZCd3K":null, "
Pjor	Td5l":[{"mmCXKZQrXgu5t3mvC":"yPTHHx75", "UuzBi":[], "OTFttiS":null, "5AfR4mhURvGHRJgi":{}, "xM4dk":{}, "EC
63kCe":"G OXQi5ne", "NIPwez	b7pMtY9
EK8":3.65121e+07, "GBEC":"8WEKckHhHlmiKadZG5"}, 8.77974e+07, false, 3.83664e+07, {"d2r9eDoz	qR	iqKh":"g3V\r\nsag2VC4o1gu", "Y	9wslCTq":"lX05\tV24A", "Oq2sJ5	ur61":[], "
wGETgY4jQ5CWwZNsl":"6CZBOe\rkc6kRkV3vHh", "sXnOr3bBjLESqsWZf3":9.42802e+07, "3OS":null, "AUhbvXx
":2.09144e+07, "5b6bTSW":false, "0tW3WB w":"hy6oUocnXE8F8FandHCY", "ieOslX1	vfUdTKbH7j
":null}, null, null]}, "06 6L":"kVFC5JUrBFh ZGu4p5f", "MDJjmSBA7GQ":{"7IIX":"89JPFsAT6W", "YL3qN"u3R2J2":[[true, "\b7m\fMeSSWm7cYyOVa9BM", [], {}, false], {"d5e":null, "hNorGj8EYVM3hO":{}, "rzsD65":null, "L	lrdG"p"LR":"JoNXlkHcnaVhU", "RMU":true}], "3"VowV1eGchG4hrXo":"M2QT1TY\"\fuvvXL\bTlY", "aRTX4MMXyvJScO":[3.50893e+07, "I\t\rFqLM\nNcr", null, {}, ["OKA9hh", true, [], 4.57621e+07, [], {}, "wxdN", 8.64026e+07, "vQotqM\"ee6Ct"], [null, "pewbT9nxbYIr6js", {}, false, false, 3.91709e+07, null, {}], ["mA6\fhp2", {}, {}, [], {}, null, [], "OQA0mWqseYeY6k", []], ["Tz 1Qfly4jvU\" U1QQ", "N5y0", null, [], [], "No\bn3tELfnblZE", true, "Tpms6tdXwv"], 6.17095e+07, [6.2909e+07, [], "R", [], {}, true]], "2gmGWB
":[[false, false], [true, null, [], {}, null, false, null, 2.72021e+06, []], {}, true], "aJK5L":"\fp7PTD\nsVbuo\n9D", "G8rA1KS0NZ":false}, "v	eJeJ":"WeORMO1SLDBdrXBFt4Q", "WpJ":{"56z":{"fqU":[{}, null, {}, 2.22101e+07, "J2QbQinysuL fwd", null, {}, "QXKC", null], "rmx	5QsapY3TZUL":[{}, "6djjUnaglCcswD2", null, {}, {}, null, null, null, "HE dY5i6I"], "rS0wt6Kuak7kD":null, "CdRNx"":null, "oIZQ33zDFLH9vSDJ":{"oE9ziF":[], "Y dS":[], "XCku1TEw2MAvZokK ":7.86727e+07, "gxUm0VYot1MZFSfgy":null, "xP":[], "DH
CycN	02O5B7Y85d":"zos\"TMfinr1mGGgJw", "Xj9WfRJVo":null, "53":[]}}, "KwHRW2WSCKM0uDXUh":2.88237e+06, "1IswQgC":false, "hA5ahcSw4	ZfVbb":null, "VA":"f\tNIml", "	Sua7N3PO
":"f2g6Tv7wcuaSxXJMIF", "hJSZuDtqxt":null, "m":"\"w8", "7	2MzBF9tWzHDORxPy":8.5133e+07, "3wjk0U":true}, "rt7Qi":null, "qVX
vWyzoj8mww":"l6Y3mw SstVEYXQ"}, null, {"qYJM"v9Tq":"GMG\bWelV9ky"}, true, [9.97125e+07, {"q1QsRX":null, "5PpQKr2DG93f":{"5QccTmflCvB2":1.78259e+06, "b3iyt	DQja":null, "QKMEvNrQGwITkKntvnW":true, "vT9sCom1Q3E7yW":false, "UPYX":"\tu\fbcD S8um\fQ", "uwV":{"zp0 fPL"DUdcrbUU O":null, "oiVu7uSZ0S2":[]}, "g 0NcZ":{"waQGW1KJQIM":{}, "K":null, "va2 n9buz0gtm5":[], "3z"w":1.55668e+07, "kkCc":{}}, "G9RPnsVPbf":"h5pzuTw\flj9JNu\tX6HN", "XXyeBmRtLK4DaL":3.23474e+06}, "ks0Bu"rsMUyVgoRRjT":6.76588e+07, "f37iX"ZQV":[{"idGH":true}, false, {"i	wrdokFiUMU1mJZKmu":null, "aApX":{}, "YNT":true, "	XH5O4b97fc1KKTQqri":false, "x4lVWJpjWXPFdoVy8"":"nmRBOnW", "teNnvRKfQBbKyAmapW":false, "MUSybX":"k3vc9FuroyUxJj"}, null, false, 4.41091e+07, null]}, {"DQf07Q5":"h9fpdio6Acf1x\f", "bWxjKAbAspJBlz DkZ":[true], "mIQs	9C5P7
fjk":"fvvz7BU\tlL", "S3lzrCujrccVYQ" ":false, "HsnwWdDPC":[{"uoitR7M8aXTTK":false, "w7uch0UmMO bq7":"RBHGbNhJdRUdcfbDerD", "Q591P	llCch4J0":{}, "xGualP5qxYmVYYQ
8ch6":true, "0iv1a4ouf68A5Tnvmg7":{}, "cr"0plwpk657":[], "oIzKmT":"\b9Nqu\"AHmQk1\"", "gWT":2.79868e+07, "ialzU1":[]}, [5.26597e+07, "7Qif1J3 "], [null, [], {}, 9.71143e+07, false], "GEoILE8rFEL", 1.61841e+07], "byTPFtsZl797":false, " CIAPPhVea":[[false, true], {"psWCEbr"J5rkks":"2Iuy\bds\tX", "kUm":null}], ""U8":[[], false, "U6GoM\btCFjFLhdt", [null, null, {}, [], [], null]]}, {"EU":4.67996e+07, "I8gRwuYGvQ ":{"DU G":false, "1Lpxl":false}, "Jhkd":1.3368e+07, "Cf47kswPD
8":true, "2":"MlAde5E", "zjX"dR":"Gd1LA3D3C", "lh"B
1C
xAWii	UxNn":true, "JpCOPjL0ZrCqdyT5":null, " E 6n
ar":true}, null, [true, "Rq\t3h\f6 ", "sFm\"069jCP\tTiwAF\b", 5.80727e+07, 8.57665e+07, 4.16002e+07, true, 350029, false, false]], null, "qYYVFHSLTW4r"], true, 6.8247e+06, "J\bT9 \brHJZ", true]}]]]
