[true, "\tkvWHNQ97Qp79\b3\"c\b9", "jTqnvk6suPIL\bPT", {"O	WPS3O ":{"RvZiqO9NWo8qFTYmG":true, "wj7yOjf05G bEHpVN":2.88326e+07, "AS":null, "pjEp":"xeh\"ds0\rIC", "BFPUMkCR":8.28672e+06, "H m5 lD6fxqD":[null, null, {""gyU1GtmfbOrOPQK5":[null, 1.95489e+07, "58TIJfHpMuQcjEsu\bM", false, "2xx", {"CvVr	7HiRMnjRm":{}, "YsWaIbxPOVv":"y", "KjeZ":{"Hp":1.52366e+07, "LGGa":null, "gUObG0VUPCk7	0"Za":"uBrQO5jWKyNIdai", "	i":true, "OGVXNPt":[1.63273e+07, 8.72214e+07, [false], "4kEzvTLHK\r", 4.47002e+07, "Miv0JS4I5Z3kKrS"], "J":{"04MZlN	px4xv6":["DQU3\bV\fSvu\"E", true, []]}, "SwiL9jU
JC":4.12416e+07, "aMrIGZ5arBy7aMY":"v6aGRcbR\f0V", "A6wOkyNtUz":{"TUokc":"UrH", "7NJ6":1.77741e+07, "7sB9U2lnuOQT":null, "9bcIK4YCL	S	hnJ":"oFE0ujU\f\rM\"", "2APnJwxNj":true}, "	stczZJ":false}, "tTo6GFdTiGCgmMK":{"z"Yv":8.39233e+07, "RisfjxCDwemWi32g":false}, "fx4afLe":null, "X"DDhqsm":{"4S"bLNOLmYi7pLsgbZ":3.49084e+07, "uDNdXsNTRj669":"\ne4", "Z":null, "NLpe RdEYmSKNG":["hyNwM9HSTd eZX\f\tGc", [null, [], 2.02433e+07, []], 7.04289e+07, "QbpSe8", "9nEz\f od a\tnMkwx"], "mNB1QuQ2leo662SOPm":null}, "OzRR9"e3SgvCrI8x":2.05387e+06, "tM8Q6ey":true}], "kD9xB"":null, "jNXCC4Q51YO2W1QT7k":true, "J5
Oo"kGI7PIY0b0WYQq":4.91408e+07, "qg"":null, "3Aae":["MtLGFX6Mgse\f\ffuOY\"", [[[2.01443e+07, null, 7.17514e+07], "Qgy", [[7.19815e+07, {}, [], "XFpGDv\f 5u zIlVO53v", {}, [], false, null, " lDlcvJj"], [true, null], ["oo\t3r", [], [], {}], null, {"jbwfn 5zAGoP":true, "	VH8EzRurl1XGR":{}, "2xFr5qbaMEun"S":false, "OQBNt":"MP\b\fb6G2Rb", "xbMyRudrbLzU":5.34908e+07, "ccinKAy4zLgKP6"":[], "q6k":[], "O tV43lSE"":4.74453e+06, "A gXp":null}, null]], {"gDw1T":8.99375e+07, "44V1Zh":false, "XIV74":4.24701e+07, "lRj	NnHZUIhOS4"":null, "bR1PA7ybg1G0Uapcbd":"IC7K", "RtJadyxW vv":"kk", "FXohpnVpkmcOMNoio
Tq":[3.84714e+06, true], "UD gRGP8FHr"mCVMTcE":[null, [{}, [], [], null, null, true, {}, true]]}, 5.91272e+07, {"Wt":["\fViXlH1ZvrkK3u7XS\"c"], "H
xbR1F
6DhGNLm":"hf1jz01I2dH9V\"cHa\tll", "swVn":true, "b
4Gn":false, "TOCF3doQ w":"6iX", "2":false, "b8iPPxk55F48BHHZsv":["c2uQVWSfa9jDO", "5Fn0\fUgj\bP", [[]], "DAAh5", "3bOf7y", {"eTsd	5z9GgUv":false, "z
N	J ZvYTZ":null, "FhuZnLtJRIgih4WBR":null, "TBjqEwK4tU":{}, "Ur LApdp":"1\nvPa Kt5TQKc9aM\f", "a9":7.14386e+07, "y6":true, "bbzwG
":"Huvn6YPcX5uJnn62\n", "2C	fXK6fUmNV8":null}]}, 2.94821e+07], true], "Ot
vec":true, "PzOTtrfmI":[" gk 5iuCS\bu\r\tGMzJU0", null, null]}, "nB2x49oRS\t", true, {"HD4kXZKSGk3a":null, "1
y6hZm":false, "K
Sc":false, "wgaM7IUvcx6PKXhE2b9H":false, "VJdhO"HYyAaoOAi":"L52g\fy4", "kyeLDsL"ymW2":["X15joPy5f\n", 5.52272e+07, "6lZ3HY5ezYiWf", null], "BN4mkmKma5":true, " XglzdRiqd9":false}, null, [null, [[false], true, {"83o1":6.60753e+07, "fPiOHaLAnvo":"5RDIi QCn", "QG5l36ao3C2IpxlVo4h":"WvX1B5Qi\fSgP5", "Wmk86rUak ":{"LjRZTs17NjLvq":"acE", "Qg":"\nGq2hGi8ANijqC", "I7W88z
 Q":["7\f\"4IgJ\bq3EH", true, [null, false, null], 3.00038e+07, "1ULAo6KeM\n6f\nwPijXK", true], "Kv3ya
OK":[4.89784e+07, "njrukChcVK\tE", 7.24021e+07], "LgR0JC4HcA ws1B16dnT":[[[], 8.06946e+06, "15dU5\nv1exCUNKEM4cm8", {}], [[], []], true, false, null, null, ["uFiHM4MEMF\f", {}, {}, [], 6.67952e+07, {}, {}, {}], 6.79397e+07], "4":null, "GMM4vWow":null, "MgJGcBTP6":null, "2":null, "D dQ7S45R	9MWZRchD":"Z1XsD1Ce"}, "02B6NFVs 5Z1qi4E":7.2054e+06, "O":7.09749e+07, "c":null, "XVrdQkobaHC
xr61":null}, null, 3.35415e+07, [6.66036e+06, "8AU\"", 9.17697e+07, [[], [], [5.87914e+07, 4.7721e+07, {"RdYRdMcJTJuF	oGXZB":{}, "uDqxHZNrlJNQ":true}, false, {"D8fixbwQf
yS kYw":4.26611e+07, "xe44":[], "T":2.32236e+07, "STzVOXyEpJZO":{}, "psDWXtu":[], "0QjFSXCDN u5Kj8":"kuMPT05pCM E", "kTg	QezcdtLCy":1.53494e+07, "WXa r":true}, false, "s8\"sVDSTe", "wnImP\njVC5p", true, {"pD2uHCh":{}, "2cZ":"0Q798c71RB", "iAkf"ugXe	n":null, "0TOw":null, "mZwTkW	tlSBDyU":8.89469e+07}], ["d\t8C9", {"MnxKuir0rPXU0cq":2.11437e+07, "7ijUzp5yhTPDOYuDv":4.59845e+07, "zE":true, "rEJQpgNupih5":null, "4zR9e3CewJ":false, "eIbXoPAgA5WTIKGs0":[], "H1CT":2.83316e+07, "9S":"\bS2\rs8HnA6w1s\r0Hsu0", "vjRh
P9jD":6.91544e+07, "BHT1kfo7":{}}, null, false, null, null, 5.2673e+07, {"":true, "zVqOWB5o3D":[], "daw	wlMgI4W2v2Z
9SX":"3aXZt4", "IH22jx":6.36678e+07, "q
H":true, ""TDZHSWc":"7QePbZg9hoFoOG\n39a", "z9p8":{}}, {"hV":6.8396e+07, "CNRB7vweCu0XwZ":3.61625e+07, "G66KkbTfCJKRH":[], "UpTwGVzkaGIBlp":{}, "N9jAPx56YF":5.75917e+07, "kfNtoSNA":null, ""7D4DobHaFr
6Sa":[], "X":{}}], "G7FOxmg\fATiHGO4wA5u ", null], {"Jl8O9AqKJm"":["TXrjNxa", [6.88042e+07, 9.46669e+07, true], 9.37059e+07, true, 7.5876e+07, [6.77007e+07, 9.62185e+07, {}, [], null, "1w3T2O7Ghz\fzjHC", [], 9.1183e+06], {"8DKa"JzOl":true, "g":true, "UwL46Ki2hJmk":9.36277e+07, "VI":"t6GI\fJ\"un2YSrL8P", "z1Q":"b19alX7bu9iK"}, 3.15427e+07, 7.89076e+07, false], "ZMa0az89BZTRbV":[null, false, null, null, "Bcwmdj"], "mxFhMWceA":null, "0Jrazwno":[true, "UoXqcHrO0wsRfpds", 9.0622e+06, 4.36362e+07, 1.12551e+07, null, " x3SUZ7f7TXheE5", 2.5623e+07, {"gt9rsZ
":"IyCnb4Zp LHVgjC9aW\bt", "
ic8"":false, "vsWk9XOElf2QgD":"qWpxgjopote", "u	jwICwg28":{}, "IcrLTInCEL6yi":false, """nLIp":"\f9SM\"TJbOCiW94", "wknYQmHRdKIxJU":null, "l":null, "ZpASos"y":6.7699e+07, "NvreE
":7.95042e+07}, null], "Dyd":6.48322e+07, "C1fK":6.4196e+07, "4Bx0xKHYkN":"D\tyU0em2\rGj", "bHsLbFCr5Kut	 Gl0Q":[{}, [true], "Cq5bN", [{}, 9.98097e+07, true, {}, [], null, 7.34658e+07, null, true], true], "YWXbFQa MSmGe":null, "3Q":null}], false, "0\rJ\fzIkOA", "EiuMq9nUEK", "IDk\n927KPtKXr\f\b\"Q\"U5"], "51UFUcDDch8", "\bBiYkSjfQopb\br0 6\b", true], "XuTtVXkqNTsvS\"SKW\nS", 5.47277e+07]}, "oDT7Il":4.79021e+06, "QJ12":false, "wePj":8.08951e+07, "y":5.63676e+07, "0":1.45872e+07}, null, "wQYPChxi 8", false, null, "IcSRSFCj\bfrEzGpXb"]
