["6\fEiK4DAzVLvMTjr", "n7yMpW\"sRg\fviyqdp", {"dyYNjmJWtQV":2.35077e+07, "sEWOlpMNjMKEoBXvl":{"7PbcKvxwZYm3DmWwwiJ":null, "
9FO":[6.28638e+07, null, 3.4236e+07, "OVRDjCPbB", null, 4.81934e+07], "BrYkEvDP0":"4QInt6yBckO\r8TPVdA", ""wgoCheTz":null, "NK"U
Pib5	oZMA":false, "7hn""KQfC
QQw8Nqa":true}, "nuBjb4PY3Ty"V":null}, null, [true, "Tig\fQa", "3S", [null, false], null, 7.15659e+07, [{"wiNo":7.97963e+07, "FNJdI
i3PqubV0i":{"wc":false, "lqHMrwcwhm7H8n":"Cce\teM"}, "stqsF7bVtqT ":1.74821e+07, "2b4Q":false, "00qksvsZo":{"g5S6hl9PYP9":true}, "5"xhbHi":null, "C3f11uG5Pyx
3":true, "BI	cL"PN1gu
rK":null}], null]]
