[true, {"Gmz":false, "IN":[false, null, true, {"14s8Mcv7Z9":"REQAK\n8BwE9rLpNFA5CO"}, {"PbW" 8wwf	B1
hTL":[null, "qlZ\byUrb", null], "fooSx":null, "omNLOr
yC3 a50pph":6.82202e+07, "Z2rXmyCcUJ":3.64876e+07, "PP9B Qunsj7
fDZMNc":null, "9bTlzDAvaDMHO3M
4p	":[{"dn937NYasMiJPi":[], "zklDM113":[true, 4.12946e+07], "efrcEnaHi
FcOhZWfwV":false, "BeCTh3byaMPAR":3.96625e+07, "8":null, "GHAO":2.89227e+07, "W	s	6DjTU":2.49388e+07, "sBSE5gf3WD8xx8J3":true}], "knG203QzCvCW":9.02438e+07}], "nh1oiW3WY
vIAVDm"":"8eFAL9SvLKiBS", "7X":true, "J6feDpx6Hl5DZk":{}, "V2jyrsGv MrQR7":[null, false, null, "4QnaO\bK1Y", 1.12495e+07, true, {"Dfn0Ii99oH3JH552SiPC":{"aQ":3.09903e+07, "YS2qlg9r4G7vI":false, "CaqzZ7vdD":true, "rIGoK9mdyj7S":1.76021e+07, "h4z
OYaJ":null, "1
bMsI
L":5.61727e+07}, "Hx06TD8T":[true], "jYG":null, "C":{"kT":2.29091e+07, "OsjS6dSxIX3gK ptu":[], "ueVTqVU9"2BEHIlbtx":null, "71yW7yGdqFS1oJP UoY":"\bovCnLzAluBDxPY2\"RP", "IxcHMLo e0Ogfrz3":true, "x97cM":2.9362e+07, "TdAIp":[]}, " q29q1N7C90ruJoU":null, "S4p9t9xmQdajkmb
":{"2SW0QC2"GG":null, "zm4EI":null, "KQ6G0WUr":7.76987e+07}}], "Gdlmjg":[[true, null, [1.08298e+07, {}, null, {"jRQ":"wRfN", "t":"D", "8YAPVV0":{"lncd":null, "YwKPFJQ":{"0O5om":5.8349e+07, "sM73BhG3":1.30974e+07, "u4MlJSgxLxXQf":[{"WV0DXiRF8ODNRYw":{}, "c06":"COS0\t5HRFlJCYiRVq", "d3":"uxEbNOCln0", "625n12Z9":true, "y":[], "QCOp":7.89935e+07, "mxQ7":{}, "hUPPlLf1undRuH":1.62251e+06, "Jt":"SGK1LIeO4f16k"}, 9.59563e+07, 7.29702e+07, null, [[], 3.14257e+07, null, null, {}, null, 493151, false, {}]], "U	y"7zMA":true, "vP0RV6":{"p3ka":["3 SHyABdyUfi", null, {}, 7.94951e+07, null, false, true, null, [], "0e\rhP6KeKKu"], "
EOinHoXs2i":"AbwEWAANavoa4c", "ghf6V54":null, "isGxzOhewHVWjrmQY":{"p5Qq"2HwJBMpC"":[], "v":null, "FR2q
mhkN1RrLCQs6HyW":[]}, "5qNZL":{"Jg":{}, "uArPKfS
prO":false}, "bFg":{"n6QGs8N3yk":1.37795e+07, "sUHUeIeomMUquN":[], "L5 O68":4.62689e+07}, "s0 vs"2NsMhzBm
0EH	3":false, "EELM Fjnhy2tU	u9t":2.22353e+07}}, "xuUOsO63l	0VorwqO7":[], "bKlNRpmx0g":{"yCzWh8NTkbzGFnK7":[8.62602e+07, null, true, 8.89903e+07, null, 9.66226e+07, "6", null, [8.57596e+07, null, true, "uF", [], false, "oOLwHEcl", [], []], [false, "7V", 1.91229e+07, "\rXW4jqyPh h2wGEJPA"]], "5":7.81818e+07, "YhMa7munOq
oZc":{"tRWTI1":false, "P0wd3Zha5Sv":{"vcSoBIG":null, "rP5LRk":[], "ZECG2hYckUhcoDxkS":true, "yH9pa":[], "Sr":[], " E4lwZt9Ecm718K":[]}, "Fy9qcR9hr9":[[], {}, false, [], 3.33056e+07, null, null, "GPGmYCiClAf7ztcbg", null], "J1XFi9mvIHtP34Q3H":false, "Sf6eKrL"9":false, "yUAieWSlQW3JRiTfprb":9.04965e+07, "PRDprtnh":"xa\nJsAqok\f", "ABk2O"FJDo":{"rAlcQP8QD5ZE1A4gSjZ":{}, "j":null, "h14JuFO60TWCe9uAc6":{}}}, "WVqNm3MG":[true, 7.87568e+07, null], "QgwWIjGGSesNVrG":true, "fZ"u0bMeHzu4TY":[null, [5.76643e+07, 7.71803e+07, null, false, 6.07848e+07, true, [], "4UGXPwIz", {}, 3.08821e+07], [[], {}, [], null, {}, [], null, false], "c", true, {"ikMsuyc5F8fm0Nv0l":1.35658e+07}, 5.34878e+07], "Rpgmbwr":null, " wBNQ4Ex4w":"1Bv", "EWvlxzOJH4OY0":{"UpCWACaQPr	437Ob":true, "X8 Xt5viN":8.88993e+07, "IlTWAy GzRRO":"vO7D\r"}}, "HWp":false, "k4f	JWT":"IMo3KYCl", "IM":[], "3PGjbGC7JMRRz1":4.40856e+07, "4lldF8oe1
GYU3":6.6187e+07}, "822LJsfhh	fv
 kQl
T":null, "TPPFcHtaGaKPk":{"R
l":{"LXwbzqP0rGl97pIEc":"MrDjY d1zptbiOTG", "VzQwFZ6PigeFtNA6Vw":"k\rHlX", "R7CkNudEhFvc":"rc\b0\rFx3Me", "LwERb":"Gi\"ITSziNJMgPAwi3nw", "iwXWtv7hbz":null, "C
2i	YT5mI

R"":[7.0518e+07, "R Uo8U8m5", [], false, {"ezxkZ":[], "l2V4C0M"LQXZ4CY":2.20269e+07, "29Bvmkew":{}, "wXBO6Kywz
r
5
":null, "Dr8e"I0mMju":false, "heQ d8RmAfKgGV3":null, "8T":null, "lWE8YxA1pN":{}, "l8oGtFhjiRcy":8.71554e+07, "klohw":[]}], "bmYVJd3Km bIZK":1.14512e+07, "	pkR9vvBlrkx":{"ZCdRgg":{"76w":1.59424e+07, "3ngRxm":4.67352e+07, "Iyf5sCBr":{}, "Er
eDWdIV":{}, "uihXDq":9.37685e+07, "J":"w", "g4z":[]}, "BL":9.54852e+07, "eUcxaRnxV":{"Z	pQShPHJCVa	37Nit":9.84011e+06, "8H":null, "UA
ik4yrJG8OpXnvloJ":null, "5M2HG5":true}, "a9j7iNn1Zrd3
ZT":null, "6gZikr6":"vHb\"tftJqEcn Y\rt\t"}, " 
 LaHUspHo6n5":{"WGZ8Oc2VbGalllQ":5.61879e+07, "eo":9.00356e+07, "tV8cwQDnGp":true, "xzIcHVnSazrZmJZy":5.99937e+07, "m4bYD8":{"4":false}, "XQJ":"T\b0TN 1NZ", "l589":9.41305e+07, "KnvQqDZ	":true, "jced6 0Gep9":{"NtNJerF5eoocjzbakSJ":false}, "8Zl45heB
q89Q":[true, "D7f2eH b5", 6.83956e+07, [], [], [], [], {}, null, {}]}, "U":false}, "Qx7":null, "n1i Y9Z5xR"a":false, "Z0xbG9VIS	XwDEqLJ9":false}, "6OcT2lv	SlyU0":true, "gQx qpjYAbQNVGj9CwX8":3.29878e+07, "	DY":false, "OmlD":null, "waN AcjQBSLerR":[{"qkPekWjdAGCsB":true, "ZlJiG"sBWbOgGiF":"j", "TYQWii2NGT4"BnxgCmh":{"Scl5QCPiB9kE07k":null, "t94J":{"K6ACB3 Hm
WeymYWr":[], "LYfk6eOvtzE":{}, "6MeyT0m":false, "n1groJ8tEwd4J6j8ask":2.77707e+07, "4k":1.30007e+07, "F1m0aHXqYP	":false, "c":[], "
LzhV7DbUr":true}, "HFUnroxaRs9cxjkM75Y":[7.05431e+07, true, {}, "H bu\"E43I\r 5gyM"], "c	coC":2.64492e+07, "d9hWwDRkcHPZ7Gt b":{"PjUcTQPW"uxsq1G":[], "rH5
	":4.08486e+07, "yScX3Q
":false, ""UjHXWZ7X L uNwiT":{}, "
K":null, "xT CH	xIDLP
ThAc2":null, "2FHLqH1WGvFbeBO":"\rk"}, "0s"fSm6f":[8.51123e+07, {}, 1.17968e+07, 1.37785e+07], "BZs"5zl5	2kaSu tN":"2A2aeMwZpjY", "GVwHlFYwhgE5Poe4i":"FkKGK\f6x2xKpX", "PHjxQmt	8Z2u":"IGzRWfQedDJwoZK", "YoI":true}, "
PlMqdWngYYRZkoa":true}, "\fD8udf1 vy4W", "UX1Kc2gPGZQ L63E2b", {"
G9jSV GpbFYOfYz9":2.58712e+07, "4BXVW O":["NOc\bOmoVeV\r61"], "7wYHu7lT":"5\bD2aUt\fJ\rUi ", "V7U":true, "GnV apv":true, "zt6inVv2nthc"21mh8b9":{"oW MnSlOL":{"XrepCtNC	Vksm3X	 fi":false, "rZFXDGXbpooscy3m":7.14315e+07, "mKGLjCZR gTj1JkF":{}, "YYQJNA":null}, "pobFgCfscL8l9lpqe":{"2jsPWyI9NG2BAk1H":"QFK\ny\fHa3K", "jjNF":false, "C":true}, " N7ld":true, "x9N71VULflC k":true, "vhX4RsOr2aoe4zt6R2":null, "MgPAu6i7"h4wvmYrubN":9.11419e+07, "O":{"nUeelCud":[], "MyZ0l1rtVdtMh9":false, "sX7
Y74O":null, "GpogkI7PrNrJG":8.07621e+07}, "gW":{"Mb79QqBUm":{}, "glQ9gzUn2":8.04931e+07, "0j kNwm0":null, "AiJeOXP25sF":[], "y"wEoU9Twn":[], "MRlmLgRA":9.45075e+07, "ASB":[]}}, "sfjR":9.78406e+07, "3pEXk4AU	Ql":{"5L0e6	Vgte":1.71158e+07, "VHZ":"WKxhkrP", "4L":{"SP":null, "X4TQ":false, "Y"bGGsavH7
4MM6	j":6.97192e+07, "a4sCYU"Qz1
iz":null, "HPWiMbNB7XSOBNZ
bQ9":false, "HM42WMkegIMFIU":"W"}, "kVq0xlv13PRW
ql"cK":{}, "fO
Qqvwn":{"3b":8.96354e+07, "
wjuwE
Jn":true, "jlBB5LI":null, "l
YMmlw63TIsOKY":true}, "s8uKSQNpd":true, "6Pphb	Po":[], "av4Z":7.58478e+07, "OLP7xJ	IHCf3 lJHBE":4.0413e+07, "YRXQnhO1v44d":false}}, null, false, "\bB", [[false, {"y3x2ceG7tOL"f y2":"prA2QvLfD2XiC8", "9Z5gq6":{}, "Mn3AedECFUSrTEfneP":[]}, null, "0CUYcWOPypu88PnC0", null, false, 3.55788e+07, [false, null, null, false, null, [], 6.29128e+07, {}, false], 8.46601e+07]], [null, true, {"FfZryXL9":null, "c8ZyZi	fwhNJKhVj2B":true, "TaYvZ69ngJq	1vMM5
":{}, "J9
5r"CopvJlyTGF4":9.19214e+07, "QZc5TF2a ":null}, 3.02361e+07, {"X75KCAV":null, "1wUpKeno3WvMJqo"":"ChXSR\nqwOb3\"NQq8m", "kvM":{"ZJjxXO
yyZ0n"AzC":6.50854e+07, "LWMB":"IukcegsuZEXC kSR", "
P":"VDvUI5inCZlbwkaISr", "AY8d0Cocv	D7c3Eh":{}, "7":1.57402e+07, "aGlRXr":[]}, "dV9425UctiFuzRKHq":"s\tOnFJn\fnUjSHdUub", "T":true, "E47W76GgGG":2.06606e+07}], {"u6slza6yYSnG":[], "C":null, "
RBkRFYPae4"4ApEM":null, "SMEl1W0x":6.49907e+07, "P"c":null, "3F9xJt69":null}]}, "h65\tC2KD 5QT6qgN", {}, {}, true, false, true], "l\r\fTC"], {"8QocNOdt071culmpGGz":null, "hjHMZysH3uEDEz3IR0BN":null, "MYXJKTfCasqLWqPg":[9.35458e+07], "YeUd":"E", "PYX5Yg":7.03167e+07, "o":false, "F9I5e	f":"K\"T3UX\rAdJU", "2glxlDLhpu z3GjhtD":true}, [4.64303e+07, true, 6.38773e+07, true, {" 5WgHZRvD31tFmRk2":true, "kWAIHU3 k
ApX0X
QF7C":8.45774e+06, "ZuflkjefXevUMFSjaje":"VsZP", "5fNDRq7BDy":[], "GY
imIZh":3.66148e+07, "dsd7op2e7aNWlXI":"6UlY"}], false, null, null, "Kh8l\rJa", [true, false, true, 2.55918e+07, true, 9.66961e+07, "U\fgVRJX\nZ"], {"HULC3nPk
DuxNjg"xd":6.56576e+06, "uNlN"Z	STrCRGyM":{"SYY5p ":[6.12701e+07], "tcYV
fkmc":[null], "ARgGTuB":false, "8 yHG":"x\fgMsm", "1411JoRBregP":true}, "n FRYPZSVeTyb":{"ToF":null}, "cRujrhBxYcoJ5u o":[7.53175e+07, {}, [7.43105e+07, false, {"9eY	5":7.67866e+07}, [null, true, [[], 6.66859e+07, [[null, [], null, null, false, null, null, []], true, false, "Ak Z", "Xq", {"DoY":5.53776e+07, "D6ETA6n363pSo"r":[], "FjdaEeizP9":5.8945e+07, "T82s":{}, "qDGtfOf4Ru2":[], "hF
2dmC":null, "hCcuvZv
jt ":null, "lEMy":false, "eO":false, "tW0vzPuYvW":null}], ["N", 7.91747e+07, false, [1.88314e+07, false, {}], [{}], true], "OrZ9jPmri\rZ\b0\bFEi25", 8.76296e+07, {"c3tk":"MVBVv\ryud", "bgCJHVhzg
sy"0GQM":false, "Qwt	ThS5Qc6sy3	k
vx":"Lk\fbXbBd\reQb\fb\flO7\f", "WNuOGlA2E28Fdyni":false, "TAjwtY":null, "p jQpvs0SFFX	BJQG":null, "TScvynw":{"W
sjjFB
9":[], "Wgw	X":[], "0":[], "jwB7F":{}, "XMgcuDyk3wACb6UBI":null, "cjOxc5":4.57403e+07, "WJ85idth":false}, "G DKk2aoJsD1RI3I5ND":"APToC3uH\fCOU", "vjxwffdNEKnw":1.24662e+07, "SHaNp BkTsW9"TzAHmNf":null}, 4.62545e+06, "Y05\ba1f\"61qDZ\r\n"]], "ntDsFqity \nSraYQe9\"1", ["bSrmwN", null, false, [7.71116e+07, [{"O02K5eaY O 0Q	":false, "8FF5pXbwRut8akYm1":null, "UNH7r":2.14801e+07, "iVIwxd":null, "O7"9FmQzmInZjq8g":null, "NJHbE":false, "LaN6JhBqF7Oxhx3X9hX":null, "Agq"BreynXEU":"lxXTNNcV3iu3OGrae 8P", "x7uZOq6":null, "vIwNJ4p2ENVq77d":[]}, 4.71702e+07, null, {"DD BTSdbtYK0d5WWQ":{}, "txzGWJ9OW0vQU":true, "
LEtE8oR c0yr":{}, "6Dvf
cvwHimx":7.98076e+07, "F LGu2glM4er":true, "TDm":6.94701e+07, "ONBZ4p9M":null, "RiuXwK	A p":[], "	U46T8hAdO6yVlF e":false, "4":false}, "L", 8.80176e+07, "\n3anR\fSYw3PC\n"], false, "t3B\bd", 7.68078e+07, "IYlP", [null, 2.79765e+07], 8.31672e+06, "vDD", null]]], "80DZTfKCrV", "vEUF\tbSd\"IqPOT\rd7", null, {"LdnNHtk":null, "
jZ":{"lbU"":true, "1QoxtNCTGCFq":null, "1oWvN	zrX":"jM8OQoNdd\f\tsTEa3dD2I", "CDw2WKaW0aRq":1.73124e+06, "Llb"z jjCRQ30":5.91058e+07}}, null, false, null], "e4V"IJhu
PTsFQcj"":"LlDA", "o":null}], "W":"sB61G"}, {"	Y":[{"zY":"QBG b\tu", "e":null, "3OIkVKNSFfVuJlIePj":null, "q4fu":2.78297e+06, "iWVquqqgCGNPcuXBEW":[]}, [6.71041e+07, null, {"crI	rscmrb":true, "9nUQI06Pql":true, "04FmWIDzkO46prZ":3.57972e+07, " Zzb2O6hamEsjR":[{"bQ":null, "1gnMJ IdI"	zQDcu":"9sVCMJr8\fNV2lX\b", "Rm8y"WG5e apH6zW8":7.36288e+07, "	vyPf5kg":null, "cLWPU
LMeW":null, "N2n"ErxDOzJxi":null, "zNbkKIVERqBqx":"I5tEBBC\tAVG dQGNkjHB"}, false, 7.2206e+07, "V3HmoKSX0ebGiLcz", 7.26322e+07, "alzy7\t3Vzq4"], "GHmbU2B0EO64":3.55337e+06, "i8JK3KfQtEv6 
GdIfp":false, ""1eH0IE":false, "vdq"x"Wa89Fio":{"fCIu""vW75czw":null, "uheVh"tJhdbDR5A2o":true, "KFHg4HI1PLb1":false, "IdtrqIUCN":{"A":false, "7g4z	HpB73Pl":2.62076e+07, "vf8JfQiyovtKVmTCi4":null}, "Zv9iztkt":[{" 4":{"9	St":false, "z1hEW":true, "4uVBctmS":"QHq8U7q SkNM\tyOd", "S":"\fmmc\fLv", "S"C":[{}, [], {}, null, [], [], {}, true, {}], "efrCEq25A cRPEbn"9M0":{"4SG5pf":8.70649e+07, ""L":[], "wUdUGUa4yqxv":null, "Lljgwmzb5E6j":"ZS\b", "PUvhbxtd4eAwv1cDW":[], "r1L	CrLDx"StV33X":[], "4gcLmWhc0CA055":"eJ8K36\rygStiSO1AH"}, "Ju1a":[null, 9.4264e+07, {}, 6.44245e+07, {}, 1.81222e+07, "p"]}, "EB91":6.33868e+07, "XR0
LgfswZw7CkQ6jE":"ymQH\rgR6OflY", "2B1QtiBnDG1":[], "99aoTRMWJY":false, "Rsdk"a":8.71254e+07, "08":5.59312e+07}], "Shd7x":[true, {"3Ihy"wVTV
m":"57MlNthQ4r\bnirM", "sSFuKjhGb	iK6Fh"":"BjMB6", "WlOXBUDs":{"N":{"6EPbJUc":[], "2m9SR 8KI2y	":true, "Us0eWHiZe6E":[], "segVI":null}, " ugQVFIA8T"":true, " kkTbd":9.65763e+06, "aSsgROOQ852
":false, "1	":{"2":[], "i":"aLT\nC", "1dRl2L3X":null, "A":1.87896e+07, "w":false, "KXiOH"HUQKIOR":1.91466e+07, "9iQmArw":{}, "Psh3jp3g8xjB":4.20155e+07, "Np2gph tqgut7Yc	Aa":8.5326e+07, "1eQ18nkNVhfqeA1":{}}, "vV
uJYL":["G1fg6NjDVc", false, 4.73447e+07], "oZpLW12 g":{"MMW0hPTU":{}, "xu4":null, "ki5":{}}}, "ph7 MV"PccuuJysq":"8\"He55BZ"}, "ip\"LRNILoCa5x4ICU", null, "r1Bow0P\fF1Qo1t"], "R":{"P3c":9.46597e+07}, "FU4J2jymY":{"ivT":"r5WI3S", "lbpH6Ib ":false, "eQ9rTDJ":null, "4OCI":{"CmYMBuU":true, "PQsjwzjfM09S":true, "O "t08OXK7ghvya":4.81495e+06, "Qf":false, "OIbeOnn"Ug9dWjyqWaX"":true, "HfdF":5.07447e+07, "8h3oCDKPMW1zenpz4":7.70413e+06, "YMJeCEu3Nydbjcg":[[{}]], "IF08d3C
":"j", "e":{"z57kXJAgvB":"u\"9GH6nzNFwQd3"}}, "XyHXuGzkP78VYOz5 0":"nuRzhE86KmNVhO\n06x2", "BccD99BHwxfi"":[], "KQSSKBDW6k6":null}}}, "AOobwOlsIHtxWe"], 2.31248e+07, [["G\f", 6.58446e+07, {"S":"2p4gxkAgoLvni", "Hf":2.40098e+07, "r":"cfG\tFC2Of1ABGC1zb", "nzUFnm":"LkKm8WH0", "D5fCiWaUmS":[], "jMSntjXSdHne8tpOy":null, "s5thrzaq49PhKI":false, "RdAUxrq ":"Z\bs7", "Mb7VTtyp83v	x9ZW":["rZM5S\"SmrlOjAa", null, 7.66941e+07], "Dh"dxih1hzQYmtaeZI"q":"4\t6C\tT Q"}], "r"]], "8":5.75329e+07, "N10GV6TXatzBMq		":null, "mP6":null, "Ar857X5	rIsm	svrH	":{"6Wi e
IKPULcfXRx":null, "i0Cl5	U7":{"8":3.66244e+07, "Wf23l9NL2y0gzuBn":"wHO\fyiO", "51DsC":{}, "ls9T1":[true, 5.7663e+07, 6.35583e+07, false, "\tIihHvY8Z\n8 Yn"], "M3lNeUA	kwG7fLso":[5.77099e+07, true, null, 5.03532e+07], "oiJ2	WPoLsEJr79W	":7.02174e+07, "	myNavn25JjE"R":false, "UqS	fTQ	YJIqqbH
":null, "Ql":[[{}, [], 4.15649e+07, [[1.94004e+07, {""XwZa9ErvTR7GWbc":null, "b2Isz	ii7A6TlXCof":2.93895e+07, "61Gb4w	JC2CB0nY":"Z61hJ\tS6P"}, "m0z"], 9.89605e+07, "EXpLeZMAGqi5k"], {"4blHo":null, "47V":{"2BxrDju5RtrhIL 6B3":[5.7087e+06, [3.33586e+07, null, null, null, {}, "WYCGl", null, [], {}, []]], "8
"jUe53f25iq	x8W":[5.62843e+06, false, null, [4.56262e+07, [], "Dz"], [{}, true], [true, [], null, null, [], null], false, {"JbE0RH4":4.29174e+07, "2uUVzV":true, "":{}, "len y1C":null, "HH7	 Ff"
V":2.45121e+07}, {"b7Wc3y":"URjEqrjkY46Tbr2G1cW", "ExADs":1.84464e+07, "rF1OU1EU1WB80NWy":null, "kK"gmp0QKRpqMe":null, "q
Ia":"gpqnUqL7YPC3cLF", "FQ88pHHvCs":{}}], "HWhzUMlJmxd":[2.55762e+07, [], 6.5385e+07, {"cNle0aD7XzZL":true, "whPx2l2m7E2L7t":7.41655e+07, "Q0Cx7NMgV UMQ	AjwW":[], "jG3sGY2riLUZKSgsEU":null, "E":1.32748e+07, "6AC5WkyK6CX ":"6bl c", "3xIEgyz1R":false, "aCYa":{}, "VpYNDTlW"fPTi"2nMV":"ubU"}, {"3jMk":"iUh0WqtQDeBmIUm", "TLtZR5SKWCh"vHam":true, "WQxB ":null, "7gAR
GheU7MkU5vjJc":2.19114e+07}, {"M95ik1"fqat	N":null, "f61PgS":{}, "AThgctEHM":2.78419e+07, "y	":false, "KNHMqrhgCB0":true, "CY3DI6IU	hpdrEpN01r":false}, [[], {}, 7.96318e+07, [], [], 3.05272e+07, [], "M4sLE\b1M3Wh55MiN"], 7.39717e+07, {"a0J8x0ZB":"sz9", "GIaSJs46bIhjm Jk8vsk":null, "RB2UEooSGCNOR9":3.86388e+07}], "WPuk":9.47702e+07, "h":true, "GWexFsWzWhomA":4.50803e+07, "YcQ3Z":false, "HV P":"AOg5\fEshsfP", "wdw9bN0biK4S8O	jwcY":{"co6J5Z":null, ""h pz4McO":"st", "j":{"7pg	t4rgfOJI":6.49702e+07, "E":4.52107e+07, "x4pkFnCNl":3.08542e+07, "ptgOPedR09546M2U5 Tj":"eEJfNt9HWGy\bsNv", "i":"c0j6pj9N", "UU	IsnJHXmLF":[], "wjjZ6Qs3Pu":"W8e\n SLjghc", "O":[], "PJXb	0"t2LpjTET":"N8tW4ggOcYBPRtT\"qgp0"}, "6ZU1oyTSKfYyDhUaXmzp":{}}}, "c4":7.14802e+07}, "\tJ", 5.01601e+07, []]], "HqGd"Z6k
KFyI":null}, "CXNTu0SA64kPTwC4bI":"U\tq839\"v", "aEHXvqAV9iTOn"ag":"dmZUZ0yJRDa7Ui0JydFn", "tCAjTqwxjgpkFgAFByQ4":false, "ZvCYmA0LDx":{"tRSXc9"
1":false}, "5SETEhyUJ0U	y3Ec":true, "qJKhC5Av92NA1p":null}, "Twhhgg":false, "x8Z8s":[5.14608e+07, [{"dCVJT0dODI"":[[{"DVljA2a":"ssWrp\tuy\tSG", "uBlhcSEp1":{"b9Uc8WdJ
WKIW":false}, "EnXYYVcxuN3UjYqlsy3k":null, "BNL7Fi6DCww	yM6l":"Lmglv9Qo6ZrqZrgZG", "e	j
Vq":true, "inp4dDYJ
gsDUkyx":{"Bgxale":{"VAyO0ZA4vqF":9.46138e+07, "	ujIJ kx":1.86448e+07, "62H":false, "CVaomkgtf ":9.46628e+07, "P64S
	jUY1C9":null, "VljLuPT8d":{}, "Sz
Vp593U":false, "yd
":{}}, "pHSn4wF":"K\"q0\"z0L", "dAuNeMhriw":null, "RhAZ3w2iLs":[null, 4.52335e+07, {}, {}, []], " xJs7uWKCb":"\rCh4Vh\n3", "
t":[null, false, "Iif\r7DlL", "Mp", true, false, false, false], "BWn1Z":3.00707e+07, "HLHuS"hpLKEM":false}, "HgFimCYXZZFv0woDAT":null, "5ilR"AW":{"2z":{"ig2J":false, "hW ":6.99807e+07, "G":false, "i":false}, "4":"cAS\tiYv", "BV gcnd4z
m":7.90958e+07, "q":null, "BD1":null}, "ZidV5InQrg08u"hXRpRy":{"Nt8	h2Ykv61VslF7":["J4yR9xUFhPDRyG8va\nn6", true], "RbExNX	rXgYB0p":1.91539e+07, "ROY
UzvbEnCXs0JaB":{"FvZ9k0EtflPSA":true, "zc2rU x7cI

e7RIWQ":9.36122e+07, "K7eNHUalJ":null, "kmZv1t1MELZ2
fZ	5":5.91253e+07, "Ej":null, "eu1Iugmj	
igd":"4Bx"}, "tiqM589LnbeXIoFQE
GX":null, "lB3qcyJtKwEjn1HoDxl":"\"VvfMNyleHzJoM1x0", "E
rXQQGjlC7t oovVmNi":false, "Psw9Zlk":[[], true, 3.87777e+07, null, false, [], [], 7.72223e+07]}}, [[true, 5.16876e+07, true, false, true, false], null, false, [8.02783e+07, {"yjITUjvNsCVRnU":[], "m5dfA":"cLNm\nBLK9E\b9HuXamO00", "tNUCjYG zA	irGHY":6.10873e+07, "G":"Sb\"1SQfqZ7YVW3\tBY0N", "JTcnI3cjOZ9Vy":{}, "hvXNPyyM74TD9nNTO":"NS1aRUd", "j7u":[], "vWr":"Eh\fJg", "drBHikWq3":null}, "APxz\n", ["96Ig en8", true, "hS\bkV0H7BzxbA", [], 5.59685e+07, null, {}, false, "8kPs3Ewf", "\bnZ"], 8.60889e+07, " nLiiSD", 9.51463e+07]], true, 2.07989e+07], "XGj0HJi \f\f", [[true], {"H50rO7":"Z1WgKiyoo\fcD8", " F"Yj8XSvBvRSK":null, "bz6mSX uQ	
xo2i":3.43019e+07, "w":{"J3 4yn0bRPuJ
Q":true, "3tL41g":null, "nwcY309C1olenN":2.82705e+07, "XGnbn
KFMyMi2
i ":[], "pVVU"qWLfat":{"PGg"15A"q":{}, "pho	s":null, "mx10 ":null, "hll""OMf":true, "zII	ILeBNE	nxeO":null}}, "c3v80T":"b8mr9", "pUIvbP3pLwvCoJbj":{"cf":null, "ogt5mGHV  MUNlliUCF":null}, "UnwhGJ":null, "sAWjOpRiW
Hvp2Ppw6":["dcSPSPsLDXDYo1", [8.07198e+07, null], "O6AkhLDmT\"U", {}, "Iv\nWC1JR2si", false, "ArX1", null, {"wL0h":"GNV9gmdL9jI", "pFXPfZPtBsAJy	m":"gvgtUh", "kVFBbIYIwvPm6yndq":null}], "aoCUGd2tCif1nEpV0rat":6.10906e+07, "W":true}, [], "\t5", null]], "vrR J":null}, {"OvXGx1l6l7dmHSQke1bE":"YpCLVjs\t\"\rQu", "9aPnxNW":[1.15078e+07, "03E\tN9J\"WNm7TU dl3", [], false, "NSyQ0Bg\tt3muJ"], "CC":null, "Du":true, "Kp1"TJU":[["bOdiql", "i\bxXFTS93x\tG6hoX", 5.62679e+06, null, [{" Cmro":[{}, null, false, false, []], ""4RJWWL	Tl XEsm1":true, "tHwRC8":true, "Ub1J3Tg4L":null, "wOz":null, "oXG":{"3v wa5WKFNM":{}, "Gqk6QyBAMV
a ":{}}, "do27u5j":true, "QkL8eS9VXUf":["rprAp3pglYz", null, {}, "QwaIPY2jgerY0F3Zu7tR", 2.19027e+07, "0GRLtUGllyeb", {}, true], "xzEYRA":null}, null, "hrAMbcZO\rw\ts\bBdQ0P", "G6qB\r1", "Uj"], null, 6.72128e+07, null, true], {"f3B"dAq":3.29931e+07, "	3yZnPSqI":"xYaIsuktaM ", "BOOAsH cm":null, "h":null}, {"23":{"ghRaXC":null, "ROh4Gd344YxI":false, "sOhxfUxQC":[8.68545e+07, [true]], "OA6q rAK2yqUDHV	":4.30869e+07, "FAYT5L6cSdfU6Ot5QQ	i":[9.81071e+07, true, "nS"], "sVGvs8M"ZEOaO":"uLBY4B s\"WF8j\tm", "	n08c":[[], 8.20119e+07, [4.47222e+07, false, {}, [], null, [], true, 4.10619e+07], null, [null, {}, true, [], 6.49779e+07], [8.35864e+07, false, 2.31758e+07, {}, [], 3.84884e+07, true, null, null, "6l13LkKX"], [null, [], "OCudh", [], 3.92106e+07, [], 3.30465e+07, "pAxzT\t\rm"], 3.8673e+07, [false, 6.03319e+07, 5.90143e+07, "uci\"2wFoD O\b"], [null, [], {}, 5.63125e+07]], "WXZw":null, "svY":false}, " I	aNEhJuZ":false, "qdZRqH":null}, 5.14561e+07, "ww4R\b\nNdv", false, null, {"JG4tY75":8.88108e+07, "i4updsm4lsuzKw4Es":"cK48X\n8xmIYihz0\"76O"}, "i9S\r\bi", [9.18943e+07, 2.05731e+07]], "17aUn0DCiFUVeNU"I":null, "1iUR1ZarQ4	 I8":null, "wHEgZo":7.74094e+07, "jpRijTUMVG4g4JDOm":[["PZ5WJph4V", [["Y5JQsYtR\tZ6\nttt", null, [null, true, false, false, {}, [], true, "8MctK"], "Rd92YkF106d", "PNp1eRZuXD\b\rWg PiY", [true, "r\rqnf2ZM8cmg0", 9.11228e+07, "Kz", {}, "DeUDXP\rbYiLYXVBqcR", "Riu1H\bQjFZ", [], []], null, {"dI3WcdxhRYNIy	2no":"clYvq\b\nxV0UsX6pv", "OW66pxrA":{}, "yxVAZpflKfWwYI	KCM":null, "yb2pIf07MfEC":true, "0HscjrDsvxO"":{}, "i58j
xn1a snT":true}], "AW07YWczHYwH\"QfkKWb"], "BnE4VO6svWqD\r", {"fcP5gC4xQO":false, "ABilmVZ":8.57002e+07, "ScTR7FL0 WazpQ":{"DfFTF cavE":"\rEA\fmr\tc8G", "EywAkIpM2 Vr":null, "3 HJdY1 yo0P	p9O":{"Du8YJ"T5":"OsKm6\nuzWe\fka", "047sTLQoROD":true, "sF"o":3.18467e+07, "U":[], "XKyqBpwxo":false, "jLu4EzeFe":null, "Ifyk6QLCmR6Ct1oe":null}}, "K	ip21sRmm2t":false, "dhgq0yrY":7.52122e+07, "fy0kR TVTur	gXhZM":["\fbWmz\"", true, {"MN8fw":9.86443e+07, "Jm38o4S3":false}, true, null]}, "9ZmOwgYF\bTi0iS1", "iHtx7jvSt4ugT\tmU4I"], null, [], 3.53642e+07, 8.75066e+07, null, 8.28074e+07, null, ["k16WjEs9j", "3", ["n\ba\nP3", "kFs2", {"gllhvFH":true, "Tgfnc7QMhTDNdl2":null, "fBKHq LDpvkgHp":false, "AKVP175yOh":"ARvCCn\nyB5t", "AzUJXGjNSp6VTm":"8e", "rbSAub":"3RDoFTTIj6m1kxS\bEYDo", "u61hyS	kBAenzqSMNhN":[2.10257e+06, [], [], {}], "8 ":8.20371e+07, "zb64wfXZh":null, "LVX 7Bxyd 8w	avppusK":null}, null, "R2DKR2\n\b", {"nDl":{"XGP74":[], "wByO8Asuxw4WGlkiK":true, "pkjwyE":6.29012e+07, "hto6yD":null, "Gydl4":{}}, "sogOgeEL"MIA":null, "Re lM9	":{}, "nhjIhqAsIcmpC2ENP":false, "Z7":false, "YTK	N90DQBGIXH3":[null, "Kqcha70lR\fMbuQ\b8R", 2.83227e+07, null, 6.92671e+07], "xZZJ5":5.25474e+07, "eYuDcYc3WlWVl":"ZqrD", "2L
VV4N6ez":{}}, {"9FwFgdy6DNyx6A":"R\t\b5Xo2YKPH\r", "nmx":[8.59864e+07, null, {}, true, {}, [], []], "E5R9e37EnFepXl3Z":[], "8xUo1vG":"m3u\"qX1gYXm\"201\b", "T ":null}, "vvL", {"yfSS5iK9LKu5OPP":[7.0668e+07, "\t je9pQT870tyXq8"], "uAA7fb":"sUbe1rfdLeKXZeX", "04z":null, "qywgcjN74Uf2g24w
i":[[], null, null, {}, []], "XeHLxyCgt2H N9nOC":[[], {}, null, [], [], [], "2mBs"], "tBz3oypro":2.25954e+07, "bCmyQw
EUhiqy8dR8":[[], {}]}, 4.39122e+07], null, 1.66438e+07, null, null, 2.13981e+07], [true, ["AM\f0RZcbNyC1d", [[[], null], {"d
CALrK7d":"HR\"XVt", "QBWSJ":4.26258e+07}, "5\fH9dGhHbQZoiVou6x0R", " I7E9LM\r\fwvZEuKP", true], [{"9W5I":null, "VHeZ	WoOsdMC":true, "tBmylZKRxzq":null, "Bk6HoMDp":3.38032e+07}, [[], {}, {}, "QI4", null, {}], true, false, null, null, "Oxh"], [true, 8.27475e+07, 7.69868e+06, {"Ub6m
":"oRynFXBFmi\nMX37y", "	kPmjv5":false, "iq"9A1Eqz8B5b"meN":3.40385e+07, "lq4suNwGT7nP":"J6eb\tMh", "MHi9MV1tuqXq5wL":"4IvWV89\"P", "9eqTgwAHfLaEl":false, "dj86oF"9C8	hAZ":{}, "JMzXEwVqV"zhaZ8Hd":true, "9A TuaYyLwD":{}}, false, 4.50215e+07, false], [{"hR":[], "NRSSUEvG3o38IvJwPj":1.82069e+07}, null, 6.68207e+07], null, {"WjcGdiAuE3":null, "254IT0dHk":false, "u6
":[{}, {}, 8.59334e+07, null, "U8iBK", [], false, "\tWA"]}, ["X2a\tQjis\roBY6J"], ["8vEPAe\nOO7hFkuIA", [{}, null, true, "qmarBhDheto\rr30\rj\b\"d", 1.16712e+07], null, null, "\rSKWAaa0MBq7NM VFj", false, true, [[], "I\tiTNVXu3\b\"G", "V OxA", {}, {}, "E", false]]]]]}], false, null, 7.11067e+07, {" J48Fu":true, "q	UkL":false, "O1Rz":[4.44087e+06, "\"xuF7QxV\"", true, [], 2.48398e+07, 1.32679e+07, 4.49738e+07, "baPD\td RxY\bNb"], "SrHAM4Q9L"rLoZ"":"Wv", "HBu
TjVUaFCx6x":null}, null, {"ElTVECgSKXNU0":{}, "nTZuy":null, "Pq5o":false}, 7.89278e+06, true], "f
e0":3.45075e+07}, null, {}]
